<?xml version="1.0" encoding="ISO-8859-1" ?>
<link_info>
   <banner>TMS320C2000 Linker PC v18.1.4.LTS</banner>
   <copyright>Copyright (c) 1996-2018 Texas Instruments Incorporated</copyright>
   <link_time>0x5cb8f1b8</link_time>
   <link_errors>0x0</link_errors>
   <output_file>Lab5.out</output_file>
   <entry_point>
      <name>_c_int00</name>
      <address>0x8f8a</address>
   </entry_point>
   <input_file_list>
      <input_file id="fl-2">
         <path>.\</path>
         <kind>object</kind>
         <file>AIC23.obj</file>
         <name>AIC23.obj</name>
      </input_file>
      <input_file id="fl-3">
         <path>.\</path>
         <kind>object</kind>
         <file>APU.obj</file>
         <name>APU.obj</name>
      </input_file>
      <input_file id="fl-4">
         <path>.\</path>
         <kind>object</kind>
         <file>InitAIC23.obj</file>
         <name>InitAIC23.obj</name>
      </input_file>
      <input_file id="fl-5">
         <path>.\</path>
         <kind>object</kind>
         <file>OneToOneI2CDriver.obj</file>
         <name>OneToOneI2CDriver.obj</name>
      </input_file>
      <input_file id="fl-6">
         <path>.\</path>
         <kind>object</kind>
         <file>Player.obj</file>
         <name>Player.obj</name>
      </input_file>
      <input_file id="fl-7">
         <path>.\</path>
         <kind>object</kind>
         <file>RFFT_f32.obj</file>
         <name>RFFT_f32.obj</name>
      </input_file>
      <input_file id="fl-8">
         <path>.\</path>
         <kind>object</kind>
         <file>RFFT_f32_mag_TMU0.obj</file>
         <name>RFFT_f32_mag_TMU0.obj</name>
      </input_file>
      <input_file id="fl-9">
         <path>.\</path>
         <kind>object</kind>
         <file>RFFT_f32_phase_TMU0.obj</file>
         <name>RFFT_f32_phase_TMU0.obj</name>
      </input_file>
      <input_file id="fl-a">
         <path>.\</path>
         <kind>object</kind>
         <file>RFFT_f32_sincostable.obj</file>
         <name>RFFT_f32_sincostable.obj</name>
      </input_file>
      <input_file id="fl-b">
         <path>.\</path>
         <kind>object</kind>
         <file>iir5biq32.obj</file>
         <name>iir5biq32.obj</name>
      </input_file>
      <input_file id="fl-c">
         <path>.\</path>
         <kind>object</kind>
         <file>io.obj</file>
         <name>io.obj</name>
      </input_file>
      <input_file id="fl-d">
         <path>.\</path>
         <kind>object</kind>
         <file>lcd.obj</file>
         <name>lcd.obj</name>
      </input_file>
      <input_file id="fl-e">
         <path>.\</path>
         <kind>object</kind>
         <file>sram.obj</file>
         <name>sram.obj</name>
      </input_file>
      <input_file id="fl-f">
         <path>.\ADC_TIMER_Driverlib\driverlib\</path>
         <kind>object</kind>
         <file>adc.obj</file>
         <name>adc.obj</name>
      </input_file>
      <input_file id="fl-10">
         <path>.\ADC_TIMER_Driverlib\driverlib\</path>
         <kind>object</kind>
         <file>cputimer.obj</file>
         <name>cputimer.obj</name>
      </input_file>
      <input_file id="fl-11">
         <path>.\ADC_TIMER_Driverlib\driverlib\</path>
         <kind>object</kind>
         <file>interrupt.obj</file>
         <name>interrupt.obj</name>
      </input_file>
      <input_file id="fl-12">
         <path>.\Common\</path>
         <kind>object</kind>
         <file>F2837xD_Adc.obj</file>
         <name>F2837xD_Adc.obj</name>
      </input_file>
      <input_file id="fl-13">
         <path>.\Common\</path>
         <kind>object</kind>
         <file>F2837xD_CodeStartBranch.obj</file>
         <name>F2837xD_CodeStartBranch.obj</name>
      </input_file>
      <input_file id="fl-14">
         <path>.\Common\</path>
         <kind>object</kind>
         <file>F2837xD_CpuTimers.obj</file>
         <name>F2837xD_CpuTimers.obj</name>
      </input_file>
      <input_file id="fl-15">
         <path>.\Common\</path>
         <kind>object</kind>
         <file>F2837xD_DBGIER.obj</file>
         <name>F2837xD_DBGIER.obj</name>
      </input_file>
      <input_file id="fl-16">
         <path>.\Common\</path>
         <kind>object</kind>
         <file>F2837xD_DefaultISR.obj</file>
         <name>F2837xD_DefaultISR.obj</name>
      </input_file>
      <input_file id="fl-17">
         <path>.\Common\</path>
         <kind>object</kind>
         <file>F2837xD_Dma.obj</file>
         <name>F2837xD_Dma.obj</name>
      </input_file>
      <input_file id="fl-18">
         <path>.\Common\</path>
         <kind>object</kind>
         <file>F2837xD_ECap.obj</file>
         <name>F2837xD_ECap.obj</name>
      </input_file>
      <input_file id="fl-19">
         <path>.\Common\</path>
         <kind>object</kind>
         <file>F2837xD_EPwm.obj</file>
         <name>F2837xD_EPwm.obj</name>
      </input_file>
      <input_file id="fl-1a">
         <path>.\Common\</path>
         <kind>object</kind>
         <file>F2837xD_EQep.obj</file>
         <name>F2837xD_EQep.obj</name>
      </input_file>
      <input_file id="fl-1b">
         <path>.\Common\</path>
         <kind>object</kind>
         <file>F2837xD_Emif.obj</file>
         <name>F2837xD_Emif.obj</name>
      </input_file>
      <input_file id="fl-1c">
         <path>.\Common\</path>
         <kind>object</kind>
         <file>F2837xD_Gpio.obj</file>
         <name>F2837xD_Gpio.obj</name>
      </input_file>
      <input_file id="fl-1d">
         <path>.\Common\</path>
         <kind>object</kind>
         <file>F2837xD_I2C.obj</file>
         <name>F2837xD_I2C.obj</name>
      </input_file>
      <input_file id="fl-1e">
         <path>.\Common\</path>
         <kind>object</kind>
         <file>F2837xD_Ipc.obj</file>
         <name>F2837xD_Ipc.obj</name>
      </input_file>
      <input_file id="fl-1f">
         <path>.\Common\</path>
         <kind>object</kind>
         <file>F2837xD_Ipc_Driver.obj</file>
         <name>F2837xD_Ipc_Driver.obj</name>
      </input_file>
      <input_file id="fl-20">
         <path>.\Common\</path>
         <kind>object</kind>
         <file>F2837xD_Ipc_Driver_Lite.obj</file>
         <name>F2837xD_Ipc_Driver_Lite.obj</name>
      </input_file>
      <input_file id="fl-21">
         <path>.\Common\</path>
         <kind>object</kind>
         <file>F2837xD_Ipc_Driver_Util.obj</file>
         <name>F2837xD_Ipc_Driver_Util.obj</name>
      </input_file>
      <input_file id="fl-22">
         <path>.\Common\</path>
         <kind>object</kind>
         <file>F2837xD_Mcbsp.obj</file>
         <name>F2837xD_Mcbsp.obj</name>
      </input_file>
      <input_file id="fl-23">
         <path>.\Common\</path>
         <kind>object</kind>
         <file>F2837xD_PieCtrl.obj</file>
         <name>F2837xD_PieCtrl.obj</name>
      </input_file>
      <input_file id="fl-24">
         <path>.\Common\</path>
         <kind>object</kind>
         <file>F2837xD_PieVect.obj</file>
         <name>F2837xD_PieVect.obj</name>
      </input_file>
      <input_file id="fl-25">
         <path>.\Common\</path>
         <kind>object</kind>
         <file>F2837xD_Sci.obj</file>
         <name>F2837xD_Sci.obj</name>
      </input_file>
      <input_file id="fl-26">
         <path>.\Common\</path>
         <kind>object</kind>
         <file>F2837xD_Spi.obj</file>
         <name>F2837xD_Spi.obj</name>
      </input_file>
      <input_file id="fl-27">
         <path>.\Common\</path>
         <kind>object</kind>
         <file>F2837xD_SysCtrl.obj</file>
         <name>F2837xD_SysCtrl.obj</name>
      </input_file>
      <input_file id="fl-28">
         <path>.\Common\</path>
         <kind>object</kind>
         <file>F2837xD_TempSensorConv.obj</file>
         <name>F2837xD_TempSensorConv.obj</name>
      </input_file>
      <input_file id="fl-29">
         <path>.\Common\</path>
         <kind>object</kind>
         <file>F2837xD_Upp.obj</file>
         <name>F2837xD_Upp.obj</name>
      </input_file>
      <input_file id="fl-2a">
         <path>.\Common\</path>
         <kind>object</kind>
         <file>F2837xD_can.obj</file>
         <name>F2837xD_can.obj</name>
      </input_file>
      <input_file id="fl-2b">
         <path>.\Common\</path>
         <kind>object</kind>
         <file>F2837xD_sci_io.obj</file>
         <name>F2837xD_sci_io.obj</name>
      </input_file>
      <input_file id="fl-2c">
         <path>.\Common\</path>
         <kind>object</kind>
         <file>F2837xD_sdfm_drivers.obj</file>
         <name>F2837xD_sdfm_drivers.obj</name>
      </input_file>
      <input_file id="fl-2d">
         <path>.\Common\</path>
         <kind>object</kind>
         <file>F2837xD_struct.obj</file>
         <name>F2837xD_struct.obj</name>
      </input_file>
      <input_file id="fl-2e">
         <path>.\Common\</path>
         <kind>object</kind>
         <file>F2837xD_usDelay.obj</file>
         <name>F2837xD_usDelay.obj</name>
      </input_file>
      <input_file id="fl-2f">
         <path>.\Header\</path>
         <kind>object</kind>
         <file>F2837xD_GlobalVariableDefs.obj</file>
         <name>F2837xD_GlobalVariableDefs.obj</name>
      </input_file>
      <input_file id="fl-36">
         <kind>object</kind>
         <file>&lt;internal&gt;</file>
         <name>&lt;internal&gt;</name>
      </input_file>
      <input_file id="fl-42">
         <path>C:\ti\ccsv8\tools\compiler\ti-cgt-c2000_18.1.4.LTS\lib\</path>
         <kind>archive</kind>
         <file>rts2800_fpu32.lib</file>
         <name>boot28.asm.obj</name>
      </input_file>
      <input_file id="fl-43">
         <path>C:\ti\ccsv8\tools\compiler\ti-cgt-c2000_18.1.4.LTS\lib\</path>
         <kind>archive</kind>
         <file>rts2800_fpu32.lib</file>
         <name>ll_aox28.asm.obj</name>
      </input_file>
      <input_file id="fl-44">
         <path>C:\ti\ccsv8\tools\compiler\ti-cgt-c2000_18.1.4.LTS\lib\</path>
         <kind>archive</kind>
         <file>rts2800_fpu32.lib</file>
         <name>i_div28.asm.obj</name>
      </input_file>
      <input_file id="fl-45">
         <path>C:\ti\ccsv8\tools\compiler\ti-cgt-c2000_18.1.4.LTS\lib\</path>
         <kind>archive</kind>
         <file>rts2800_fpu32.lib</file>
         <name>cpy_tbl.c.obj</name>
      </input_file>
      <input_file id="fl-46">
         <path>C:\ti\ccsv8\tools\compiler\ti-cgt-c2000_18.1.4.LTS\lib\</path>
         <kind>archive</kind>
         <file>rts2800_fpu32.lib</file>
         <name>memcpy.c.obj</name>
      </input_file>
      <input_file id="fl-47">
         <path>C:\ti\ccsv8\tools\compiler\ti-cgt-c2000_18.1.4.LTS\lib\</path>
         <kind>archive</kind>
         <file>rts2800_fpu32.lib</file>
         <name>pre_init.c.obj</name>
      </input_file>
      <input_file id="fl-48">
         <path>C:\ti\ccsv8\tools\compiler\ti-cgt-c2000_18.1.4.LTS\lib\</path>
         <kind>archive</kind>
         <file>rts2800_fpu32.lib</file>
         <name>startup.c.obj</name>
      </input_file>
      <input_file id="fl-49">
         <path>C:\ti\ccsv8\tools\compiler\ti-cgt-c2000_18.1.4.LTS\lib\</path>
         <kind>archive</kind>
         <file>rts2800_fpu32.lib</file>
         <name>exit.c.obj</name>
      </input_file>
      <input_file id="fl-4a">
         <path>C:\ti\ccsv8\tools\compiler\ti-cgt-c2000_18.1.4.LTS\lib\</path>
         <kind>archive</kind>
         <file>rts2800_fpu32.lib</file>
         <name>_lock.c.obj</name>
      </input_file>
      <input_file id="fl-4b">
         <path>C:\ti\ccsv8\tools\compiler\ti-cgt-c2000_18.1.4.LTS\lib\</path>
         <kind>archive</kind>
         <file>rts2800_fpu32.lib</file>
         <name>args_main.c.obj</name>
      </input_file>
      <input_file id="fl-4c">
         <path>C:\ti\ccsv8\tools\compiler\ti-cgt-c2000_18.1.4.LTS\lib\</path>
         <kind>archive</kind>
         <file>rts2800_fpu32.lib</file>
         <name>memset.c.obj</name>
      </input_file>
   </input_file_list>
   <object_component_list>
      <object_component id="oc-e4">
         <name>codestart</name>
         <load_address>0x0</load_address>
         <run_address>0x0</run_address>
         <size>0x2</size>
         <input_file_ref idref="fl-13"/>
      </object_component>
      <object_component id="oc-172">
         <name>.TI.ramfunc</name>
         <load_address>0x272</load_address>
         <run_address>0x272</run_address>
         <size>0x4</size>
         <input_file_ref idref="fl-2e"/>
      </object_component>
      <object_component id="oc-222">
         <name>.text</name>
         <load_address>0x276</load_address>
         <run_address>0x276</run_address>
         <size>0x187</size>
         <input_file_ref idref="fl-11"/>
      </object_component>
      <object_component id="oc-ef">
         <name>.text</name>
         <load_address>0x3fd</load_address>
         <run_address>0x3fd</run_address>
         <size>0x3</size>
         <input_file_ref idref="fl-15"/>
      </object_component>
      <object_component id="oc-f5">
         <name>.text:retain</name>
         <load_address>0x8000</load_address>
         <run_address>0x8000</run_address>
         <size>0x585</size>
         <input_file_ref idref="fl-16"/>
      </object_component>
      <object_component id="oc-226">
         <name>.text</name>
         <load_address>0x8585</load_address>
         <run_address>0x8585</run_address>
         <size>0x244</size>
         <input_file_ref idref="fl-1c"/>
      </object_component>
      <object_component id="oc-217">
         <name>.text</name>
         <load_address>0x87c9</load_address>
         <run_address>0x87c9</run_address>
         <size>0x24</size>
         <input_file_ref idref="fl-45"/>
      </object_component>
      <object_component id="oc-21f">
         <name>.text</name>
         <load_address>0x8800</load_address>
         <run_address>0x8800</run_address>
         <size>0x33b</size>
         <input_file_ref idref="fl-27"/>
      </object_component>
      <object_component id="oc-220">
         <name>.text</name>
         <load_address>0x8b3b</load_address>
         <run_address>0x8b3b</run_address>
         <size>0x211</size>
         <input_file_ref idref="fl-4"/>
      </object_component>
      <object_component id="oc-228">
         <name>.text</name>
         <load_address>0x8d4c</load_address>
         <run_address>0x8d4c</run_address>
         <size>0x1b8</size>
         <input_file_ref idref="fl-22"/>
      </object_component>
      <object_component id="oc-b2">
         <name>.text</name>
         <load_address>0x8f04</load_address>
         <run_address>0x8f04</run_address>
         <size>0x86</size>
         <input_file_ref idref="fl-9"/>
      </object_component>
      <object_component id="oc-89">
         <name>.text</name>
         <load_address>0x8f8a</load_address>
         <run_address>0x8f8a</run_address>
         <size>0x56</size>
         <input_file_ref idref="fl-42"/>
      </object_component>
      <object_component id="oc-21c">
         <name>.text</name>
         <load_address>0x8fe0</load_address>
         <run_address>0x8fe0</run_address>
         <size>0x1d</size>
         <input_file_ref idref="fl-46"/>
      </object_component>
      <object_component id="oc-a8">
         <name>.text</name>
         <load_address>0x9000</load_address>
         <run_address>0x9000</run_address>
         <size>0x11d</size>
         <input_file_ref idref="fl-7"/>
      </object_component>
      <object_component id="oc-a3">
         <name>.text:retain</name>
         <load_address>0x911d</load_address>
         <run_address>0x911d</run_address>
         <size>0x7d</size>
         <input_file_ref idref="fl-6"/>
      </object_component>
      <object_component id="oc-221">
         <name>.text</name>
         <load_address>0x919a</load_address>
         <run_address>0x919a</run_address>
         <size>0x7c</size>
         <input_file_ref idref="fl-14"/>
      </object_component>
      <object_component id="oc-ad">
         <name>.text</name>
         <load_address>0x9216</load_address>
         <run_address>0x9216</run_address>
         <size>0x4e</size>
         <input_file_ref idref="fl-8"/>
      </object_component>
      <object_component id="oc-227">
         <name>.text</name>
         <load_address>0x9264</load_address>
         <run_address>0x9264</run_address>
         <size>0x42</size>
         <input_file_ref idref="fl-2"/>
      </object_component>
      <object_component id="oc-bc">
         <name>.text</name>
         <load_address>0x92a6</load_address>
         <run_address>0x92a6</run_address>
         <size>0x3b</size>
         <input_file_ref idref="fl-b"/>
      </object_component>
      <object_component id="oc-1e7">
         <name>.text</name>
         <load_address>0x92e1</load_address>
         <run_address>0x92e1</run_address>
         <size>0x22</size>
         <input_file_ref idref="fl-44"/>
      </object_component>
      <object_component id="oc-219">
         <name>.text</name>
         <load_address>0x9303</load_address>
         <run_address>0x9303</run_address>
         <size>0x19</size>
         <input_file_ref idref="fl-4b"/>
      </object_component>
      <object_component id="oc-1e2">
         <name>.text</name>
         <load_address>0x931c</load_address>
         <run_address>0x931c</run_address>
         <size>0x18</size>
         <input_file_ref idref="fl-43"/>
      </object_component>
      <object_component id="oc-223">
         <name>.text</name>
         <load_address>0xb000</load_address>
         <run_address>0xb000</run_address>
         <size>0x740</size>
         <input_file_ref idref="fl-3"/>
      </object_component>
      <object_component id="oc-21b">
         <name>.text</name>
         <load_address>0xb740</load_address>
         <run_address>0xb740</run_address>
         <size>0x89</size>
         <input_file_ref idref="fl-6"/>
      </object_component>
      <object_component id="oc-21a">
         <name>.text</name>
         <load_address>0xb7c9</load_address>
         <run_address>0xb7c9</run_address>
         <size>0x29</size>
         <input_file_ref idref="fl-49"/>
      </object_component>
      <object_component id="oc-224">
         <name>.text</name>
         <load_address>0xb7f2</load_address>
         <run_address>0xb7f2</run_address>
         <size>0x9</size>
         <input_file_ref idref="fl-4a"/>
      </object_component>
      <object_component id="oc-216">
         <name>.text</name>
         <load_address>0xb7fb</load_address>
         <run_address>0xb7fb</run_address>
         <size>0x2</size>
         <input_file_ref idref="fl-47"/>
      </object_component>
      <object_component id="oc-218">
         <name>.text</name>
         <load_address>0xb7fd</load_address>
         <run_address>0xb7fd</run_address>
         <size>0x1</size>
         <input_file_ref idref="fl-48"/>
      </object_component>
      <object_component id="oc-16f">
         <name>.cinit</name>
         <load_address>0x122</load_address>
         <run_address>0x122</run_address>
         <size>0x90</size>
         <input_file_ref idref="fl-2d"/>
      </object_component>
      <object_component id="oc-90">
         <name>.cinit</name>
         <load_address>0x1b2</load_address>
         <run_address>0x1b2</run_address>
         <size>0x7c</size>
         <input_file_ref idref="fl-3"/>
      </object_component>
      <object_component id="oc-201">
         <name>.cinit</name>
         <load_address>0x22e</load_address>
         <run_address>0x22e</run_address>
         <size>0xe</size>
         <input_file_ref idref="fl-49"/>
      </object_component>
      <object_component id="oc-a1">
         <name>.cinit</name>
         <load_address>0x23c</load_address>
         <run_address>0x23c</run_address>
         <size>0x5</size>
         <input_file_ref idref="fl-6"/>
      </object_component>
      <object_component id="oc-21e">
         <name>.cinit:__lock</name>
         <load_address>0x241</load_address>
         <run_address>0x241</run_address>
         <size>0x5</size>
         <input_file_ref idref="fl-4a"/>
      </object_component>
      <object_component id="oc-225">
         <name>.cinit:__unlock</name>
         <load_address>0x246</load_address>
         <run_address>0x246</run_address>
         <size>0x5</size>
         <input_file_ref idref="fl-4a"/>
      </object_component>
      <object_component id="oc-163">
         <name>.cinit</name>
         <load_address>0x24b</load_address>
         <run_address>0x24b</run_address>
         <size>0x4</size>
         <input_file_ref idref="fl-2b"/>
      </object_component>
      <object_component id="oc-229">
         <name>.switch:_writeRegister</name>
         <load_address>0x252</load_address>
         <run_address>0x252</run_address>
         <size>0x20</size>
         <input_file_ref idref="fl-3"/>
      </object_component>
      <object_component id="oc-1dd">
         <name>.reset</name>
         <load_address>0x3fffc0</load_address>
         <run_address>0x3fffc0</run_address>
         <size>0x2</size>
         <input_file_ref idref="fl-42"/>
      </object_component>
      <object_component id="oc-1dc">
         <name>.stack</name>
         <uninitialized>true</uninitialized>
         <run_address>0x400</run_address>
         <size>0x0</size>
         <input_file_ref idref="fl-42"/>
      </object_component>
      <object_component id="oc-2b9">
         <name>.stack</name>
         <uninitialized>true</uninitialized>
         <run_address>0x400</run_address>
         <size>0x0</size>
      </object_component>
      <object_component id="oc-91">
         <name>.ebss</name>
         <uninitialized>true</uninitialized>
         <run_address>0xa800</run_address>
         <size>0x80</size>
         <input_file_ref idref="fl-3"/>
      </object_component>
      <object_component id="oc-a2">
         <name>.ebss</name>
         <uninitialized>true</uninitialized>
         <run_address>0xa900</run_address>
         <size>0x5a</size>
         <input_file_ref idref="fl-6"/>
      </object_component>
      <object_component id="oc-ea">
         <name>.ebss</name>
         <uninitialized>true</uninitialized>
         <run_address>0xa95a</run_address>
         <size>0x18</size>
         <input_file_ref idref="fl-14"/>
      </object_component>
      <object_component id="oc-153">
         <name>.ebss</name>
         <uninitialized>true</uninitialized>
         <run_address>0xa8f8</run_address>
         <size>0x6</size>
         <input_file_ref idref="fl-28"/>
      </object_component>
      <object_component id="oc-164">
         <name>.ebss</name>
         <uninitialized>true</uninitialized>
         <run_address>0xa97a</run_address>
         <size>0x1</size>
         <input_file_ref idref="fl-2b"/>
      </object_component>
      <object_component id="oc-170">
         <name>.ebss</name>
         <uninitialized>true</uninitialized>
         <run_address>0xa880</run_address>
         <size>0x78</size>
         <input_file_ref idref="fl-2d"/>
      </object_component>
      <object_component id="oc-202">
         <name>.ebss</name>
         <uninitialized>true</uninitialized>
         <run_address>0xa972</run_address>
         <size>0x6</size>
         <input_file_ref idref="fl-49"/>
      </object_component>
      <object_component id="oc-22a">
         <name>.ebss:__unlock</name>
         <uninitialized>true</uninitialized>
         <run_address>0xa978</run_address>
         <size>0x2</size>
         <input_file_ref idref="fl-4a"/>
      </object_component>
      <object_component id="oc-21d">
         <name>.ebss:__lock</name>
         <uninitialized>true</uninitialized>
         <run_address>0xa8fe</run_address>
         <size>0x2</size>
         <input_file_ref idref="fl-4a"/>
      </object_component>
      <object_component id="oc-127">
         <name>PUTBUFFER</name>
         <uninitialized>true</uninitialized>
         <run_address>0x3fc00</run_address>
         <size>0x80</size>
         <input_file_ref idref="fl-1f"/>
      </object_component>
      <object_component id="oc-124">
         <name>PUTWRITEIDX</name>
         <uninitialized>true</uninitialized>
         <run_address>0x3fc80</run_address>
         <size>0x4</size>
         <input_file_ref idref="fl-1f"/>
      </object_component>
      <object_component id="oc-126">
         <name>GETREADIDX</name>
         <uninitialized>true</uninitialized>
         <run_address>0x3fc84</run_address>
         <size>0x4</size>
         <input_file_ref idref="fl-1f"/>
      </object_component>
      <object_component id="oc-128">
         <name>GETBUFFER</name>
         <uninitialized>true</uninitialized>
         <run_address>0x3f800</run_address>
         <size>0x80</size>
         <input_file_ref idref="fl-1f"/>
      </object_component>
      <object_component id="oc-123">
         <name>GETWRITEIDX</name>
         <uninitialized>true</uninitialized>
         <run_address>0x3f880</run_address>
         <size>0x4</size>
         <input_file_ref idref="fl-1f"/>
      </object_component>
      <object_component id="oc-125">
         <name>PUTREADIDX</name>
         <uninitialized>true</uninitialized>
         <run_address>0x3f884</run_address>
         <size>0x4</size>
         <input_file_ref idref="fl-1f"/>
      </object_component>
      <object_component id="oc-1da">
         <name>PieVectTableFile</name>
         <uninitialized>true</uninitialized>
         <run_address>0xd00</run_address>
         <size>0x1c0</size>
         <input_file_ref idref="fl-2f"/>
      </object_component>
      <object_component id="oc-179">
         <name>EmuKeyVar</name>
         <uninitialized>true</uninitialized>
         <run_address>0xd00</run_address>
         <size>0x1</size>
         <input_file_ref idref="fl-2f"/>
      </object_component>
      <object_component id="oc-178">
         <name>EmuBModeVar</name>
         <uninitialized>true</uninitialized>
         <run_address>0xd01</run_address>
         <size>0x1</size>
         <input_file_ref idref="fl-2f"/>
      </object_component>
      <object_component id="oc-190">
         <name>AdcaResultFile</name>
         <uninitialized>true</uninitialized>
         <run_address>0xb00</run_address>
         <size>0x18</size>
         <input_file_ref idref="fl-2f"/>
      </object_component>
      <object_component id="oc-191">
         <name>AdcbResultFile</name>
         <uninitialized>true</uninitialized>
         <run_address>0xb20</run_address>
         <size>0x18</size>
         <input_file_ref idref="fl-2f"/>
      </object_component>
      <object_component id="oc-18f">
         <name>AdccResultFile</name>
         <uninitialized>true</uninitialized>
         <run_address>0xb40</run_address>
         <size>0x18</size>
         <input_file_ref idref="fl-2f"/>
      </object_component>
      <object_component id="oc-192">
         <name>AdcdResultFile</name>
         <uninitialized>true</uninitialized>
         <run_address>0xb60</run_address>
         <size>0x18</size>
         <input_file_ref idref="fl-2f"/>
      </object_component>
      <object_component id="oc-1c5">
         <name>AdcaRegsFile</name>
         <uninitialized>true</uninitialized>
         <run_address>0x7400</run_address>
         <size>0x80</size>
         <input_file_ref idref="fl-2f"/>
      </object_component>
      <object_component id="oc-1c2">
         <name>AdcbRegsFile</name>
         <uninitialized>true</uninitialized>
         <run_address>0x7480</run_address>
         <size>0x80</size>
         <input_file_ref idref="fl-2f"/>
      </object_component>
      <object_component id="oc-1c1">
         <name>AdccRegsFile</name>
         <uninitialized>true</uninitialized>
         <run_address>0x7500</run_address>
         <size>0x80</size>
         <input_file_ref idref="fl-2f"/>
      </object_component>
      <object_component id="oc-1c6">
         <name>AdcdRegsFile</name>
         <uninitialized>true</uninitialized>
         <run_address>0x7580</run_address>
         <size>0x80</size>
         <input_file_ref idref="fl-2f"/>
      </object_component>
      <object_component id="oc-1bc">
         <name>AnalogSubsysRegsFile</name>
         <uninitialized>true</uninitialized>
         <run_address>0x5d180</run_address>
         <size>0x48</size>
         <input_file_ref idref="fl-2f"/>
      </object_component>
      <object_component id="oc-1d6">
         <name>CanaRegsFile</name>
         <uninitialized>true</uninitialized>
         <run_address>0x48000</run_address>
         <size>0x164</size>
         <input_file_ref idref="fl-2f"/>
      </object_component>
      <object_component id="oc-1d7">
         <name>CanbRegsFile</name>
         <uninitialized>true</uninitialized>
         <run_address>0x4a000</run_address>
         <size>0x164</size>
         <input_file_ref idref="fl-2f"/>
      </object_component>
      <object_component id="oc-1b7">
         <name>Cla1RegsFile</name>
         <uninitialized>true</uninitialized>
         <run_address>0x1400</run_address>
         <size>0x3e</size>
         <input_file_ref idref="fl-2f"/>
      </object_component>
      <object_component id="oc-17d">
         <name>Cla1SoftIntRegsFile</name>
         <uninitialized>true</uninitialized>
         <run_address>0xce0</run_address>
         <size>0x4</size>
         <input_file_ref idref="fl-2f"/>
      </object_component>
      <object_component id="oc-1a3">
         <name>Cmpss1RegsFile</name>
         <uninitialized>true</uninitialized>
         <run_address>0x5c80</run_address>
         <size>0x20</size>
         <input_file_ref idref="fl-2f"/>
      </object_component>
      <object_component id="oc-1a2">
         <name>Cmpss2RegsFile</name>
         <uninitialized>true</uninitialized>
         <run_address>0x5ca0</run_address>
         <size>0x20</size>
         <input_file_ref idref="fl-2f"/>
      </object_component>
      <object_component id="oc-1a5">
         <name>Cmpss3RegsFile</name>
         <uninitialized>true</uninitialized>
         <run_address>0x5cc0</run_address>
         <size>0x20</size>
         <input_file_ref idref="fl-2f"/>
      </object_component>
      <object_component id="oc-1a4">
         <name>Cmpss4RegsFile</name>
         <uninitialized>true</uninitialized>
         <run_address>0x5ce0</run_address>
         <size>0x20</size>
         <input_file_ref idref="fl-2f"/>
      </object_component>
      <object_component id="oc-19f">
         <name>Cmpss5RegsFile</name>
         <uninitialized>true</uninitialized>
         <run_address>0x5d00</run_address>
         <size>0x20</size>
         <input_file_ref idref="fl-2f"/>
      </object_component>
      <object_component id="oc-19e">
         <name>Cmpss6RegsFile</name>
         <uninitialized>true</uninitialized>
         <run_address>0x5d20</run_address>
         <size>0x20</size>
         <input_file_ref idref="fl-2f"/>
      </object_component>
      <object_component id="oc-1a1">
         <name>Cmpss7RegsFile</name>
         <uninitialized>true</uninitialized>
         <run_address>0x5d40</run_address>
         <size>0x20</size>
         <input_file_ref idref="fl-2f"/>
      </object_component>
      <object_component id="oc-1a0">
         <name>Cmpss8RegsFile</name>
         <uninitialized>true</uninitialized>
         <run_address>0x5d60</run_address>
         <size>0x20</size>
         <input_file_ref idref="fl-2f"/>
      </object_component>
      <object_component id="oc-181">
         <name>CpuTimer0RegsFile</name>
         <uninitialized>true</uninitialized>
         <run_address>0xc00</run_address>
         <size>0x8</size>
         <input_file_ref idref="fl-2f"/>
      </object_component>
      <object_component id="oc-184">
         <name>CpuTimer1RegsFile</name>
         <uninitialized>true</uninitialized>
         <run_address>0xc08</run_address>
         <size>0x8</size>
         <input_file_ref idref="fl-2f"/>
      </object_component>
      <object_component id="oc-183">
         <name>CpuTimer2RegsFile</name>
         <uninitialized>true</uninitialized>
         <run_address>0xc10</run_address>
         <size>0x8</size>
         <input_file_ref idref="fl-2f"/>
      </object_component>
      <object_component id="oc-182">
         <name>DacaRegsFile</name>
         <uninitialized>true</uninitialized>
         <run_address>0x5c00</run_address>
         <size>0x8</size>
         <input_file_ref idref="fl-2f"/>
      </object_component>
      <object_component id="oc-185">
         <name>DacbRegsFile</name>
         <uninitialized>true</uninitialized>
         <run_address>0x5c10</run_address>
         <size>0x8</size>
         <input_file_ref idref="fl-2f"/>
      </object_component>
      <object_component id="oc-180">
         <name>DaccRegsFile</name>
         <uninitialized>true</uninitialized>
         <run_address>0x5c20</run_address>
         <size>0x8</size>
         <input_file_ref idref="fl-2f"/>
      </object_component>
      <object_component id="oc-1b0">
         <name>DcsmZ1RegsFile</name>
         <uninitialized>true</uninitialized>
         <run_address>0x5f000</run_address>
         <size>0x24</size>
         <input_file_ref idref="fl-2f"/>
      </object_component>
      <object_component id="oc-1af">
         <name>DcsmZ2RegsFile</name>
         <uninitialized>true</uninitialized>
         <run_address>0x5f040</run_address>
         <size>0x24</size>
         <input_file_ref idref="fl-2f"/>
      </object_component>
      <object_component id="oc-186">
         <name>DcsmCommonRegsFile</name>
         <uninitialized>true</uninitialized>
         <run_address>0x5f070</run_address>
         <size>0x8</size>
         <input_file_ref idref="fl-2f"/>
      </object_component>
      <object_component id="oc-1a8">
         <name>DcsmZ1OtpFile</name>
         <uninitialized>true</uninitialized>
         <run_address>0x78000</run_address>
         <size>0x20</size>
         <input_file_ref idref="fl-2f"/>
      </object_component>
      <object_component id="oc-1a6">
         <name>DcsmZ2OtpFile</name>
         <uninitialized>true</uninitialized>
         <run_address>0x78200</run_address>
         <size>0x20</size>
         <input_file_ref idref="fl-2f"/>
      </object_component>
      <object_component id="oc-1c8">
         <name>DmaRegsFile</name>
         <uninitialized>true</uninitialized>
         <run_address>0x1000</run_address>
         <size>0xe0</size>
         <input_file_ref idref="fl-2f"/>
      </object_component>
      <object_component id="oc-194">
         <name>DmaClaSrcSelRegsFile</name>
         <uninitialized>true</uninitialized>
         <run_address>0x7980</run_address>
         <size>0x1a</size>
         <input_file_ref idref="fl-2f"/>
      </object_component>
      <object_component id="oc-1a7">
         <name>ECap1RegsFile</name>
         <uninitialized>true</uninitialized>
         <run_address>0x5000</run_address>
         <size>0x20</size>
         <input_file_ref idref="fl-2f"/>
      </object_component>
      <object_component id="oc-197">
         <name>ECap2RegsFile</name>
         <uninitialized>true</uninitialized>
         <run_address>0x5020</run_address>
         <size>0x20</size>
         <input_file_ref idref="fl-2f"/>
      </object_component>
      <object_component id="oc-19d">
         <name>ECap3RegsFile</name>
         <uninitialized>true</uninitialized>
         <run_address>0x5040</run_address>
         <size>0x20</size>
         <input_file_ref idref="fl-2f"/>
      </object_component>
      <object_component id="oc-195">
         <name>ECap4RegsFile</name>
         <uninitialized>true</uninitialized>
         <run_address>0x5060</run_address>
         <size>0x20</size>
         <input_file_ref idref="fl-2f"/>
      </object_component>
      <object_component id="oc-196">
         <name>ECap5RegsFile</name>
         <uninitialized>true</uninitialized>
         <run_address>0x5080</run_address>
         <size>0x20</size>
         <input_file_ref idref="fl-2f"/>
      </object_component>
      <object_component id="oc-19c">
         <name>ECap6RegsFile</name>
         <uninitialized>true</uninitialized>
         <run_address>0x50a0</run_address>
         <size>0x20</size>
         <input_file_ref idref="fl-2f"/>
      </object_component>
      <object_component id="oc-1be">
         <name>Emif1RegsFile</name>
         <uninitialized>true</uninitialized>
         <run_address>0x47000</run_address>
         <size>0x70</size>
         <input_file_ref idref="fl-2f"/>
      </object_component>
      <object_component id="oc-1bf">
         <name>Emif2RegsFile</name>
         <uninitialized>true</uninitialized>
         <run_address>0x47800</run_address>
         <size>0x70</size>
         <input_file_ref idref="fl-2f"/>
      </object_component>
      <object_component id="oc-1cd">
         <name>EPwm1RegsFile</name>
         <uninitialized>true</uninitialized>
         <run_address>0x4000</run_address>
         <size>0x100</size>
         <input_file_ref idref="fl-2f"/>
      </object_component>
      <object_component id="oc-1cc">
         <name>EPwm2RegsFile</name>
         <uninitialized>true</uninitialized>
         <run_address>0x4100</run_address>
         <size>0x100</size>
         <input_file_ref idref="fl-2f"/>
      </object_component>
      <object_component id="oc-1cf">
         <name>EPwm3RegsFile</name>
         <uninitialized>true</uninitialized>
         <run_address>0x4200</run_address>
         <size>0x100</size>
         <input_file_ref idref="fl-2f"/>
      </object_component>
      <object_component id="oc-1ca">
         <name>EPwm4RegsFile</name>
         <uninitialized>true</uninitialized>
         <run_address>0x4300</run_address>
         <size>0x100</size>
         <input_file_ref idref="fl-2f"/>
      </object_component>
      <object_component id="oc-1c9">
         <name>EPwm5RegsFile</name>
         <uninitialized>true</uninitialized>
         <run_address>0x4400</run_address>
         <size>0x100</size>
         <input_file_ref idref="fl-2f"/>
      </object_component>
      <object_component id="oc-1ce">
         <name>EPwm6RegsFile</name>
         <uninitialized>true</uninitialized>
         <run_address>0x4500</run_address>
         <size>0x100</size>
         <input_file_ref idref="fl-2f"/>
      </object_component>
      <object_component id="oc-1cb">
         <name>EPwm7RegsFile</name>
         <uninitialized>true</uninitialized>
         <run_address>0x4600</run_address>
         <size>0x100</size>
         <input_file_ref idref="fl-2f"/>
      </object_component>
      <object_component id="oc-1d4">
         <name>EPwm8RegsFile</name>
         <uninitialized>true</uninitialized>
         <run_address>0x4700</run_address>
         <size>0x100</size>
         <input_file_ref idref="fl-2f"/>
      </object_component>
      <object_component id="oc-1d2">
         <name>EPwm9RegsFile</name>
         <uninitialized>true</uninitialized>
         <run_address>0x4800</run_address>
         <size>0x100</size>
         <input_file_ref idref="fl-2f"/>
      </object_component>
      <object_component id="oc-1d3">
         <name>EPwm10RegsFile</name>
         <uninitialized>true</uninitialized>
         <run_address>0x4900</run_address>
         <size>0x100</size>
         <input_file_ref idref="fl-2f"/>
      </object_component>
      <object_component id="oc-1d0">
         <name>EPwm11RegsFile</name>
         <uninitialized>true</uninitialized>
         <run_address>0x4a00</run_address>
         <size>0x100</size>
         <input_file_ref idref="fl-2f"/>
      </object_component>
      <object_component id="oc-1d1">
         <name>EPwm12RegsFile</name>
         <uninitialized>true</uninitialized>
         <run_address>0x4b00</run_address>
         <size>0x100</size>
         <input_file_ref idref="fl-2f"/>
      </object_component>
      <object_component id="oc-1ba">
         <name>EPwmXbarRegsFile</name>
         <uninitialized>true</uninitialized>
         <run_address>0x7a00</run_address>
         <size>0x40</size>
         <input_file_ref idref="fl-2f"/>
      </object_component>
      <object_component id="oc-1a9">
         <name>EQep1RegsFile</name>
         <uninitialized>true</uninitialized>
         <run_address>0x5100</run_address>
         <size>0x22</size>
         <input_file_ref idref="fl-2f"/>
      </object_component>
      <object_component id="oc-1aa">
         <name>EQep2RegsFile</name>
         <uninitialized>true</uninitialized>
         <run_address>0x5140</run_address>
         <size>0x22</size>
         <input_file_ref idref="fl-2f"/>
      </object_component>
      <object_component id="oc-1ac">
         <name>EQep3RegsFile</name>
         <uninitialized>true</uninitialized>
         <run_address>0x5180</run_address>
         <size>0x22</size>
         <input_file_ref idref="fl-2f"/>
      </object_component>
      <object_component id="oc-1d9">
         <name>Flash0CtrlRegsFile</name>
         <uninitialized>true</uninitialized>
         <run_address>0x5f800</run_address>
         <size>0x182</size>
         <input_file_ref idref="fl-2f"/>
      </object_component>
      <object_component id="oc-1b3">
         <name>Flash0EccRegsFile</name>
         <uninitialized>true</uninitialized>
         <run_address>0x5fb00</run_address>
         <size>0x28</size>
         <input_file_ref idref="fl-2f"/>
      </object_component>
      <object_component id="oc-1d8">
         <name>GpioCtrlRegsFile</name>
         <uninitialized>true</uninitialized>
         <run_address>0x7c00</run_address>
         <size>0x180</size>
         <input_file_ref idref="fl-2f"/>
      </object_component>
      <object_component id="oc-1b5">
         <name>GpioDataRegsFile</name>
         <uninitialized>true</uninitialized>
         <run_address>0x7f00</run_address>
         <size>0x30</size>
         <input_file_ref idref="fl-2f"/>
      </object_component>
      <object_component id="oc-1bb">
         <name>OutputXbarRegsFile</name>
         <uninitialized>true</uninitialized>
         <run_address>0x7a80</run_address>
         <size>0x40</size>
         <input_file_ref idref="fl-2f"/>
      </object_component>
      <object_component id="oc-1ad">
         <name>I2caRegsFile</name>
         <uninitialized>true</uninitialized>
         <run_address>0x7300</run_address>
         <size>0x22</size>
         <input_file_ref idref="fl-2f"/>
      </object_component>
      <object_component id="oc-1ab">
         <name>I2cbRegsFile</name>
         <uninitialized>true</uninitialized>
         <run_address>0x7340</run_address>
         <size>0x22</size>
         <input_file_ref idref="fl-2f"/>
      </object_component>
      <object_component id="oc-19a">
         <name>InputXbarRegsFile</name>
         <uninitialized>true</uninitialized>
         <run_address>0x7900</run_address>
         <size>0x20</size>
         <input_file_ref idref="fl-2f"/>
      </object_component>
      <object_component id="oc-198">
         <name>XbarRegsFile</name>
         <uninitialized>true</uninitialized>
         <run_address>0x7920</run_address>
         <size>0x20</size>
         <input_file_ref idref="fl-2f"/>
      </object_component>
      <object_component id="oc-1ae">
         <name>IpcRegsFile</name>
         <uninitialized>true</uninitialized>
         <run_address>0x50000</run_address>
         <size>0x24</size>
         <input_file_ref idref="fl-2f"/>
      </object_component>
      <object_component id="oc-17b">
         <name>FlashPumpSemaphoreRegsFile</name>
         <uninitialized>true</uninitialized>
         <run_address>0x50024</run_address>
         <size>0x2</size>
         <input_file_ref idref="fl-2f"/>
      </object_component>
      <object_component id="oc-17a">
         <name>RomPrefetchRegsFile</name>
         <uninitialized>true</uninitialized>
         <run_address>0x5e608</run_address>
         <size>0x2</size>
         <input_file_ref idref="fl-2f"/>
      </object_component>
      <object_component id="oc-1c3">
         <name>MemCfgRegsFile</name>
         <uninitialized>true</uninitialized>
         <run_address>0x5f400</run_address>
         <size>0x80</size>
         <input_file_ref idref="fl-2f"/>
      </object_component>
      <object_component id="oc-199">
         <name>Emif1ConfigRegsFile</name>
         <uninitialized>true</uninitialized>
         <run_address>0x5f480</run_address>
         <size>0x20</size>
         <input_file_ref idref="fl-2f"/>
      </object_component>
      <object_component id="oc-19b">
         <name>Emif2ConfigRegsFile</name>
         <uninitialized>true</uninitialized>
         <run_address>0x5f4a0</run_address>
         <size>0x20</size>
         <input_file_ref idref="fl-2f"/>
      </object_component>
      <object_component id="oc-1b9">
         <name>AccessProtectionRegsFile</name>
         <uninitialized>true</uninitialized>
         <run_address>0x5f4c0</run_address>
         <size>0x40</size>
         <input_file_ref idref="fl-2f"/>
      </object_component>
      <object_component id="oc-1b8">
         <name>MemoryErrorRegsFile</name>
         <uninitialized>true</uninitialized>
         <run_address>0x5f500</run_address>
         <size>0x40</size>
         <input_file_ref idref="fl-2f"/>
      </object_component>
      <object_component id="oc-17c">
         <name>RomWaitStateRegsFile</name>
         <uninitialized>true</uninitialized>
         <run_address>0x5f540</run_address>
         <size>0x2</size>
         <input_file_ref idref="fl-2f"/>
      </object_component>
      <object_component id="oc-1b1">
         <name>McbspaRegsFile</name>
         <uninitialized>true</uninitialized>
         <run_address>0x6000</run_address>
         <size>0x24</size>
         <input_file_ref idref="fl-2f"/>
      </object_component>
      <object_component id="oc-1b2">
         <name>McbspbRegsFile</name>
         <uninitialized>true</uninitialized>
         <run_address>0x6040</run_address>
         <size>0x24</size>
         <input_file_ref idref="fl-2f"/>
      </object_component>
      <object_component id="oc-1bd">
         <name>UppRegsFile</name>
         <uninitialized>true</uninitialized>
         <run_address>0x6200</run_address>
         <size>0x48</size>
         <input_file_ref idref="fl-2f"/>
      </object_component>
      <object_component id="oc-17f">
         <name>NmiIntruptRegsFile</name>
         <uninitialized>true</uninitialized>
         <run_address>0x7060</run_address>
         <size>0x7</size>
         <input_file_ref idref="fl-2f"/>
      </object_component>
      <object_component id="oc-193">
         <name>PieCtrlRegsFile</name>
         <uninitialized>true</uninitialized>
         <run_address>0xce0</run_address>
         <size>0x1a</size>
         <input_file_ref idref="fl-2f"/>
      </object_component>
      <object_component id="oc-189">
         <name>SciaRegsFile</name>
         <uninitialized>true</uninitialized>
         <run_address>0x7200</run_address>
         <size>0x10</size>
         <input_file_ref idref="fl-2f"/>
      </object_component>
      <object_component id="oc-188">
         <name>ScibRegsFile</name>
         <uninitialized>true</uninitialized>
         <run_address>0x7210</run_address>
         <size>0x10</size>
         <input_file_ref idref="fl-2f"/>
      </object_component>
      <object_component id="oc-18b">
         <name>ScicRegsFile</name>
         <uninitialized>true</uninitialized>
         <run_address>0x7220</run_address>
         <size>0x10</size>
         <input_file_ref idref="fl-2f"/>
      </object_component>
      <object_component id="oc-18c">
         <name>ScidRegsFile</name>
         <uninitialized>true</uninitialized>
         <run_address>0x7230</run_address>
         <size>0x10</size>
         <input_file_ref idref="fl-2f"/>
      </object_component>
      <object_component id="oc-1c4">
         <name>Sdfm1RegsFile</name>
         <uninitialized>true</uninitialized>
         <run_address>0x5e00</run_address>
         <size>0x80</size>
         <input_file_ref idref="fl-2f"/>
      </object_component>
      <object_component id="oc-1c0">
         <name>Sdfm2RegsFile</name>
         <uninitialized>true</uninitialized>
         <run_address>0x5e80</run_address>
         <size>0x80</size>
         <input_file_ref idref="fl-2f"/>
      </object_component>
      <object_component id="oc-18e">
         <name>SpiaRegsFile</name>
         <uninitialized>true</uninitialized>
         <run_address>0x6100</run_address>
         <size>0x10</size>
         <input_file_ref idref="fl-2f"/>
      </object_component>
      <object_component id="oc-18d">
         <name>SpibRegsFile</name>
         <uninitialized>true</uninitialized>
         <run_address>0x6110</run_address>
         <size>0x10</size>
         <input_file_ref idref="fl-2f"/>
      </object_component>
      <object_component id="oc-18a">
         <name>SpicRegsFile</name>
         <uninitialized>true</uninitialized>
         <run_address>0x6120</run_address>
         <size>0x10</size>
         <input_file_ref idref="fl-2f"/>
      </object_component>
      <object_component id="oc-1d5">
         <name>DevCfgRegsFile</name>
         <uninitialized>true</uninitialized>
         <run_address>0x5d000</run_address>
         <size>0x12e</size>
         <input_file_ref idref="fl-2f"/>
      </object_component>
      <object_component id="oc-1b6">
         <name>ClkCfgRegsFile</name>
         <uninitialized>true</uninitialized>
         <run_address>0x5d200</run_address>
         <size>0x32</size>
         <input_file_ref idref="fl-2f"/>
      </object_component>
      <object_component id="oc-1c7">
         <name>CpuSysRegsFile</name>
         <uninitialized>true</uninitialized>
         <run_address>0x5d300</run_address>
         <size>0x82</size>
         <input_file_ref idref="fl-2f"/>
      </object_component>
      <object_component id="oc-17e">
         <name>SyncSocRegsFile</name>
         <uninitialized>true</uninitialized>
         <run_address>0x7940</run_address>
         <size>0x6</size>
         <input_file_ref idref="fl-2f"/>
      </object_component>
      <object_component id="oc-1b4">
         <name>WdRegsFile</name>
         <uninitialized>true</uninitialized>
         <run_address>0x7000</run_address>
         <size>0x2b</size>
         <input_file_ref idref="fl-2f"/>
      </object_component>
      <object_component id="oc-187">
         <name>XintRegsFile</name>
         <uninitialized>true</uninitialized>
         <run_address>0x7070</run_address>
         <size>0xb</size>
         <input_file_ref idref="fl-2f"/>
      </object_component>
      <object_component id="oc-8a">
         <name>.debug_info</name>
         <load_address>0x0</load_address>
         <run_address>0x0</run_address>
         <size>0x9a5</size>
         <input_file_ref idref="fl-2"/>
      </object_component>
      <object_component id="oc-8f">
         <name>.debug_info</name>
         <load_address>0x9a5</load_address>
         <run_address>0x9a5</run_address>
         <size>0x3440</size>
         <input_file_ref idref="fl-3"/>
      </object_component>
      <object_component id="oc-96">
         <name>.debug_info</name>
         <load_address>0x3de5</load_address>
         <run_address>0x3de5</run_address>
         <size>0x16e75</size>
         <input_file_ref idref="fl-4"/>
      </object_component>
      <object_component id="oc-9b">
         <name>.debug_info</name>
         <load_address>0x1ac5a</load_address>
         <run_address>0x1ac5a</run_address>
         <size>0x12353</size>
         <input_file_ref idref="fl-5"/>
      </object_component>
      <object_component id="oc-a0">
         <name>.debug_info</name>
         <load_address>0x2cfad</load_address>
         <run_address>0x2cfad</run_address>
         <size>0x278f</size>
         <input_file_ref idref="fl-6"/>
      </object_component>
      <object_component id="oc-a9">
         <name>.debug_info</name>
         <load_address>0x2f73c</load_address>
         <run_address>0x2f73c</run_address>
         <size>0x187</size>
         <input_file_ref idref="fl-7"/>
      </object_component>
      <object_component id="oc-ae">
         <name>.debug_info</name>
         <load_address>0x2f8c3</load_address>
         <run_address>0x2f8c3</run_address>
         <size>0xf1</size>
         <input_file_ref idref="fl-8"/>
      </object_component>
      <object_component id="oc-b3">
         <name>.debug_info</name>
         <load_address>0x2f9b4</load_address>
         <run_address>0x2f9b4</run_address>
         <size>0xf5</size>
         <input_file_ref idref="fl-9"/>
      </object_component>
      <object_component id="oc-b7">
         <name>.debug_info</name>
         <load_address>0x2faa9</load_address>
         <run_address>0x2faa9</run_address>
         <size>0x47a</size>
         <input_file_ref idref="fl-a"/>
      </object_component>
      <object_component id="oc-bd">
         <name>.debug_info</name>
         <load_address>0x2ff23</load_address>
         <run_address>0x2ff23</run_address>
         <size>0xe6</size>
         <input_file_ref idref="fl-b"/>
      </object_component>
      <object_component id="oc-c1">
         <name>.debug_info</name>
         <load_address>0x30009</load_address>
         <run_address>0x30009</run_address>
         <size>0x14d55</size>
         <input_file_ref idref="fl-c"/>
      </object_component>
      <object_component id="oc-c6">
         <name>.debug_info</name>
         <load_address>0x44d5e</load_address>
         <run_address>0x44d5e</run_address>
         <size>0x470</size>
         <input_file_ref idref="fl-d"/>
      </object_component>
      <object_component id="oc-cb">
         <name>.debug_info</name>
         <load_address>0x451ce</load_address>
         <run_address>0x451ce</run_address>
         <size>0x1685d</size>
         <input_file_ref idref="fl-e"/>
      </object_component>
      <object_component id="oc-d0">
         <name>.debug_info</name>
         <load_address>0x5ba2b</load_address>
         <run_address>0x5ba2b</run_address>
         <size>0x49f</size>
         <input_file_ref idref="fl-f"/>
      </object_component>
      <object_component id="oc-d5">
         <name>.debug_info</name>
         <load_address>0x5beca</load_address>
         <run_address>0x5beca</run_address>
         <size>0x438</size>
         <input_file_ref idref="fl-10"/>
      </object_component>
      <object_component id="oc-da">
         <name>.debug_info</name>
         <load_address>0x5c302</load_address>
         <run_address>0x5c302</run_address>
         <size>0xcac</size>
         <input_file_ref idref="fl-11"/>
      </object_component>
      <object_component id="oc-df">
         <name>.debug_info</name>
         <load_address>0x5cfae</load_address>
         <run_address>0x5cfae</run_address>
         <size>0x4648</size>
         <input_file_ref idref="fl-12"/>
      </object_component>
      <object_component id="oc-e5">
         <name>.debug_info</name>
         <load_address>0x615f6</load_address>
         <run_address>0x615f6</run_address>
         <size>0xfe</size>
         <input_file_ref idref="fl-13"/>
      </object_component>
      <object_component id="oc-e9">
         <name>.debug_info</name>
         <load_address>0x616f4</load_address>
         <run_address>0x616f4</run_address>
         <size>0x9cd</size>
         <input_file_ref idref="fl-14"/>
      </object_component>
      <object_component id="oc-f0">
         <name>.debug_info</name>
         <load_address>0x620c1</load_address>
         <run_address>0x620c1</run_address>
         <size>0xf7</size>
         <input_file_ref idref="fl-15"/>
      </object_component>
      <object_component id="oc-f4">
         <name>.debug_info</name>
         <load_address>0x621b8</load_address>
         <run_address>0x621b8</run_address>
         <size>0x3cc1</size>
         <input_file_ref idref="fl-16"/>
      </object_component>
      <object_component id="oc-fa">
         <name>.debug_info</name>
         <load_address>0x65e79</load_address>
         <run_address>0x65e79</run_address>
         <size>0x473c</size>
         <input_file_ref idref="fl-17"/>
      </object_component>
      <object_component id="oc-ff">
         <name>.debug_info</name>
         <load_address>0x6a5b5</load_address>
         <run_address>0x6a5b5</run_address>
         <size>0x13e76</size>
         <input_file_ref idref="fl-18"/>
      </object_component>
      <object_component id="oc-104">
         <name>.debug_info</name>
         <load_address>0x7e42b</load_address>
         <run_address>0x7e42b</run_address>
         <size>0xf404</size>
         <input_file_ref idref="fl-19"/>
      </object_component>
      <object_component id="oc-109">
         <name>.debug_info</name>
         <load_address>0x8d82f</load_address>
         <run_address>0x8d82f</run_address>
         <size>0xf404</size>
         <input_file_ref idref="fl-1a"/>
      </object_component>
      <object_component id="oc-10e">
         <name>.debug_info</name>
         <load_address>0x9cc33</load_address>
         <run_address>0x9cc33</run_address>
         <size>0x5467</size>
         <input_file_ref idref="fl-1b"/>
      </object_component>
      <object_component id="oc-113">
         <name>.debug_info</name>
         <load_address>0xa209a</load_address>
         <run_address>0xa209a</run_address>
         <size>0x19e18</size>
         <input_file_ref idref="fl-1c"/>
      </object_component>
      <object_component id="oc-118">
         <name>.debug_info</name>
         <load_address>0xbbeb2</load_address>
         <run_address>0xbbeb2</run_address>
         <size>0xf403</size>
         <input_file_ref idref="fl-1d"/>
      </object_component>
      <object_component id="oc-11d">
         <name>.debug_info</name>
         <load_address>0xcb2b5</load_address>
         <run_address>0xcb2b5</run_address>
         <size>0x1660</size>
         <input_file_ref idref="fl-1e"/>
      </object_component>
      <object_component id="oc-122">
         <name>.debug_info</name>
         <load_address>0xcc915</load_address>
         <run_address>0xcc915</run_address>
         <size>0x19bf</size>
         <input_file_ref idref="fl-1f"/>
      </object_component>
      <object_component id="oc-12d">
         <name>.debug_info</name>
         <load_address>0xce2d4</load_address>
         <run_address>0xce2d4</run_address>
         <size>0x48f3</size>
         <input_file_ref idref="fl-20"/>
      </object_component>
      <object_component id="oc-132">
         <name>.debug_info</name>
         <load_address>0xd2bc7</load_address>
         <run_address>0xd2bc7</run_address>
         <size>0x17c3d</size>
         <input_file_ref idref="fl-21"/>
      </object_component>
      <object_component id="oc-137">
         <name>.debug_info</name>
         <load_address>0xea804</load_address>
         <run_address>0xea804</run_address>
         <size>0x10ca6</size>
         <input_file_ref idref="fl-22"/>
      </object_component>
      <object_component id="oc-13c">
         <name>.debug_info</name>
         <load_address>0xfb4aa</load_address>
         <run_address>0xfb4aa</run_address>
         <size>0x34bb</size>
         <input_file_ref idref="fl-23"/>
      </object_component>
      <object_component id="oc-141">
         <name>.debug_info</name>
         <load_address>0xfe965</load_address>
         <run_address>0xfe965</run_address>
         <size>0x6676</size>
         <input_file_ref idref="fl-24"/>
      </object_component>
      <object_component id="oc-146">
         <name>.debug_info</name>
         <load_address>0x104fdb</load_address>
         <run_address>0x104fdb</run_address>
         <size>0x185</size>
         <input_file_ref idref="fl-25"/>
      </object_component>
      <object_component id="oc-148">
         <name>.debug_info</name>
         <load_address>0x105160</load_address>
         <run_address>0x105160</run_address>
         <size>0xfceb</size>
         <input_file_ref idref="fl-26"/>
      </object_component>
      <object_component id="oc-14d">
         <name>.debug_info</name>
         <load_address>0x114e4b</load_address>
         <run_address>0x114e4b</run_address>
         <size>0xc935</size>
         <input_file_ref idref="fl-27"/>
      </object_component>
      <object_component id="oc-152">
         <name>.debug_info</name>
         <load_address>0x121780</load_address>
         <run_address>0x121780</run_address>
         <size>0x4dce</size>
         <input_file_ref idref="fl-28"/>
      </object_component>
      <object_component id="oc-158">
         <name>.debug_info</name>
         <load_address>0x12654e</load_address>
         <run_address>0x12654e</run_address>
         <size>0x109a6</size>
         <input_file_ref idref="fl-29"/>
      </object_component>
      <object_component id="oc-15d">
         <name>.debug_info</name>
         <load_address>0x136ef4</load_address>
         <run_address>0x136ef4</run_address>
         <size>0x2ada</size>
         <input_file_ref idref="fl-2a"/>
      </object_component>
      <object_component id="oc-162">
         <name>.debug_info</name>
         <load_address>0x1399ce</load_address>
         <run_address>0x1399ce</run_address>
         <size>0x3430</size>
         <input_file_ref idref="fl-2b"/>
      </object_component>
      <object_component id="oc-169">
         <name>.debug_info</name>
         <load_address>0x13cdfe</load_address>
         <run_address>0x13cdfe</run_address>
         <size>0x1ff5</size>
         <input_file_ref idref="fl-2c"/>
      </object_component>
      <object_component id="oc-16e">
         <name>.debug_info</name>
         <load_address>0x13edf3</load_address>
         <run_address>0x13edf3</run_address>
         <size>0xffba</size>
         <input_file_ref idref="fl-2d"/>
      </object_component>
      <object_component id="oc-173">
         <name>.debug_info</name>
         <load_address>0x14edad</load_address>
         <run_address>0x14edad</run_address>
         <size>0xf9</size>
         <input_file_ref idref="fl-2e"/>
      </object_component>
      <object_component id="oc-177">
         <name>.debug_info</name>
         <load_address>0x14eea6</load_address>
         <run_address>0x14eea6</run_address>
         <size>0x5032e</size>
         <input_file_ref idref="fl-2f"/>
      </object_component>
      <object_component id="oc-1de">
         <name>.debug_info</name>
         <load_address>0x19f1d4</load_address>
         <run_address>0x19f1d4</run_address>
         <size>0x176</size>
         <input_file_ref idref="fl-42"/>
      </object_component>
      <object_component id="oc-1e3">
         <name>.debug_info</name>
         <load_address>0x19f34a</load_address>
         <run_address>0x19f34a</run_address>
         <size>0x179</size>
         <input_file_ref idref="fl-43"/>
      </object_component>
      <object_component id="oc-1e8">
         <name>.debug_info</name>
         <load_address>0x19f4c3</load_address>
         <run_address>0x19f4c3</run_address>
         <size>0x144</size>
         <input_file_ref idref="fl-44"/>
      </object_component>
      <object_component id="oc-1ec">
         <name>.debug_info</name>
         <load_address>0x19f607</load_address>
         <run_address>0x19f607</run_address>
         <size>0x58a</size>
         <input_file_ref idref="fl-45"/>
      </object_component>
      <object_component id="oc-1f1">
         <name>.debug_info</name>
         <load_address>0x19fb91</load_address>
         <run_address>0x19fb91</run_address>
         <size>0x485</size>
         <input_file_ref idref="fl-46"/>
      </object_component>
      <object_component id="oc-1f6">
         <name>.debug_info</name>
         <load_address>0x1a0016</load_address>
         <run_address>0x1a0016</run_address>
         <size>0x3f8</size>
         <input_file_ref idref="fl-47"/>
      </object_component>
      <object_component id="oc-1fb">
         <name>.debug_info</name>
         <load_address>0x1a040e</load_address>
         <run_address>0x1a040e</run_address>
         <size>0x3f5</size>
         <input_file_ref idref="fl-48"/>
      </object_component>
      <object_component id="oc-200">
         <name>.debug_info</name>
         <load_address>0x1a0803</load_address>
         <run_address>0x1a0803</run_address>
         <size>0x58f</size>
         <input_file_ref idref="fl-49"/>
      </object_component>
      <object_component id="oc-207">
         <name>.debug_info</name>
         <load_address>0x1a0d92</load_address>
         <run_address>0x1a0d92</run_address>
         <size>0x517</size>
         <input_file_ref idref="fl-4a"/>
      </object_component>
      <object_component id="oc-20c">
         <name>.debug_info</name>
         <load_address>0x1a12a9</load_address>
         <run_address>0x1a12a9</run_address>
         <size>0x4b2</size>
         <input_file_ref idref="fl-4b"/>
      </object_component>
      <object_component id="oc-211">
         <name>.debug_info</name>
         <load_address>0x1a175b</load_address>
         <run_address>0x1a175b</run_address>
         <size>0x3c1</size>
         <input_file_ref idref="fl-4c"/>
      </object_component>
      <object_component id="oc-2bf">
         <name>.debug_info</name>
         <load_address>0x1a1b1c</load_address>
         <run_address>0x1a1b1c</run_address>
         <size>0xa6</size>
      </object_component>
      <object_component id="oc-8b">
         <name>.debug_frame</name>
         <load_address>0x0</load_address>
         <run_address>0x0</run_address>
         <size>0x1c8</size>
         <input_file_ref idref="fl-2"/>
      </object_component>
      <object_component id="oc-92">
         <name>.debug_frame</name>
         <load_address>0x1c8</load_address>
         <run_address>0x1c8</run_address>
         <size>0x538</size>
         <input_file_ref idref="fl-3"/>
      </object_component>
      <object_component id="oc-97">
         <name>.debug_frame</name>
         <load_address>0x700</load_address>
         <run_address>0x700</run_address>
         <size>0xcc</size>
         <input_file_ref idref="fl-4"/>
      </object_component>
      <object_component id="oc-9c">
         <name>.debug_frame</name>
         <load_address>0x7cc</load_address>
         <run_address>0x7cc</run_address>
         <size>0x30</size>
         <input_file_ref idref="fl-5"/>
      </object_component>
      <object_component id="oc-a4">
         <name>.debug_frame</name>
         <load_address>0x7fc</load_address>
         <run_address>0x7fc</run_address>
         <size>0x1e0</size>
         <input_file_ref idref="fl-6"/>
      </object_component>
      <object_component id="oc-b8">
         <name>.debug_frame</name>
         <load_address>0x9dc</load_address>
         <run_address>0x9dc</run_address>
         <size>0x30</size>
         <input_file_ref idref="fl-a"/>
      </object_component>
      <object_component id="oc-c2">
         <name>.debug_frame</name>
         <load_address>0xa0c</load_address>
         <run_address>0xa0c</run_address>
         <size>0x30</size>
         <input_file_ref idref="fl-c"/>
      </object_component>
      <object_component id="oc-c7">
         <name>.debug_frame</name>
         <load_address>0xa3c</load_address>
         <run_address>0xa3c</run_address>
         <size>0x30</size>
         <input_file_ref idref="fl-d"/>
      </object_component>
      <object_component id="oc-cc">
         <name>.debug_frame</name>
         <load_address>0xa6c</load_address>
         <run_address>0xa6c</run_address>
         <size>0x30</size>
         <input_file_ref idref="fl-e"/>
      </object_component>
      <object_component id="oc-d1">
         <name>.debug_frame</name>
         <load_address>0xa9c</load_address>
         <run_address>0xa9c</run_address>
         <size>0x30</size>
         <input_file_ref idref="fl-f"/>
      </object_component>
      <object_component id="oc-d6">
         <name>.debug_frame</name>
         <load_address>0xacc</load_address>
         <run_address>0xacc</run_address>
         <size>0x30</size>
         <input_file_ref idref="fl-10"/>
      </object_component>
      <object_component id="oc-db">
         <name>.debug_frame</name>
         <load_address>0xafc</load_address>
         <run_address>0xafc</run_address>
         <size>0x130</size>
         <input_file_ref idref="fl-11"/>
      </object_component>
      <object_component id="oc-e0">
         <name>.debug_frame</name>
         <load_address>0xc2c</load_address>
         <run_address>0xc2c</run_address>
         <size>0x30</size>
         <input_file_ref idref="fl-12"/>
      </object_component>
      <object_component id="oc-eb">
         <name>.debug_frame</name>
         <load_address>0xc5c</load_address>
         <run_address>0xc5c</run_address>
         <size>0x64</size>
         <input_file_ref idref="fl-14"/>
      </object_component>
      <object_component id="oc-f6">
         <name>.debug_frame</name>
         <load_address>0xcc0</load_address>
         <run_address>0xcc0</run_address>
         <size>0x163c</size>
         <input_file_ref idref="fl-16"/>
      </object_component>
      <object_component id="oc-fb">
         <name>.debug_frame</name>
         <load_address>0x22fc</load_address>
         <run_address>0x22fc</run_address>
         <size>0x30</size>
         <input_file_ref idref="fl-17"/>
      </object_component>
      <object_component id="oc-100">
         <name>.debug_frame</name>
         <load_address>0x232c</load_address>
         <run_address>0x232c</run_address>
         <size>0x30</size>
         <input_file_ref idref="fl-18"/>
      </object_component>
      <object_component id="oc-105">
         <name>.debug_frame</name>
         <load_address>0x235c</load_address>
         <run_address>0x235c</run_address>
         <size>0x30</size>
         <input_file_ref idref="fl-19"/>
      </object_component>
      <object_component id="oc-10a">
         <name>.debug_frame</name>
         <load_address>0x238c</load_address>
         <run_address>0x238c</run_address>
         <size>0x30</size>
         <input_file_ref idref="fl-1a"/>
      </object_component>
      <object_component id="oc-10f">
         <name>.debug_frame</name>
         <load_address>0x23bc</load_address>
         <run_address>0x23bc</run_address>
         <size>0x30</size>
         <input_file_ref idref="fl-1b"/>
      </object_component>
      <object_component id="oc-114">
         <name>.debug_frame</name>
         <load_address>0x23ec</load_address>
         <run_address>0x23ec</run_address>
         <size>0x1b0</size>
         <input_file_ref idref="fl-1c"/>
      </object_component>
      <object_component id="oc-119">
         <name>.debug_frame</name>
         <load_address>0x259c</load_address>
         <run_address>0x259c</run_address>
         <size>0x30</size>
         <input_file_ref idref="fl-1d"/>
      </object_component>
      <object_component id="oc-11e">
         <name>.debug_frame</name>
         <load_address>0x25cc</load_address>
         <run_address>0x25cc</run_address>
         <size>0x30</size>
         <input_file_ref idref="fl-1e"/>
      </object_component>
      <object_component id="oc-129">
         <name>.debug_frame</name>
         <load_address>0x25fc</load_address>
         <run_address>0x25fc</run_address>
         <size>0x30</size>
         <input_file_ref idref="fl-1f"/>
      </object_component>
      <object_component id="oc-12e">
         <name>.debug_frame</name>
         <load_address>0x262c</load_address>
         <run_address>0x262c</run_address>
         <size>0x30</size>
         <input_file_ref idref="fl-20"/>
      </object_component>
      <object_component id="oc-133">
         <name>.debug_frame</name>
         <load_address>0x265c</load_address>
         <run_address>0x265c</run_address>
         <size>0x30</size>
         <input_file_ref idref="fl-21"/>
      </object_component>
      <object_component id="oc-138">
         <name>.debug_frame</name>
         <load_address>0x268c</load_address>
         <run_address>0x268c</run_address>
         <size>0x218</size>
         <input_file_ref idref="fl-22"/>
      </object_component>
      <object_component id="oc-13d">
         <name>.debug_frame</name>
         <load_address>0x28a4</load_address>
         <run_address>0x28a4</run_address>
         <size>0x30</size>
         <input_file_ref idref="fl-23"/>
      </object_component>
      <object_component id="oc-142">
         <name>.debug_frame</name>
         <load_address>0x28d4</load_address>
         <run_address>0x28d4</run_address>
         <size>0x30</size>
         <input_file_ref idref="fl-24"/>
      </object_component>
      <object_component id="oc-149">
         <name>.debug_frame</name>
         <load_address>0x2904</load_address>
         <run_address>0x2904</run_address>
         <size>0x30</size>
         <input_file_ref idref="fl-26"/>
      </object_component>
      <object_component id="oc-14e">
         <name>.debug_frame</name>
         <load_address>0x2934</load_address>
         <run_address>0x2934</run_address>
         <size>0x21c</size>
         <input_file_ref idref="fl-27"/>
      </object_component>
      <object_component id="oc-154">
         <name>.debug_frame</name>
         <load_address>0x2b50</load_address>
         <run_address>0x2b50</run_address>
         <size>0x30</size>
         <input_file_ref idref="fl-28"/>
      </object_component>
      <object_component id="oc-159">
         <name>.debug_frame</name>
         <load_address>0x2b80</load_address>
         <run_address>0x2b80</run_address>
         <size>0x30</size>
         <input_file_ref idref="fl-29"/>
      </object_component>
      <object_component id="oc-15e">
         <name>.debug_frame</name>
         <load_address>0x2bb0</load_address>
         <run_address>0x2bb0</run_address>
         <size>0x30</size>
         <input_file_ref idref="fl-2a"/>
      </object_component>
      <object_component id="oc-165">
         <name>.debug_frame</name>
         <load_address>0x2be0</load_address>
         <run_address>0x2be0</run_address>
         <size>0x30</size>
         <input_file_ref idref="fl-2b"/>
      </object_component>
      <object_component id="oc-16a">
         <name>.debug_frame</name>
         <load_address>0x2c10</load_address>
         <run_address>0x2c10</run_address>
         <size>0x30</size>
         <input_file_ref idref="fl-2c"/>
      </object_component>
      <object_component id="oc-1ed">
         <name>.debug_frame</name>
         <load_address>0x2c40</load_address>
         <run_address>0x2c40</run_address>
         <size>0x68</size>
         <input_file_ref idref="fl-45"/>
      </object_component>
      <object_component id="oc-1f2">
         <name>.debug_frame</name>
         <load_address>0x2ca8</load_address>
         <run_address>0x2ca8</run_address>
         <size>0x48</size>
         <input_file_ref idref="fl-46"/>
      </object_component>
      <object_component id="oc-1f7">
         <name>.debug_frame</name>
         <load_address>0x2cf0</load_address>
         <run_address>0x2cf0</run_address>
         <size>0x48</size>
         <input_file_ref idref="fl-47"/>
      </object_component>
      <object_component id="oc-1fc">
         <name>.debug_frame</name>
         <load_address>0x2d38</load_address>
         <run_address>0x2d38</run_address>
         <size>0x48</size>
         <input_file_ref idref="fl-48"/>
      </object_component>
      <object_component id="oc-203">
         <name>.debug_frame</name>
         <load_address>0x2d80</load_address>
         <run_address>0x2d80</run_address>
         <size>0x68</size>
         <input_file_ref idref="fl-49"/>
      </object_component>
      <object_component id="oc-208">
         <name>.debug_frame</name>
         <load_address>0x2de8</load_address>
         <run_address>0x2de8</run_address>
         <size>0x78</size>
         <input_file_ref idref="fl-4a"/>
      </object_component>
      <object_component id="oc-20d">
         <name>.debug_frame</name>
         <load_address>0x2e60</load_address>
         <run_address>0x2e60</run_address>
         <size>0x48</size>
         <input_file_ref idref="fl-4b"/>
      </object_component>
      <object_component id="oc-212">
         <name>.debug_frame</name>
         <load_address>0x2ea8</load_address>
         <run_address>0x2ea8</run_address>
         <size>0x30</size>
         <input_file_ref idref="fl-4c"/>
      </object_component>
      <object_component id="oc-8c">
         <name>.debug_line</name>
         <load_address>0x0</load_address>
         <run_address>0x0</run_address>
         <size>0x191</size>
         <input_file_ref idref="fl-2"/>
      </object_component>
      <object_component id="oc-93">
         <name>.debug_line</name>
         <load_address>0x191</load_address>
         <run_address>0x191</run_address>
         <size>0x6d6</size>
         <input_file_ref idref="fl-3"/>
      </object_component>
      <object_component id="oc-98">
         <name>.debug_line</name>
         <load_address>0x867</load_address>
         <run_address>0x867</run_address>
         <size>0x160</size>
         <input_file_ref idref="fl-4"/>
      </object_component>
      <object_component id="oc-9d">
         <name>.debug_line</name>
         <load_address>0x9c7</load_address>
         <run_address>0x9c7</run_address>
         <size>0x37</size>
         <input_file_ref idref="fl-5"/>
      </object_component>
      <object_component id="oc-a5">
         <name>.debug_line</name>
         <load_address>0x9fe</load_address>
         <run_address>0x9fe</run_address>
         <size>0x1bc</size>
         <input_file_ref idref="fl-6"/>
      </object_component>
      <object_component id="oc-aa">
         <name>.debug_line</name>
         <load_address>0xbba</load_address>
         <run_address>0xbba</run_address>
         <size>0x123</size>
         <input_file_ref idref="fl-7"/>
      </object_component>
      <object_component id="oc-af">
         <name>.debug_line</name>
         <load_address>0xcdd</load_address>
         <run_address>0xcdd</run_address>
         <size>0x75</size>
         <input_file_ref idref="fl-8"/>
      </object_component>
      <object_component id="oc-b4">
         <name>.debug_line</name>
         <load_address>0xd52</load_address>
         <run_address>0xd52</run_address>
         <size>0x94</size>
         <input_file_ref idref="fl-9"/>
      </object_component>
      <object_component id="oc-b9">
         <name>.debug_line</name>
         <load_address>0xde6</load_address>
         <run_address>0xde6</run_address>
         <size>0x7f</size>
         <input_file_ref idref="fl-a"/>
      </object_component>
      <object_component id="oc-be">
         <name>.debug_line</name>
         <load_address>0xe65</load_address>
         <run_address>0xe65</run_address>
         <size>0x70</size>
         <input_file_ref idref="fl-b"/>
      </object_component>
      <object_component id="oc-c3">
         <name>.debug_line</name>
         <load_address>0xed5</load_address>
         <run_address>0xed5</run_address>
         <size>0x28</size>
         <input_file_ref idref="fl-c"/>
      </object_component>
      <object_component id="oc-c8">
         <name>.debug_line</name>
         <load_address>0xefd</load_address>
         <run_address>0xefd</run_address>
         <size>0x29</size>
         <input_file_ref idref="fl-d"/>
      </object_component>
      <object_component id="oc-cd">
         <name>.debug_line</name>
         <load_address>0xf26</load_address>
         <run_address>0xf26</run_address>
         <size>0x2a</size>
         <input_file_ref idref="fl-e"/>
      </object_component>
      <object_component id="oc-d2">
         <name>.debug_line</name>
         <load_address>0xf50</load_address>
[...]
         <value>0xa89a</value>
         <object_component_ref idref="oc-170"/>
      </symbol>
      <symbol id="sm-5cb">
         <name>_EQEP</name>
         <value>0xa892</value>
         <object_component_ref idref="oc-170"/>
      </symbol>
      <symbol id="sm-5cc">
         <name>_SDFM</name>
         <value>0xa88c</value>
         <object_component_ref idref="oc-170"/>
      </symbol>
      <symbol id="sm-5cd">
         <name>_ADC</name>
         <value>0xa8a2</value>
         <object_component_ref idref="oc-170"/>
      </symbol>
      <symbol id="sm-5ce">
         <name>_SCI</name>
         <value>0xa880</value>
         <object_component_ref idref="oc-170"/>
      </symbol>
      <symbol id="sm-5da">
         <name>_F28x_usDelay</name>
         <value>0x272</value>
         <object_component_ref idref="oc-172"/>
      </symbol>
      <symbol id="sm-6a6">
         <name>_WdRegs</name>
         <value>0x7000</value>
         <object_component_ref idref="oc-1b4"/>
      </symbol>
      <symbol id="sm-6a7">
         <name>_CanaRegs</name>
         <value>0x48000</value>
         <object_component_ref idref="oc-1d6"/>
      </symbol>
      <symbol id="sm-6a8">
         <name>_GpioCtrlRegs</name>
         <value>0x7c00</value>
         <object_component_ref idref="oc-1d8"/>
      </symbol>
      <symbol id="sm-6a9">
         <name>_PieVectTable</name>
         <value>0xd00</value>
         <object_component_ref idref="oc-1da"/>
      </symbol>
      <symbol id="sm-6aa">
         <name>_Cmpss6Regs</name>
         <value>0x5d20</value>
         <object_component_ref idref="oc-19e"/>
      </symbol>
      <symbol id="sm-6ab">
         <name>_ClkCfgRegs</name>
         <value>0x5d200</value>
         <object_component_ref idref="oc-1b6"/>
      </symbol>
      <symbol id="sm-6ac">
         <name>_XbarRegs</name>
         <value>0x7920</value>
         <object_component_ref idref="oc-198"/>
      </symbol>
      <symbol id="sm-6ad">
         <name>_RomWaitStateRegs</name>
         <value>0x5f540</value>
         <object_component_ref idref="oc-17c"/>
      </symbol>
      <symbol id="sm-6ae">
         <name>_AdcdRegs</name>
         <value>0x7580</value>
         <object_component_ref idref="oc-1c6"/>
      </symbol>
      <symbol id="sm-6af">
         <name>_ScidRegs</name>
         <value>0x7230</value>
         <object_component_ref idref="oc-18c"/>
      </symbol>
      <symbol id="sm-6b0">
         <name>_EmuBMode</name>
         <value>0xd01</value>
         <object_component_ref idref="oc-178"/>
      </symbol>
      <symbol id="sm-6b1">
         <name>_DcsmZ1Otp</name>
         <value>0x78000</value>
         <object_component_ref idref="oc-1a8"/>
      </symbol>
      <symbol id="sm-6b2">
         <name>_ECap4Regs</name>
         <value>0x5060</value>
         <object_component_ref idref="oc-195"/>
      </symbol>
      <symbol id="sm-6b3">
         <name>_Flash0EccRegs</name>
         <value>0x5fb00</value>
         <object_component_ref idref="oc-1b3"/>
      </symbol>
      <symbol id="sm-6b4">
         <name>_IpcRegs</name>
         <value>0x50000</value>
         <object_component_ref idref="oc-1ae"/>
      </symbol>
      <symbol id="sm-6b5">
         <name>_InputXbarRegs</name>
         <value>0x7900</value>
         <object_component_ref idref="oc-19a"/>
      </symbol>
      <symbol id="sm-6b6">
         <name>_EPwmXbarRegs</name>
         <value>0x7a00</value>
         <object_component_ref idref="oc-1ba"/>
      </symbol>
      <symbol id="sm-6b7">
         <name>_Cmpss7Regs</name>
         <value>0x5d40</value>
         <object_component_ref idref="oc-1a1"/>
      </symbol>
      <symbol id="sm-6b8">
         <name>_DcsmZ2Regs</name>
         <value>0x5f040</value>
         <object_component_ref idref="oc-1af"/>
      </symbol>
      <symbol id="sm-6b9">
         <name>_EPwm4Regs</name>
         <value>0x4300</value>
         <object_component_ref idref="oc-1ca"/>
      </symbol>
      <symbol id="sm-6ba">
         <name>_FlashPumpSemaphoreRegs</name>
         <value>0x50024</value>
         <object_component_ref idref="oc-17b"/>
      </symbol>
      <symbol id="sm-6bb">
         <name>_ECap5Regs</name>
         <value>0x5080</value>
         <object_component_ref idref="oc-196"/>
      </symbol>
      <symbol id="sm-6bc">
         <name>_I2cbRegs</name>
         <value>0x7340</value>
         <object_component_ref idref="oc-1ab"/>
      </symbol>
      <symbol id="sm-6bd">
         <name>_CpuTimer1Regs</name>
         <value>0xc08</value>
         <object_component_ref idref="oc-184"/>
      </symbol>
      <symbol id="sm-6be">
         <name>_RomPrefetchRegs</name>
         <value>0x5e608</value>
         <object_component_ref idref="oc-17a"/>
      </symbol>
      <symbol id="sm-6bf">
         <name>_Cmpss4Regs</name>
         <value>0x5ce0</value>
         <object_component_ref idref="oc-1a4"/>
      </symbol>
      <symbol id="sm-6c0">
         <name>_EPwm5Regs</name>
         <value>0x4400</value>
         <object_component_ref idref="oc-1c9"/>
      </symbol>
      <symbol id="sm-6c1">
         <name>_UppRegs</name>
         <value>0x6200</value>
         <object_component_ref idref="oc-1bd"/>
      </symbol>
      <symbol id="sm-6c2">
         <name>_SpiaRegs</name>
         <value>0x6100</value>
         <object_component_ref idref="oc-18e"/>
      </symbol>
      <symbol id="sm-6c3">
         <name>_CpuSysRegs</name>
         <value>0x5d300</value>
         <object_component_ref idref="oc-1c7"/>
      </symbol>
      <symbol id="sm-6c4">
         <name>_Cla1SoftIntRegs</name>
         <value>0xce0</value>
         <object_component_ref idref="oc-17d"/>
      </symbol>
      <symbol id="sm-6c5">
         <name>_CanbRegs</name>
         <value>0x4a000</value>
         <object_component_ref idref="oc-1d7"/>
      </symbol>
      <symbol id="sm-6c6">
         <name>_ECap6Regs</name>
         <value>0x50a0</value>
         <object_component_ref idref="oc-19c"/>
      </symbol>
      <symbol id="sm-6c7">
         <name>_DmaRegs</name>
         <value>0x1000</value>
         <object_component_ref idref="oc-1c8"/>
      </symbol>
      <symbol id="sm-6c8">
         <name>_XintRegs</name>
         <value>0x7070</value>
         <object_component_ref idref="oc-187"/>
      </symbol>
      <symbol id="sm-6c9">
         <name>_CpuTimer0Regs</name>
         <value>0xc00</value>
         <object_component_ref idref="oc-181"/>
      </symbol>
      <symbol id="sm-6ca">
         <name>_Cmpss5Regs</name>
         <value>0x5d00</value>
         <object_component_ref idref="oc-19f"/>
      </symbol>
      <symbol id="sm-6cb">
         <name>_Emif1Regs</name>
         <value>0x47000</value>
         <object_component_ref idref="oc-1be"/>
      </symbol>
      <symbol id="sm-6cc">
         <name>_AccessProtectionRegs</name>
         <value>0x5f4c0</value>
         <object_component_ref idref="oc-1b9"/>
      </symbol>
      <symbol id="sm-6cd">
         <name>_MemCfgRegs</name>
         <value>0x5f400</value>
         <object_component_ref idref="oc-1c3"/>
      </symbol>
      <symbol id="sm-6ce">
         <name>_DacaRegs</name>
         <value>0x5c00</value>
         <object_component_ref idref="oc-182"/>
      </symbol>
      <symbol id="sm-6cf">
         <name>_McbspbRegs</name>
         <value>0x6040</value>
         <object_component_ref idref="oc-1b2"/>
      </symbol>
      <symbol id="sm-6d0">
         <name>_EPwm6Regs</name>
         <value>0x4500</value>
         <object_component_ref idref="oc-1ce"/>
      </symbol>
      <symbol id="sm-6d1">
         <name>_AdcaRegs</name>
         <value>0x7400</value>
         <object_component_ref idref="oc-1c5"/>
      </symbol>
      <symbol id="sm-6d2">
         <name>_SciaRegs</name>
         <value>0x7200</value>
         <object_component_ref idref="oc-189"/>
      </symbol>
      <symbol id="sm-6d3">
         <name>_EPwm11Regs</name>
         <value>0x4a00</value>
         <object_component_ref idref="oc-1d0"/>
      </symbol>
      <symbol id="sm-6d4">
         <name>_GpioDataRegs</name>
         <value>0x7f00</value>
         <object_component_ref idref="oc-1b5"/>
      </symbol>
      <symbol id="sm-6d5">
         <name>_Sdfm1Regs</name>
         <value>0x5e00</value>
         <object_component_ref idref="oc-1c4"/>
      </symbol>
      <symbol id="sm-6d6">
         <name>_Cmpss2Regs</name>
         <value>0x5ca0</value>
         <object_component_ref idref="oc-1a2"/>
      </symbol>
      <symbol id="sm-6d7">
         <name>_Emif2Regs</name>
         <value>0x47800</value>
         <object_component_ref idref="oc-1bf"/>
      </symbol>
      <symbol id="sm-6d8">
         <name>_DcsmZ1Regs</name>
         <value>0x5f000</value>
         <object_component_ref idref="oc-1b0"/>
      </symbol>
      <symbol id="sm-6d9">
         <name>_Flash0CtrlRegs</name>
         <value>0x5f800</value>
         <object_component_ref idref="oc-1d9"/>
      </symbol>
      <symbol id="sm-6da">
         <name>_EPwm7Regs</name>
         <value>0x4600</value>
         <object_component_ref idref="oc-1cb"/>
      </symbol>
      <symbol id="sm-6db">
         <name>_SpicRegs</name>
         <value>0x6120</value>
         <object_component_ref idref="oc-18a"/>
      </symbol>
      <symbol id="sm-6dc">
         <name>_EPwm10Regs</name>
         <value>0x4900</value>
         <object_component_ref idref="oc-1d3"/>
      </symbol>
      <symbol id="sm-6dd">
         <name>_CpuTimer2Regs</name>
         <value>0xc10</value>
         <object_component_ref idref="oc-183"/>
      </symbol>
      <symbol id="sm-6de">
         <name>_DmaClaSrcSelRegs</name>
         <value>0x7980</value>
         <object_component_ref idref="oc-194"/>
      </symbol>
      <symbol id="sm-6df">
         <name>_AnalogSubsysRegs</name>
         <value>0x5d180</value>
         <object_component_ref idref="oc-1bc"/>
      </symbol>
      <symbol id="sm-6e0">
         <name>_Cmpss3Regs</name>
         <value>0x5cc0</value>
         <object_component_ref idref="oc-1a5"/>
      </symbol>
      <symbol id="sm-6e1">
         <name>_DaccRegs</name>
         <value>0x5c20</value>
         <object_component_ref idref="oc-180"/>
      </symbol>
      <symbol id="sm-6e2">
         <name>_PieCtrlRegs</name>
         <value>0xce0</value>
         <object_component_ref idref="oc-193"/>
      </symbol>
      <symbol id="sm-6e3">
         <name>_DevCfgRegs</name>
         <value>0x5d000</value>
         <object_component_ref idref="oc-1d5"/>
      </symbol>
      <symbol id="sm-6e4">
         <name>_SpibRegs</name>
         <value>0x6110</value>
         <object_component_ref idref="oc-18d"/>
      </symbol>
      <symbol id="sm-6e5">
         <name>_AdccRegs</name>
         <value>0x7500</value>
         <object_component_ref idref="oc-1c1"/>
      </symbol>
      <symbol id="sm-6e6">
         <name>_ScicRegs</name>
         <value>0x7220</value>
         <object_component_ref idref="oc-18b"/>
      </symbol>
      <symbol id="sm-6e7">
         <name>_ECap1Regs</name>
         <value>0x5000</value>
         <object_component_ref idref="oc-1a7"/>
      </symbol>
      <symbol id="sm-6e8">
         <name>_EmuKey</name>
         <value>0xd00</value>
         <object_component_ref idref="oc-179"/>
      </symbol>
      <symbol id="sm-6e9">
         <name>_OutputXbarRegs</name>
         <value>0x7a80</value>
         <object_component_ref idref="oc-1bb"/>
      </symbol>
      <symbol id="sm-6ea">
         <name>_MemoryErrorRegs</name>
         <value>0x5f500</value>
         <object_component_ref idref="oc-1b8"/>
      </symbol>
      <symbol id="sm-6eb">
         <name>_Cla1Regs</name>
         <value>0x1400</value>
         <object_component_ref idref="oc-1b7"/>
      </symbol>
      <symbol id="sm-6ec">
         <name>_DcsmZ2Otp</name>
         <value>0x78200</value>
         <object_component_ref idref="oc-1a6"/>
      </symbol>
      <symbol id="sm-6ed">
         <name>_EQep1Regs</name>
         <value>0x5100</value>
         <object_component_ref idref="oc-1a9"/>
      </symbol>
      <symbol id="sm-6ee">
         <name>_DacbRegs</name>
         <value>0x5c10</value>
         <object_component_ref idref="oc-185"/>
      </symbol>
      <symbol id="sm-6ef">
         <name>_McbspaRegs</name>
         <value>0x6000</value>
         <object_component_ref idref="oc-1b1"/>
      </symbol>
      <symbol id="sm-6f0">
         <name>_EPwm1Regs</name>
         <value>0x4000</value>
         <object_component_ref idref="oc-1cd"/>
      </symbol>
      <symbol id="sm-6f1">
         <name>_AdcbRegs</name>
         <value>0x7480</value>
         <object_component_ref idref="oc-1c2"/>
      </symbol>
      <symbol id="sm-6f2">
         <name>_ScibRegs</name>
         <value>0x7210</value>
         <object_component_ref idref="oc-188"/>
      </symbol>
      <symbol id="sm-6f3">
         <name>_AdcaResultRegs</name>
         <value>0xb00</value>
         <object_component_ref idref="oc-190"/>
      </symbol>
      <symbol id="sm-6f4">
         <name>_ECap2Regs</name>
         <value>0x5020</value>
         <object_component_ref idref="oc-197"/>
      </symbol>
      <symbol id="sm-6f5">
         <name>_EPwm12Regs</name>
         <value>0x4b00</value>
         <object_component_ref idref="oc-1d1"/>
      </symbol>
      <symbol id="sm-6f6">
         <name>_AdcbResultRegs</name>
         <value>0xb20</value>
         <object_component_ref idref="oc-191"/>
      </symbol>
      <symbol id="sm-6f7">
         <name>_AdccResultRegs</name>
         <value>0xb40</value>
         <object_component_ref idref="oc-18f"/>
      </symbol>
      <symbol id="sm-6f8">
         <name>_Emif1ConfigRegs</name>
         <value>0x5f480</value>
         <object_component_ref idref="oc-199"/>
      </symbol>
      <symbol id="sm-6f9">
         <name>_Sdfm2Regs</name>
         <value>0x5e80</value>
         <object_component_ref idref="oc-1c0"/>
      </symbol>
      <symbol id="sm-6fa">
         <name>_AdcdResultRegs</name>
         <value>0xb60</value>
         <object_component_ref idref="oc-192"/>
      </symbol>
      <symbol id="sm-6fb">
         <name>_EQep2Regs</name>
         <value>0x5140</value>
         <object_component_ref idref="oc-1aa"/>
      </symbol>
      <symbol id="sm-6fc">
         <name>_Cmpss1Regs</name>
         <value>0x5c80</value>
         <object_component_ref idref="oc-1a3"/>
      </symbol>
      <symbol id="sm-6fd">
         <name>_EPwm8Regs</name>
         <value>0x4700</value>
         <object_component_ref idref="oc-1d4"/>
      </symbol>
      <symbol id="sm-6fe">
         <name>_Emif2ConfigRegs</name>
         <value>0x5f4a0</value>
         <object_component_ref idref="oc-19b"/>
      </symbol>
      <symbol id="sm-6ff">
         <name>_DcsmCommonRegs</name>
         <value>0x5f070</value>
         <object_component_ref idref="oc-186"/>
      </symbol>
      <symbol id="sm-700">
         <name>_EPwm2Regs</name>
         <value>0x4100</value>
         <object_component_ref idref="oc-1cc"/>
      </symbol>
      <symbol id="sm-701">
         <name>_ECap3Regs</name>
         <value>0x5040</value>
         <object_component_ref idref="oc-19d"/>
      </symbol>
      <symbol id="sm-702">
         <name>_Cmpss8Regs</name>
         <value>0x5d60</value>
         <object_component_ref idref="oc-1a0"/>
      </symbol>
      <symbol id="sm-703">
         <name>_EQep3Regs</name>
         <value>0x5180</value>
         <object_component_ref idref="oc-1ac"/>
      </symbol>
      <symbol id="sm-704">
         <name>_SyncSocRegs</name>
         <value>0x7940</value>
         <object_component_ref idref="oc-17e"/>
      </symbol>
      <symbol id="sm-705">
         <name>_EPwm9Regs</name>
         <value>0x4800</value>
         <object_component_ref idref="oc-1d2"/>
      </symbol>
      <symbol id="sm-706">
         <name>_NmiIntruptRegs</name>
         <value>0x7060</value>
         <object_component_ref idref="oc-17f"/>
      </symbol>
      <symbol id="sm-707">
         <name>_EPwm3Regs</name>
         <value>0x4200</value>
         <object_component_ref idref="oc-1cf"/>
      </symbol>
      <symbol id="sm-708">
         <name>_I2caRegs</name>
         <value>0x7300</value>
         <object_component_ref idref="oc-1ad"/>
      </symbol>
      <symbol id="sm-723">
         <name>_c_int00</name>
         <value>0x8f8a</value>
         <object_component_ref idref="oc-89"/>
      </symbol>
      <symbol id="sm-724">
         <name>__stack</name>
         <value>0x400</value>
         <object_component_ref idref="oc-1dc"/>
      </symbol>
      <symbol id="sm-730">
         <name>LL$$AND</name>
         <value>0x931c</value>
         <object_component_ref idref="oc-1e2"/>
      </symbol>
      <symbol id="sm-731">
         <name>LL$$OR</name>
         <value>0x9324</value>
         <object_component_ref idref="oc-1e2"/>
      </symbol>
      <symbol id="sm-732">
         <name>LL$$XOR</name>
         <value>0x932c</value>
         <object_component_ref idref="oc-1e2"/>
      </symbol>
      <symbol id="sm-740">
         <name>I$$MOD</name>
         <value>0x92f2</value>
         <object_component_ref idref="oc-1e7"/>
      </symbol>
      <symbol id="sm-741">
         <name>I$$DIV</name>
         <value>0x92e1</value>
         <object_component_ref idref="oc-1e7"/>
      </symbol>
      <symbol id="sm-750">
         <name>_copy_in</name>
         <value>0x87c9</value>
         <object_component_ref idref="oc-217"/>
      </symbol>
      <symbol id="sm-761">
         <name>_memcpy</name>
         <value>0x8fe0</value>
         <object_component_ref idref="oc-21c"/>
      </symbol>
      <symbol id="sm-76d">
         <name>__system_pre_init</name>
         <value>0xb7fb</value>
         <object_component_ref idref="oc-216"/>
      </symbol>
      <symbol id="sm-77a">
         <name>__system_post_cinit</name>
         <value>0xb7fd</value>
         <object_component_ref idref="oc-218"/>
      </symbol>
      <symbol id="sm-78e">
         <name>C$$EXIT</name>
         <value>0xb7c9</value>
         <object_component_ref idref="oc-21a"/>
      </symbol>
      <symbol id="sm-78f">
         <name>_exit</name>
         <value>0xb7cb</value>
         <object_component_ref idref="oc-21a"/>
      </symbol>
      <symbol id="sm-790">
         <name>___TI_cleanup_ptr</name>
         <value>0xa974</value>
         <object_component_ref idref="oc-202"/>
      </symbol>
      <symbol id="sm-791">
         <name>___TI_enable_exit_profile_output</name>
         <value>0xa972</value>
         <object_component_ref idref="oc-202"/>
      </symbol>
      <symbol id="sm-792">
         <name>_abort</name>
         <value>0xb7c9</value>
         <object_component_ref idref="oc-21a"/>
      </symbol>
      <symbol id="sm-793">
         <name>___TI_dtors_ptr</name>
         <value>0xa976</value>
         <object_component_ref idref="oc-202"/>
      </symbol>
      <symbol id="sm-7a7">
         <name>__unlock</name>
         <value>0xa978</value>
         <object_component_ref idref="oc-22a"/>
      </symbol>
      <symbol id="sm-7a8">
         <name>__lock</name>
         <value>0xa8fe</value>
         <object_component_ref idref="oc-21d"/>
      </symbol>
      <symbol id="sm-7a9">
         <name>__register_lock</name>
         <value>0xb7f6</value>
         <object_component_ref idref="oc-224"/>
      </symbol>
      <symbol id="sm-7aa">
         <name>__nop</name>
         <value>0xb7fa</value>
         <object_component_ref idref="oc-224"/>
      </symbol>
      <symbol id="sm-7ab">
         <name>__register_unlock</name>
         <value>0xb7f2</value>
         <object_component_ref idref="oc-224"/>
      </symbol>
      <symbol id="sm-7ba">
         <name>__args_main</name>
         <value>0x9303</value>
         <object_component_ref idref="oc-219"/>
      </symbol>
   </symbol_table>
   <title>Link successful</title>
</link_info>
