******************************************************************************
             TMS320C2000 Linker PC v18.1.4                     
******************************************************************************
>> Linked Sat Apr 20 15:22:53 2019

OUTPUT FILE NAME:   <Lab5.out>
ENTRY POINT SYMBOL: "_c_int00"  address: 00083f9c


MEMORY CONFIGURATION

         name            origin    length      used     unused   attr    fill
----------------------  --------  ---------  --------  --------  ----  --------
PAGE 0:
  RAMM0                 00000122   000002de  00000000  000002de  RWIX
  RAMLS0                00008000   00000800  0000003b  000007c5  RWIX
  RAMLS1                00008800   00000800  00000000  00000800  RWIX
  RAMLS2                00009000   00000800  00000000  00000800  RWIX
  RAMLS3                00009800   00000800  00000000  00000800  RWIX
  RAMLS4                0000a000   00000800  00000000  00000800  RWIX
  RAMD0                 0000b000   00000800  00000000  00000800  RWIX
  RAMGS14               0001a000   00001000  00000000  00001000  RWIX
  RAMGS15               0001b000   00001000  00000000  00001000  RWIX
  BEGIN                 00080000   00000002  00000002  00000000  RWIX
  FLASHA                00080002   00001ffe  00000000  00001ffe  RWIX
  FLASHB                00082000   00002000  00001ffd  00000003  RWIX
  FLASHC                00084000   00002000  00000886  0000177a  RWIX
  FLASHD                00086000   00002000  0000003b  00001fc5  RWIX
  FLASHE                00088000   00008000  00000000  00008000  RWIX
  FLASHFGH              00090000   00018000  0001052f  00007ad1  RWIX
  FLASHMN               000bc000   00004000  00002d6c  00001294  RWIX
  RESET                 003fffc0   00000002  00000000  00000002  RWIX
  FLASHIJKL             00a80000   00016000  00000000  00016000  RWIX

PAGE 1:
  BOOT_RSVD             00000002   00000120  00000000  00000120  RWIX
  RAMM1                 00000400   00000400  00000200  00000200  RWIX
  ADCA_RESULT           00000b00   00000020  00000018  00000008  RWIX
  ADCB_RESULT           00000b20   00000020  00000018  00000008  RWIX
  ADCC_RESULT           00000b40   00000020  00000018  00000008  RWIX
  ADCD_RESULT           00000b60   00000020  00000018  00000008  RWIX
  CPU_TIMER0            00000c00   00000008  00000008  00000000  RWIX
  CPU_TIMER1            00000c08   00000008  00000008  00000000  RWIX
  CPU_TIMER2            00000c10   00000008  00000008  00000000  RWIX
  PIE_CTRL              00000ce0   00000020  0000001a  00000006  RWIX
  PIE_VECT              00000d00   00000200  00000000  00000200  RWIX
  DMA                   00001000   00000200  000000e0  00000120  RWIX
  CLA1                  00001400   00000040  0000003e  00000002  RWIX
  EPWM1                 00004000   00000100  00000100  00000000  RWIX
  EPWM2                 00004100   00000100  00000100  00000000  RWIX
  EPWM3                 00004200   00000100  00000100  00000000  RWIX
  EPWM4                 00004300   00000100  00000100  00000000  RWIX
  EPWM5                 00004400   00000100  00000100  00000000  RWIX
  EPWM6                 00004500   00000100  00000100  00000000  RWIX
  EPWM7                 00004600   00000100  00000100  00000000  RWIX
  EPWM8                 00004700   00000100  00000100  00000000  RWIX
  EPWM9                 00004800   00000100  00000100  00000000  RWIX
  EPWM10                00004900   00000100  00000100  00000000  RWIX
  EPWM11                00004a00   00000100  00000100  00000000  RWIX
  EPWM12                00004b00   00000100  00000100  00000000  RWIX
  ECAP1                 00005000   00000020  00000020  00000000  RWIX
  ECAP2                 00005020   00000020  00000020  00000000  RWIX
  ECAP3                 00005040   00000020  00000020  00000000  RWIX
  ECAP4                 00005060   00000020  00000020  00000000  RWIX
  ECAP5                 00005080   00000020  00000020  00000000  RWIX
  ECAP6                 000050a0   00000020  00000020  00000000  RWIX
  EQEP1                 00005100   00000040  00000022  0000001e  RWIX
  EQEP2                 00005140   00000040  00000022  0000001e  RWIX
  EQEP3                 00005180   00000040  00000022  0000001e  RWIX
  DACA                  00005c00   00000010  00000008  00000008  RWIX
  DACB                  00005c10   00000010  00000008  00000008  RWIX
  DACC                  00005c20   00000010  00000008  00000008  RWIX
  CMPSS1                00005c80   00000020  00000020  00000000  RWIX
  CMPSS2                00005ca0   00000020  00000020  00000000  RWIX
  CMPSS3                00005cc0   00000020  00000020  00000000  RWIX
  CMPSS4                00005ce0   00000020  00000020  00000000  RWIX
  CMPSS5                00005d00   00000020  00000020  00000000  RWIX
  CMPSS6                00005d20   00000020  00000020  00000000  RWIX
  CMPSS7                00005d40   00000020  00000020  00000000  RWIX
  CMPSS8                00005d60   00000020  00000020  00000000  RWIX
  SDFM1                 00005e00   00000080  00000080  00000000  RWIX
  SDFM2                 00005e80   00000080  00000080  00000000  RWIX
  MCBSPA                00006000   00000040  00000024  0000001c  RWIX
  MCBSPB                00006040   00000040  00000024  0000001c  RWIX
  SPIA                  00006100   00000010  00000010  00000000  RWIX
  SPIB                  00006110   00000010  00000010  00000000  RWIX
  SPIC                  00006120   00000010  00000010  00000000  RWIX
  SPID                  00006130   00000010  00000000  00000010  RWIX
  UPP                   00006200   00000100  00000048  000000b8  RWIX
  WD                    00007000   00000040  0000002b  00000015  RWIX
  NMIINTRUPT            00007060   00000010  00000007  00000009  RWIX
  XINT                  00007070   00000010  0000000b  00000005  RWIX
  SCIA                  00007200   00000010  00000010  00000000  RWIX
  SCIB                  00007210   00000010  00000010  00000000  RWIX
  SCIC                  00007220   00000010  00000010  00000000  RWIX
  SCID                  00007230   00000010  00000010  00000000  RWIX
  I2CA                  00007300   00000040  00000022  0000001e  RWIX
  I2CB                  00007340   00000040  00000022  0000001e  RWIX
  ADCA                  00007400   00000080  00000080  00000000  RWIX
  ADCB                  00007480   00000080  00000080  00000000  RWIX
  ADCC                  00007500   00000080  00000080  00000000  RWIX
  ADCD                  00007580   00000080  00000080  00000000  RWIX
  INPUT_XBAR            00007900   00000020  00000020  00000000  RWIX
  XBAR                  00007920   00000020  00000020  00000000  RWIX
  SYNC_SOC              00007940   00000010  00000006  0000000a  RWIX
  DMACLASRCSEL          00007980   00000040  0000001a  00000026  RWIX
  EPWM_XBAR             00007a00   00000040  00000040  00000000  RWIX
  CLB_XBAR              00007a40   00000040  00000000  00000040  RWIX
  OUTPUT_XBAR           00007a80   00000040  00000040  00000000  RWIX
  GPIOCTRL              00007c00   00000180  00000180  00000000  RWIX
  GPIODAT               00007f00   00000030  00000030  00000000  RWIX
  RAMLS5                0000a800   00000800  0000017d  00000683  RWIX
  RAMD1                 0000b800   00000800  00000000  00000800  RWIX
  RAMGS0                0000c000   00001000  00000000  00001000  RWIX
  RAMGS1                0000d000   00001000  00000000  00001000  RWIX
  PINGLOOP              0000e000   00006000  00006000  00000000  RWIX
  PONGLOOP              00014000   00006000  00006000  00000000  RWIX
  CPU2TOCPU1RAM         0003f800   00000400  00000000  00000400  RWIX
  CPU1TOCPU2RAM         0003fc00   00000400  00000088  00000378  RWIX
  EMIF1                 00047000   00000800  00000070  00000790  RWIX
  EMIF2                 00047800   00000800  00000070  00000790  RWIX
  CANA                  00048000   00000800  00000164  0000069c  RWIX
  CANB                  0004a000   00000800  00000164  0000069c  RWIX
  IPC                   00050000   00000024  00000024  00000000  RWIX
  FLASHPUMPSEMAPHORE    00050024   00000002  00000002  00000000  RWIX
  DEV_CFG               0005d000   00000180  0000012e  00000052  RWIX
  ANALOG_SUBSYS         0005d180   00000080  00000048  00000038  RWIX
  CLK_CFG               0005d200   00000100  00000032  000000ce  RWIX
  CPU_SYS               0005d300   00000100  00000082  0000007e  RWIX
  ROMPREFETCH           0005e608   00000002  00000002  00000000  RWIX
  DCSM_Z1               0005f000   00000030  00000024  0000000c  RWIX
  DCSM_Z2               0005f040   00000030  00000024  0000000c  RWIX
  DCSM_COMMON           0005f070   00000010  00000008  00000008  RWIX
  MEMCFG                0005f400   00000080  00000080  00000000  RWIX
  EMIF1CONFIG           0005f480   00000020  00000020  00000000  RWIX
  EMIF2CONFIG           0005f4a0   00000020  00000020  00000000  RWIX
  ACCESSPROTECTION      0005f4c0   00000040  00000040  00000000  RWIX
  MEMORYERROR           0005f500   00000040  00000040  00000000  RWIX
  ROMWAITSTATE          0005f540   00000002  00000002  00000000  RWIX
  FLASH0_CTRL           0005f800   00000300  00000182  0000017e  RWIX
  FLASH0_ECC            0005fb00   00000040  00000028  00000018  RWIX
  DCSM_Z1_OTP           00078000   00000020  00000020  00000000  RWIX
  DCSM_Z2_OTP           00078200   00000020  00000020  00000000  RWIX


SECTION ALLOCATION MAP

 output                                  attributes/
section   page    origin      length       input sections
--------  ----  ----------  ----------   ----------------
.cinit     0    00082000    00000141     
                  00082000    00000090     F2837xD_struct.obj (.cinit)
                  00082090    0000007c     APU.obj (.cinit)
                  0008210c    0000000e     rts2800_fpu32.lib : exit.c.obj (.cinit)
                  0008211a    0000000a     Player.obj (.cinit)
                  00082124    00000008     Gui.obj (.cinit)
                  0008212c    00000005     rts2800_fpu32.lib : _lock.c.obj (.cinit:__lock)
                  00082131    00000005                       : _lock.c.obj (.cinit:__unlock)
                  00082136    00000005     intro.obj (.cinit)
                  0008213b    00000004     F2837xD_sci_io.obj (.cinit)
                  0008213f    00000002     --HOLE-- [fill = 0]

.pinit     0    00082000    00000000     UNINITIALIZED

codestart 
*          0    00080000    00000002     
                  00080000    00000002     F2837xD_CodeStartBranch.obj (codestart)

.TI.ramfunc 
*          0    00086000    0000003b     RUN ADDR = 00008000
                  00086000    00000037     F2837xD_SysCtrl.obj (.TI.ramfunc)
                  00086037    00000004     F2837xD_usDelay.obj (.TI.ramfunc)

.stack     1    00000400    00000200     UNINITIALIZED
                  00000400    00000200     --HOLE--

.switch    0    00082144    00000020     
                  00082144    00000020     APU.obj (.switch:_writeRegister)

.reset     0    003fffc0    00000002     DSECT
                  003fffc0    00000002     rts2800_fpu32.lib : boot28.asm.obj (.reset)

PUTBUFFER 
*          1    0003fc00    00000080     UNINITIALIZED
                  0003fc00    00000080     F2837xD_Ipc_Driver.obj (PUTBUFFER)

PUTWRITEIDX 
*          1    0003fc80    00000004     UNINITIALIZED
                  0003fc80    00000004     F2837xD_Ipc_Driver.obj (PUTWRITEIDX)

GETREADIDX 
*          1    0003fc84    00000004     UNINITIALIZED
                  0003fc84    00000004     F2837xD_Ipc_Driver.obj (GETREADIDX)

GETBUFFER 
*          0    0003f800    00000080     DSECT
                  0003f800    00000080     F2837xD_Ipc_Driver.obj (GETBUFFER)

GETWRITEIDX 
*          0    0003f880    00000004     DSECT
                  0003f880    00000004     F2837xD_Ipc_Driver.obj (GETWRITEIDX)

PUTREADIDX 
*          0    0003f884    00000004     DSECT
                  0003f884    00000004     F2837xD_Ipc_Driver.obj (PUTREADIDX)

gui        0    000bc000    00002d6c     
                  000bc000    00002d6c     Gui.obj (gui)

pingloop   1    0000e000    00006000     UNINITIALIZED
                  0000e000    00006000     Gui.obj (pingloop)

pongloop   1    00014000    00006000     UNINITIALIZED
                  00014000    00006000     Gui.obj (pongloop)

PieVectTableFile 
*          0    00000d00    000001c0     DSECT
                  00000d00    000001c0     F2837xD_GlobalVariableDefs.obj (PieVectTableFile)

EmuKeyVar 
*          0    00000d00    00000001     DSECT
                  00000d00    00000001     F2837xD_GlobalVariableDefs.obj (EmuKeyVar)

EmuBModeVar 
*          0    00000d01    00000001     DSECT
                  00000d01    00000001     F2837xD_GlobalVariableDefs.obj (EmuBModeVar)

FlashCallbackVar 
*          0    00000d02    00000000     DSECT

FlashScalingVar 
*          0    00000d02    00000000     DSECT

.econst    0    00090000    0001052f     
                  00090000    0001051d     intro.obj (.econst:.string:_intro)
                  000a051d    00000001     lcd.obj (.econst:_clearCommand)
                  000a051e    0000000b     Gui.obj (.econst:.string)
                  000a0529    00000005     lcd.obj (.econst:_initCommands)
                  000a052e    00000001     lcd.obj (.econst:_shiftCommand)

AdcaResultFile 
*          1    00000b00    00000018     UNINITIALIZED
                  00000b00    00000018     F2837xD_GlobalVariableDefs.obj (AdcaResultFile)

AdcbResultFile 
*          1    00000b20    00000018     UNINITIALIZED
                  00000b20    00000018     F2837xD_GlobalVariableDefs.obj (AdcbResultFile)

AdccResultFile 
*          1    00000b40    00000018     UNINITIALIZED
                  00000b40    00000018     F2837xD_GlobalVariableDefs.obj (AdccResultFile)

AdcdResultFile 
*          1    00000b60    00000018     UNINITIALIZED
                  00000b60    00000018     F2837xD_GlobalVariableDefs.obj (AdcdResultFile)

CpuTimer0RegsFile 
*          1    00000c00    00000008     UNINITIALIZED
                  00000c00    00000008     F2837xD_GlobalVariableDefs.obj (CpuTimer0RegsFile)

CpuTimer1RegsFile 
*          1    00000c08    00000008     UNINITIALIZED
                  00000c08    00000008     F2837xD_GlobalVariableDefs.obj (CpuTimer1RegsFile)

CpuTimer2RegsFile 
*          1    00000c10    00000008     UNINITIALIZED
                  00000c10    00000008     F2837xD_GlobalVariableDefs.obj (CpuTimer2RegsFile)

PieCtrlRegsFile 
*          1    00000ce0    0000001a     UNINITIALIZED
                  00000ce0    0000001a     F2837xD_GlobalVariableDefs.obj (PieCtrlRegsFile)

DmaRegsFile 
*          1    00001000    000000e0     UNINITIALIZED
                  00001000    000000e0     F2837xD_GlobalVariableDefs.obj (DmaRegsFile)

Cla1RegsFile 
*          1    00001400    0000003e     UNINITIALIZED
                  00001400    0000003e     F2837xD_GlobalVariableDefs.obj (Cla1RegsFile)

EPwm1RegsFile 
*          1    00004000    00000100     UNINITIALIZED
                  00004000    00000100     F2837xD_GlobalVariableDefs.obj (EPwm1RegsFile)

EPwm2RegsFile 
*          1    00004100    00000100     UNINITIALIZED
                  00004100    00000100     F2837xD_GlobalVariableDefs.obj (EPwm2RegsFile)

EPwm3RegsFile 
*          1    00004200    00000100     UNINITIALIZED
                  00004200    00000100     F2837xD_GlobalVariableDefs.obj (EPwm3RegsFile)

EPwm4RegsFile 
*          1    00004300    00000100     UNINITIALIZED
                  00004300    00000100     F2837xD_GlobalVariableDefs.obj (EPwm4RegsFile)

EPwm5RegsFile 
*          1    00004400    00000100     UNINITIALIZED
                  00004400    00000100     F2837xD_GlobalVariableDefs.obj (EPwm5RegsFile)

EPwm6RegsFile 
*          1    00004500    00000100     UNINITIALIZED
                  00004500    00000100     F2837xD_GlobalVariableDefs.obj (EPwm6RegsFile)

EPwm7RegsFile 
*          1    00004600    00000100     UNINITIALIZED
                  00004600    00000100     F2837xD_GlobalVariableDefs.obj (EPwm7RegsFile)

EPwm8RegsFile 
*          1    00004700    00000100     UNINITIALIZED
                  00004700    00000100     F2837xD_GlobalVariableDefs.obj (EPwm8RegsFile)

EPwm9RegsFile 
*          1    00004800    00000100     UNINITIALIZED
                  00004800    00000100     F2837xD_GlobalVariableDefs.obj (EPwm9RegsFile)

EPwm10RegsFile 
*          1    00004900    00000100     UNINITIALIZED
                  00004900    00000100     F2837xD_GlobalVariableDefs.obj (EPwm10RegsFile)

EPwm11RegsFile 
*          1    00004a00    00000100     UNINITIALIZED
                  00004a00    00000100     F2837xD_GlobalVariableDefs.obj (EPwm11RegsFile)

EPwm12RegsFile 
*          1    00004b00    00000100     UNINITIALIZED
                  00004b00    00000100     F2837xD_GlobalVariableDefs.obj (EPwm12RegsFile)

ECap1RegsFile 
*          1    00005000    00000020     UNINITIALIZED
                  00005000    00000020     F2837xD_GlobalVariableDefs.obj (ECap1RegsFile)

ECap2RegsFile 
*          1    00005020    00000020     UNINITIALIZED
                  00005020    00000020     F2837xD_GlobalVariableDefs.obj (ECap2RegsFile)

ECap3RegsFile 
*          1    00005040    00000020     UNINITIALIZED
                  00005040    00000020     F2837xD_GlobalVariableDefs.obj (ECap3RegsFile)

ECap4RegsFile 
*          1    00005060    00000020     UNINITIALIZED
                  00005060    00000020     F2837xD_GlobalVariableDefs.obj (ECap4RegsFile)

ECap5RegsFile 
*          1    00005080    00000020     UNINITIALIZED
                  00005080    00000020     F2837xD_GlobalVariableDefs.obj (ECap5RegsFile)

ECap6RegsFile 
*          1    000050a0    00000020     UNINITIALIZED
                  000050a0    00000020     F2837xD_GlobalVariableDefs.obj (ECap6RegsFile)

EQep1RegsFile 
*          1    00005100    00000022     UNINITIALIZED
                  00005100    00000022     F2837xD_GlobalVariableDefs.obj (EQep1RegsFile)

EQep2RegsFile 
*          1    00005140    00000022     UNINITIALIZED
                  00005140    00000022     F2837xD_GlobalVariableDefs.obj (EQep2RegsFile)

EQep3RegsFile 
*          1    00005180    00000022     UNINITIALIZED
                  00005180    00000022     F2837xD_GlobalVariableDefs.obj (EQep3RegsFile)

DacaRegsFile 
*          1    00005c00    00000008     UNINITIALIZED
                  00005c00    00000008     F2837xD_GlobalVariableDefs.obj (DacaRegsFile)

DacbRegsFile 
*          1    00005c10    00000008     UNINITIALIZED
                  00005c10    00000008     F2837xD_GlobalVariableDefs.obj (DacbRegsFile)

DaccRegsFile 
*          1    00005c20    00000008     UNINITIALIZED
                  00005c20    00000008     F2837xD_GlobalVariableDefs.obj (DaccRegsFile)

Sdfm1RegsFile 
*          1    00005e00    00000080     UNINITIALIZED
                  00005e00    00000080     F2837xD_GlobalVariableDefs.obj (Sdfm1RegsFile)

Sdfm2RegsFile 
*          1    00005e80    00000080     UNINITIALIZED
                  00005e80    00000080     F2837xD_GlobalVariableDefs.obj (Sdfm2RegsFile)

McbspaRegsFile 
*          1    00006000    00000024     UNINITIALIZED
                  00006000    00000024     F2837xD_GlobalVariableDefs.obj (McbspaRegsFile)

McbspbRegsFile 
*          1    00006040    00000024     UNINITIALIZED
                  00006040    00000024     F2837xD_GlobalVariableDefs.obj (McbspbRegsFile)

SpiaRegsFile 
*          1    00006100    00000010     UNINITIALIZED
                  00006100    00000010     F2837xD_GlobalVariableDefs.obj (SpiaRegsFile)

SpibRegsFile 
*          1    00006110    00000010     UNINITIALIZED
                  00006110    00000010     F2837xD_GlobalVariableDefs.obj (SpibRegsFile)

SpicRegsFile 
*          1    00006120    00000010     UNINITIALIZED
                  00006120    00000010     F2837xD_GlobalVariableDefs.obj (SpicRegsFile)

UppRegsFile 
*          1    00006200    00000048     UNINITIALIZED
                  00006200    00000048     F2837xD_GlobalVariableDefs.obj (UppRegsFile)

WdRegsFile 
*          1    00007000    0000002b     UNINITIALIZED
                  00007000    0000002b     F2837xD_GlobalVariableDefs.obj (WdRegsFile)

NmiIntruptRegsFile 
*          1    00007060    00000007     UNINITIALIZED
                  00007060    00000007     F2837xD_GlobalVariableDefs.obj (NmiIntruptRegsFile)

XintRegsFile 
*          1    00007070    0000000b     UNINITIALIZED
                  00007070    0000000b     F2837xD_GlobalVariableDefs.obj (XintRegsFile)

SciaRegsFile 
*          1    00007200    00000010     UNINITIALIZED
                  00007200    00000010     F2837xD_GlobalVariableDefs.obj (SciaRegsFile)

ScibRegsFile 
*          1    00007210    00000010     UNINITIALIZED
                  00007210    00000010     F2837xD_GlobalVariableDefs.obj (ScibRegsFile)

ScicRegsFile 
*          1    00007220    00000010     UNINITIALIZED
                  00007220    00000010     F2837xD_GlobalVariableDefs.obj (ScicRegsFile)

ScidRegsFile 
*          1    00007230    00000010     UNINITIALIZED
                  00007230    00000010     F2837xD_GlobalVariableDefs.obj (ScidRegsFile)

I2caRegsFile 
*          1    00007300    00000022     UNINITIALIZED
                  00007300    00000022     F2837xD_GlobalVariableDefs.obj (I2caRegsFile)

I2cbRegsFile 
*          1    00007340    00000022     UNINITIALIZED
                  00007340    00000022     F2837xD_GlobalVariableDefs.obj (I2cbRegsFile)

AdcaRegsFile 
*          1    00007400    00000080     UNINITIALIZED
                  00007400    00000080     F2837xD_GlobalVariableDefs.obj (AdcaRegsFile)

AdcbRegsFile 
*          1    00007480    00000080     UNINITIALIZED
                  00007480    00000080     F2837xD_GlobalVariableDefs.obj (AdcbRegsFile)

AdccRegsFile 
*          1    00007500    00000080     UNINITIALIZED
                  00007500    00000080     F2837xD_GlobalVariableDefs.obj (AdccRegsFile)

AdcdRegsFile 
*          1    00007580    00000080     UNINITIALIZED
                  00007580    00000080     F2837xD_GlobalVariableDefs.obj (AdcdRegsFile)

CanaRegsFile 
*          1    00048000    00000164     UNINITIALIZED
                  00048000    00000164     F2837xD_GlobalVariableDefs.obj (CanaRegsFile)

CanbRegsFile 
*          1    0004a000    00000164     UNINITIALIZED
                  0004a000    00000164     F2837xD_GlobalVariableDefs.obj (CanbRegsFile)

AnalogSubsysRegsFile 
*          1    0005d180    00000048     UNINITIALIZED
                  0005d180    00000048     F2837xD_GlobalVariableDefs.obj (AnalogSubsysRegsFile)

Cla1SoftIntRegsFile 
*          1    00000ce0    00000004     DSECT
                  00000ce0    00000004     F2837xD_GlobalVariableDefs.obj (Cla1SoftIntRegsFile)

Cmpss1RegsFile 
*          1    00005c80    00000020     UNINITIALIZED
                  00005c80    00000020     F2837xD_GlobalVariableDefs.obj (Cmpss1RegsFile)

Cmpss2RegsFile 
*          1    00005ca0    00000020     UNINITIALIZED
                  00005ca0    00000020     F2837xD_GlobalVariableDefs.obj (Cmpss2RegsFile)

Cmpss3RegsFile 
*          1    00005cc0    00000020     UNINITIALIZED
                  00005cc0    00000020     F2837xD_GlobalVariableDefs.obj (Cmpss3RegsFile)

Cmpss4RegsFile 
*          1    00005ce0    00000020     UNINITIALIZED
                  00005ce0    00000020     F2837xD_GlobalVariableDefs.obj (Cmpss4RegsFile)

Cmpss5RegsFile 
*          1    00005d00    00000020     UNINITIALIZED
                  00005d00    00000020     F2837xD_GlobalVariableDefs.obj (Cmpss5RegsFile)

Cmpss6RegsFile 
*          1    00005d20    00000020     UNINITIALIZED
                  00005d20    00000020     F2837xD_GlobalVariableDefs.obj (Cmpss6RegsFile)

Cmpss7RegsFile 
*          1    00005d40    00000020     UNINITIALIZED
                  00005d40    00000020     F2837xD_GlobalVariableDefs.obj (Cmpss7RegsFile)

Cmpss8RegsFile 
*          1    00005d60    00000020     UNINITIALIZED
                  00005d60    00000020     F2837xD_GlobalVariableDefs.obj (Cmpss8RegsFile)

InputXbarRegsFile 
*          1    00007900    00000020     UNINITIALIZED
                  00007900    00000020     F2837xD_GlobalVariableDefs.obj (InputXbarRegsFile)

XbarRegsFile 
*          1    00007920    00000020     UNINITIALIZED
                  00007920    00000020     F2837xD_GlobalVariableDefs.obj (XbarRegsFile)

SyncSocRegsFile 
*          1    00007940    00000006     UNINITIALIZED
                  00007940    00000006     F2837xD_GlobalVariableDefs.obj (SyncSocRegsFile)

DmaClaSrcSelRegsFile 
*          1    00007980    0000001a     UNINITIALIZED
                  00007980    0000001a     F2837xD_GlobalVariableDefs.obj (DmaClaSrcSelRegsFile)

EPwmXbarRegsFile 
*          1    00007a00    00000040     UNINITIALIZED
                  00007a00    00000040     F2837xD_GlobalVariableDefs.obj (EPwmXbarRegsFile)

OutputXbarRegsFile 
*          1    00007a80    00000040     UNINITIALIZED
                  00007a80    00000040     F2837xD_GlobalVariableDefs.obj (OutputXbarRegsFile)

GpioCtrlRegsFile 
*          1    00007c00    00000180     UNINITIALIZED
                  00007c00    00000180     F2837xD_GlobalVariableDefs.obj (GpioCtrlRegsFile)

GpioDataRegsFile 
*          1    00007f00    00000030     UNINITIALIZED
                  00007f00    00000030     F2837xD_GlobalVariableDefs.obj (GpioDataRegsFile)

Emif1RegsFile 
*          1    00047000    00000070     UNINITIALIZED
                  00047000    00000070     F2837xD_GlobalVariableDefs.obj (Emif1RegsFile)

Emif2RegsFile 
*          1    00047800    00000070     UNINITIALIZED
                  00047800    00000070     F2837xD_GlobalVariableDefs.obj (Emif2RegsFile)

IpcRegsFile 
*          1    00050000    00000024     UNINITIALIZED
                  00050000    00000024     F2837xD_GlobalVariableDefs.obj (IpcRegsFile)

FlashPumpSemaphoreRegsFile 
*          1    00050024    00000002     UNINITIALIZED
                  00050024    00000002     F2837xD_GlobalVariableDefs.obj (FlashPumpSemaphoreRegsFile)

RomPrefetchRegsFile 
*          1    0005e608    00000002     UNINITIALIZED
                  0005e608    00000002     F2837xD_GlobalVariableDefs.obj (RomPrefetchRegsFile)

DcsmZ1RegsFile 
*          1    0005f000    00000024     UNINITIALIZED
                  0005f000    00000024     F2837xD_GlobalVariableDefs.obj (DcsmZ1RegsFile)

DcsmZ2RegsFile 
*          1    0005f040    00000024     UNINITIALIZED
                  0005f040    00000024     F2837xD_GlobalVariableDefs.obj (DcsmZ2RegsFile)

DcsmCommonRegsFile 
*          1    0005f070    00000008     UNINITIALIZED
                  0005f070    00000008     F2837xD_GlobalVariableDefs.obj (DcsmCommonRegsFile)

MemCfgRegsFile 
*          1    0005f400    00000080     UNINITIALIZED
                  0005f400    00000080     F2837xD_GlobalVariableDefs.obj (MemCfgRegsFile)

Emif1ConfigRegsFile 
*          1    0005f480    00000020     UNINITIALIZED
                  0005f480    00000020     F2837xD_GlobalVariableDefs.obj (Emif1ConfigRegsFile)

Emif2ConfigRegsFile 
*          1    0005f4a0    00000020     UNINITIALIZED
                  0005f4a0    00000020     F2837xD_GlobalVariableDefs.obj (Emif2ConfigRegsFile)

AccessProtectionRegsFile 
*          1    0005f4c0    00000040     UNINITIALIZED
                  0005f4c0    00000040     F2837xD_GlobalVariableDefs.obj (AccessProtectionRegsFile)

MemoryErrorRegsFile 
*          1    0005f500    00000040     UNINITIALIZED
                  0005f500    00000040     F2837xD_GlobalVariableDefs.obj (MemoryErrorRegsFile)

RomWaitStateRegsFile 
*          1    0005f540    00000002     UNINITIALIZED
                  0005f540    00000002     F2837xD_GlobalVariableDefs.obj (RomWaitStateRegsFile)

Flash0CtrlRegsFile 
*          1    0005f800    00000182     UNINITIALIZED
                  0005f800    00000182     F2837xD_GlobalVariableDefs.obj (Flash0CtrlRegsFile)

Flash0EccRegsFile 
*          1    0005fb00    00000028     UNINITIALIZED
                  0005fb00    00000028     F2837xD_GlobalVariableDefs.obj (Flash0EccRegsFile)

DcsmZ1OtpFile 
*          1    00078000    00000020     NOLOAD SECTION
                  00078000    00000020     F2837xD_GlobalVariableDefs.obj (DcsmZ1OtpFile)

DcsmZ2OtpFile 
*          1    00078200    00000020     NOLOAD SECTION
                  00078200    00000020     F2837xD_GlobalVariableDefs.obj (DcsmZ2OtpFile)

DevCfgRegsFile 
*          1    0005d000    0000012e     UNINITIALIZED
                  0005d000    0000012e     F2837xD_GlobalVariableDefs.obj (DevCfgRegsFile)

ClkCfgRegsFile 
*          1    0005d200    00000032     UNINITIALIZED
                  0005d200    00000032     F2837xD_GlobalVariableDefs.obj (ClkCfgRegsFile)

CpuSysRegsFile 
*          1    0005d300    00000082     UNINITIALIZED
                  0005d300    00000082     F2837xD_GlobalVariableDefs.obj (CpuSysRegsFile)

.text.1    0    00082164    00001e9c     
                  00082164    00000a4a     Gui.obj (.text)
                  00082bae    0000083b     APU.obj (.text)
                  000833e9    00000585     F2837xD_DefaultISR.obj (.text:retain)
                  0008396e    00000347     F2837xD_SysCtrl.obj (.text)
                  00083cb5    00000244     F2837xD_Gpio.obj (.text)
                  00083ef9    000000a3     OneToOneI2CDriver.obj (.text)
                  00083f9c    00000056     rts2800_fpu32.lib : boot28.asm.obj (.text)
                  00083ff2    00000009                       : _lock.c.obj (.text)
                  00083ffb    00000003     F2837xD_DBGIER.obj (.text)
                  00083ffe    00000002     rts2800_fpu32.lib : pre_init.c.obj (.text)

.text.2    0    00084000    00000886     
                  00084000    00000211     InitAIC23.obj (.text)
                  00084211    000001b8     F2837xD_Mcbsp.obj (.text)
                  000843c9    00000187     interrupt.obj (.text)
                  00084550    00000152     Player.obj (.text)
                  000846a2    00000075     lcd.obj (.text)
                  00084717    00000055     Player.obj (.text:retain)
                  0008476c    00000042     AIC23.obj (.text)
                  000847ae    00000029     rts2800_fpu32.lib : exit.c.obj (.text)
                  000847d7    00000024                       : cpy_tbl.c.obj (.text)
                  000847fb    00000022                       : i_div28.asm.obj (.text)
                  0008481d    0000001d                       : memcpy.c.obj (.text)
                  0008483a    0000001a     io.obj (.text)
                  00084854    00000019     rts2800_fpu32.lib : args_main.c.obj (.text)
                  0008486d    00000018                       : ll_aox28.asm.obj (.text)
                  00084885    00000001                       : startup.c.obj (.text)

.ebss      1    0000a800    0000017d     UNINITIALIZED
                  0000a800    000000d4     APU.obj (.ebss)
                  0000a8d4    00000018     F2837xD_CpuTimers.obj (.ebss)
                  0000a8ec    00000006     F2837xD_TempSensorConv.obj (.ebss)
                  0000a8f2    00000006     Player.obj (.ebss)
                  0000a8f8    00000006     rts2800_fpu32.lib : exit.c.obj (.ebss)
                  0000a8fe    00000002                       : _lock.c.obj (.ebss:__lock)
                  0000a900    00000078     F2837xD_struct.obj (.ebss)
                  0000a978    00000002     rts2800_fpu32.lib : _lock.c.obj (.ebss:__unlock)
                  0000a97a    00000002     intro.obj (.ebss)
                  0000a97c    00000001     F2837xD_sci_io.obj (.ebss)

MODULE SUMMARY

       Module                           code    initialized data   uninitialized data
       ------                           ----    ----------------   ------------------
    .\
       intro.obj                        0       66850              2                 
       Gui.obj                          2634    11647              49152             
       APU.obj                          2107    156                212               
       InitAIC23.obj                    529     0                  0                 
       Player.obj                       423     10                 6                 
       OneToOneI2CDriver.obj            163     0                  0                 
       lcd.obj                          117     7                  0                 
       AIC23.obj                        66      0                  0                 
       io.obj                           26      0                  0                 
    +--+--------------------------------+-------+------------------+--------------------+
       Total:                           6065    78670              49372             
                                                                                     
    .\ADC_TIMER_Driverlib\driverlib\
       interrupt.obj                    391     0                  0                 
    +--+--------------------------------+-------+------------------+--------------------+
       Total:                           391     0                  0                 
                                                                                     
    .\Common\
       F2837xD_DefaultISR.obj           1413    0                  0                 
       F2837xD_SysCtrl.obj              949     0                  0                 
       F2837xD_Gpio.obj                 580     0                  0                 
       F2837xD_Mcbsp.obj                440     0                  0                 
       F2837xD_struct.obj               0       144                120               
       F2837xD_Ipc_Driver.obj           0       0                  136               
       F2837xD_CpuTimers.obj            0       0                  24                
       F2837xD_usDelay.obj              8       0                  0                 
       F2837xD_TempSensorConv.obj       0       0                  6                 
       F2837xD_sci_io.obj               0       4                  1                 
       F2837xD_DBGIER.obj               3       0                  0                 
       F2837xD_CodeStartBranch.obj      2       0                  0                 
    +--+--------------------------------+-------+------------------+--------------------+
       Total:                           3395    148                287               
                                                                                     
    .\Header\
       F2837xD_GlobalVariableDefs.obj   0       0                  8309              
    +--+--------------------------------+-------+------------------+--------------------+
       Total:                           0       0                  8309              
                                                                                     
    C:\ti\ccsv8\tools\compiler\ti-cgt-c2000_18.1.4.LTS\lib\rts2800_fpu32.lib
       boot28.asm.obj                   86      0                  0                 
       exit.c.obj                       41      14                 6                 
       cpy_tbl.c.obj                    36      0                  0                 
       i_div28.asm.obj                  34      0                  0                 
       memcpy.c.obj                     29      0                  0                 
       args_main.c.obj                  25      0                  0                 
       ll_aox28.asm.obj                 24      0                  0                 
       _lock.c.obj                      9       10                 4                 
       pre_init.c.obj                   2       0                  0                 
       startup.c.obj                    1       0                  0                 
    +--+--------------------------------+-------+------------------+--------------------+
       Total:                           287     24                 10                
                                                                                     
       Stack:                           0       0                  512               
    +--+--------------------------------+-------+------------------+--------------------+
       Grand Total:                     10138   78842              58490             


GLOBAL DATA SYMBOLS: SORTED BY DATA PAGE

address     data page           name
--------    ----------------    ----
00000400      10 (00000400)     __stack

00000b00      2c (00000b00)     _AdcaResultRegs
00000b20      2c (00000b00)     _AdcbResultRegs

00000b40      2d (00000b40)     _AdccResultRegs
00000b60      2d (00000b40)     _AdcdResultRegs

00000c00      30 (00000c00)     _CpuTimer0Regs
00000c08      30 (00000c00)     _CpuTimer1Regs
00000c10      30 (00000c00)     _CpuTimer2Regs

00000ce0      33 (00000cc0)     _Cla1SoftIntRegs
00000ce0      33 (00000cc0)     _PieCtrlRegs

00000d00      34 (00000d00)     _EmuKey
00000d00      34 (00000d00)     _PieVectTable
00000d01      34 (00000d00)     _EmuBMode

00001000      40 (00001000)     _DmaRegs

00001400      50 (00001400)     _Cla1Regs

00004000     100 (00004000)     _EPwm1Regs

00004100     104 (00004100)     _EPwm2Regs

00004200     108 (00004200)     _EPwm3Regs

00004300     10c (00004300)     _EPwm4Regs

00004400     110 (00004400)     _EPwm5Regs

00004500     114 (00004500)     _EPwm6Regs

00004600     118 (00004600)     _EPwm7Regs

00004700     11c (00004700)     _EPwm8Regs

00004800     120 (00004800)     _EPwm9Regs

00004900     124 (00004900)     _EPwm10Regs

00004a00     128 (00004a00)     _EPwm11Regs

00004b00     12c (00004b00)     _EPwm12Regs

00005000     140 (00005000)     _ECap1Regs
00005020     140 (00005000)     _ECap2Regs

00005040     141 (00005040)     _ECap3Regs
00005060     141 (00005040)     _ECap4Regs

00005080     142 (00005080)     _ECap5Regs
000050a0     142 (00005080)     _ECap6Regs

00005100     144 (00005100)     _EQep1Regs

00005140     145 (00005140)     _EQep2Regs

00005180     146 (00005180)     _EQep3Regs

00005c00     170 (00005c00)     _DacaRegs
00005c10     170 (00005c00)     _DacbRegs
00005c20     170 (00005c00)     _DaccRegs

00005c80     172 (00005c80)     _Cmpss1Regs
00005ca0     172 (00005c80)     _Cmpss2Regs

00005cc0     173 (00005cc0)     _Cmpss3Regs
00005ce0     173 (00005cc0)     _Cmpss4Regs

00005d00     174 (00005d00)     _Cmpss5Regs
00005d20     174 (00005d00)     _Cmpss6Regs

00005d40     175 (00005d40)     _Cmpss7Regs
00005d60     175 (00005d40)     _Cmpss8Regs

00005e00     178 (00005e00)     _Sdfm1Regs

00005e80     17a (00005e80)     _Sdfm2Regs

00006000     180 (00006000)     _McbspaRegs

00006040     181 (00006040)     _McbspbRegs

00006100     184 (00006100)     _SpiaRegs
00006110     184 (00006100)     _SpibRegs
00006120     184 (00006100)     _SpicRegs

00006200     188 (00006200)     _UppRegs

00007000     1c0 (00007000)     _WdRegs

00007060     1c1 (00007040)     _NmiIntruptRegs
00007070     1c1 (00007040)     _XintRegs

00007200     1c8 (00007200)     _SciaRegs
00007210     1c8 (00007200)     _ScibRegs
00007220     1c8 (00007200)     _ScicRegs
00007230     1c8 (00007200)     _ScidRegs

00007300     1cc (00007300)     _I2caRegs

00007340     1cd (00007340)     _I2cbRegs

00007400     1d0 (00007400)     _AdcaRegs

00007480     1d2 (00007480)     _AdcbRegs

00007500     1d4 (00007500)     _AdccRegs

00007580     1d6 (00007580)     _AdcdRegs

00007900     1e4 (00007900)     _InputXbarRegs
00007920     1e4 (00007900)     _XbarRegs

00007940     1e5 (00007940)     _SyncSocRegs

00007980     1e6 (00007980)     _DmaClaSrcSelRegs

00007a00     1e8 (00007a00)     _EPwmXbarRegs

00007a80     1ea (00007a80)     _OutputXbarRegs

00007c00     1f0 (00007c00)     _GpioCtrlRegs

00007f00     1fc (00007f00)     _GpioDataRegs

0000a800     2a0 (0000a800)     _noisePeriodTableNtsc
0000a810     2a0 (0000a800)     _pulseSteps

0000a840     2a1 (0000a840)     _lengthTable
0000a860     2a1 (0000a840)     _triangleSteps

0000a8d4     2a3 (0000a8c0)     _CpuTimer1
0000a8dc     2a3 (0000a8c0)     _CpuTimer2
0000a8e4     2a3 (0000a8c0)     _CpuTimer0
0000a8ec     2a3 (0000a8c0)     _tempSensor_tempOffset
0000a8ee     2a3 (0000a8c0)     _tempSensor_scaleFactor
0000a8f0     2a3 (0000a8c0)     _tempSensor_tempSlope
0000a8f2     2a3 (0000a8c0)     _even
0000a8f4     2a3 (0000a8c0)     _cyclesToProcess
0000a8f6     2a3 (0000a8c0)     _sample
0000a8f8     2a3 (0000a8c0)     ___TI_enable_exit_profile_output
0000a8fa     2a3 (0000a8c0)     ___TI_cleanup_ptr
0000a8fc     2a3 (0000a8c0)     ___TI_dtors_ptr
0000a8fe     2a3 (0000a8c0)     __lock

0000a900     2a4 (0000a900)     _SCI
0000a904     2a4 (0000a900)     _MCBSP
0000a908     2a4 (0000a900)     _I2C
0000a90c     2a4 (0000a900)     _SDFM
0000a912     2a4 (0000a900)     _EQEP
0000a91a     2a4 (0000a900)     _SPI
0000a922     2a4 (0000a900)     _ADC
0000a92c     2a4 (0000a900)     _ECAP

0000a940     2a5 (0000a940)     _EPWM
0000a95a     2a5 (0000a940)     _TRIP_SEL
0000a978     2a5 (0000a940)     __unlock
0000a97a     2a5 (0000a940)     _introLoopIndex
0000a97c     2a5 (0000a940)     _deviceOpen

0000e000     380 (0000e000)     _pingBuff

00014000     500 (00014000)     _pongBuff

0003f800     fe0 (0003f800)     _g_asIPCCPU2toCPU1Buffers

0003f880     fe2 (0003f880)     _g_usGetWriteIndexes
0003f884     fe2 (0003f880)     _g_usPutReadIndexes

0003fc00     ff0 (0003fc00)     _g_asIPCCPU1toCPU2Buffers

0003fc80     ff2 (0003fc80)     _g_usPutWriteIndexes
0003fc84     ff2 (0003fc80)     _g_usGetReadIndexes

00047000    11c0 (00047000)     _Emif1Regs

00047800    11e0 (00047800)     _Emif2Regs

00048000    1200 (00048000)     _CanaRegs

0004a000    1280 (0004a000)     _CanbRegs

00050000    1400 (00050000)     _IpcRegs
00050024    1400 (00050000)     _FlashPumpSemaphoreRegs

0005d000    1740 (0005d000)     _DevCfgRegs

0005d180    1746 (0005d180)     _AnalogSubsysRegs

0005d200    1748 (0005d200)     _ClkCfgRegs

0005d300    174c (0005d300)     _CpuSysRegs

0005e608    1798 (0005e600)     _RomPrefetchRegs

0005f000    17c0 (0005f000)     _DcsmZ1Regs

0005f040    17c1 (0005f040)     _DcsmZ2Regs
0005f070    17c1 (0005f040)     _DcsmCommonRegs

0005f400    17d0 (0005f400)     _MemCfgRegs

0005f480    17d2 (0005f480)     _Emif1ConfigRegs
0005f4a0    17d2 (0005f480)     _Emif2ConfigRegs

0005f4c0    17d3 (0005f4c0)     _AccessProtectionRegs

0005f500    17d4 (0005f500)     _MemoryErrorRegs

0005f540    17d5 (0005f540)     _RomWaitStateRegs

0005f800    17e0 (0005f800)     _Flash0CtrlRegs

0005fb00    17ec (0005fb00)     _Flash0EccRegs

00078000    1e00 (00078000)     _DcsmZ1Otp

00078200    1e08 (00078200)     _DcsmZ2Otp

00090000    2400 (00090000)     _intro

000a051d    2814 (000a0500)     _clearCommand
000a0529    2814 (000a0500)     _initCommands
000a052e    2814 (000a0500)     _shiftCommand


GLOBAL SYMBOLS: SORTED ALPHABETICALLY BY Name 

page  address   name                                                   
----  -------   ----                                                   
abs   ffffffff  .text                                                  
0     000847ae  C$$EXIT                                                
0     000847fb  I$$DIV                                                 
0     0008480c  I$$MOD                                                 
0     0008486d  LL$$AND                                                
0     00084875  LL$$OR                                                 
0     0008487d  LL$$XOR                                                
1     0000a922  _ADC                                                   
0     000834a7  _ADCA1_ISR                                             
0     00083727  _ADCA2_ISR                                             
0     00083731  _ADCA3_ISR                                             
0     0008373b  _ADCA4_ISR                                             
0     0008371d  _ADCA_EVT_ISR                                          
0     000834b1  _ADCB1_ISR                                             
0     0008374f  _ADCB2_ISR                                             
0     00083759  _ADCB3_ISR                                             
0     00083763  _ADCB4_ISR                                             
0     00083745  _ADCB_EVT_ISR                                          
0     000834bb  _ADCC1_ISR                                             
0     000838b7  _ADCC2_ISR                                             
0     000838c1  _ADCC3_ISR                                             
0     000838cb  _ADCC4_ISR                                             
0     000838ad  _ADCC_EVT_ISR                                          
0     000834d9  _ADCD1_ISR                                             
0     000838df  _ADCD2_ISR                                             
0     000838e9  _ADCD3_ISR                                             
0     000838f3  _ADCD4_ISR                                             
0     000838d5  _ADCD_EVT_ISR                                          
0     0008392f  _AUX_PLL_SLIP_ISR                                      
1     0005f4c0  _AccessProtectionRegs                                  
1     00007400  _AdcaRegs                                              
1     00000b00  _AdcaResultRegs                                        
1     00007480  _AdcbRegs                                              
1     00000b20  _AdcbResultRegs                                        
1     00007500  _AdccRegs                                              
1     00000b40  _AdccResultRegs                                        
1     00007580  _AdcdRegs                                              
1     00000b60  _AdcdResultRegs                                        
1     0005d180  _AnalogSubsysRegs                                      
0     00083c61  _AuxAuxClkSel                                          
0     00083c4b  _AuxIntOsc2Sel                                         
0     00083c55  _AuxXtalOscSel                                         
0     000841a7  _BitBangedCodecSpiTransmit                             
0     000836f5  _CANA0_ISR                                             
0     000836ff  _CANA1_ISR                                             
0     00083709  _CANB0_ISR                                             
0     00083713  _CANB1_ISR                                             
0     0008376d  _CLA1_1_ISR                                            
0     00083777  _CLA1_2_ISR                                            
0     00083781  _CLA1_3_ISR                                            
0     0008378b  _CLA1_4_ISR                                            
0     00083795  _CLA1_5_ISR                                            
0     0008379f  _CLA1_6_ISR                                            
0     000837a9  _CLA1_7_ISR                                            
0     000837b3  _CLA1_8_ISR                                            
0     00083939  _CLA_OVERFLOW_ISR                                      
0     00083943  _CLA_UNDERFLOW_ISR                                     
0     000847a2  _CLKsampleratecontrol                                  
1     00048000  _CanaRegs                                              
1     0004a000  _CanbRegs                                              
1     00001400  _Cla1Regs                                              
0     00000ce0  _Cla1SoftIntRegs                                       
1     0005d200  _ClkCfgRegs                                            
1     00005c80  _Cmpss1Regs                                            
1     00005ca0  _Cmpss2Regs                                            
1     00005cc0  _Cmpss3Regs                                            
1     00005ce0  _Cmpss4Regs                                            
1     00005d00  _Cmpss5Regs                                            
1     00005d20  _Cmpss6Regs                                            
1     00005d40  _Cmpss7Regs                                            
1     00005d60  _Cmpss8Regs                                            
1     0005d300  _CpuSysRegs                                            
1     0000a8e4  _CpuTimer0                                             
1     00000c00  _CpuTimer0Regs                                         
1     0000a8d4  _CpuTimer1                                             
1     00000c08  _CpuTimer1Regs                                         
1     0000a8dc  _CpuTimer2                                             
1     00000c10  _CpuTimer2Regs                                         
0     00083c0a  _CsmUnlock                                             
0     000833fd  _DATALOG_ISR                                           
0     00083641  _DMA_CH1_ISR                                           
0     0008364b  _DMA_CH2_ISR                                           
0     00083655  _DMA_CH3_ISR                                           
0     0008365f  _DMA_CH4_ISR                                           
0     00083669  _DMA_CH5_ISR                                           
0     00083673  _DMA_CH6_ISR                                           
0     00084796  _DSPdigaudinterface                                    
1     00005c00  _DacaRegs                                              
1     00005c10  _DacbRegs                                              
1     00005c20  _DaccRegs                                              
1     0005f070  _DcsmCommonRegs                                        
1     00078000  _DcsmZ1Otp                                             
1     0005f000  _DcsmZ1Regs                                            
1     00078200  _DcsmZ2Otp                                             
1     0005f040  _DcsmZ2Regs                                            
1     0005d000  _DevCfgRegs                                            
0     00083a6e  _DisableDog                                            
0     00083a2f  _DisablePeripheralClocks                               
1     00007980  _DmaClaSrcSelRegs                                      
1     00001000  _DmaRegs                                               
1     0000a92c  _ECAP                                                  
0     00083597  _ECAP1_ISR                                             
0     000835a1  _ECAP2_ISR                                             
0     000835ab  _ECAP3_ISR                                             
0     000835b5  _ECAP4_ISR                                             
0     000835bf  _ECAP5_ISR                                             
0     000835c9  _ECAP6_ISR                                             
1     00005000  _ECap1Regs                                             
1     00005020  _ECap2Regs                                             
1     00005040  _ECap3Regs                                             
1     00005060  _ECap4Regs                                             
1     00005080  _ECap5Regs                                             
1     000050a0  _ECap6Regs                                             
0     000838fd  _EMIF_ERROR_ISR                                        
0     00083957  _EMPTY_ISR                                             
0     00083411  _EMU_ISR                                               
1     0000a940  _EPWM                                                  
0     00083853  _EPWM10_ISR                                            
0     0008382b  _EPWM10_TZ_ISR                                         
0     0008385d  _EPWM11_ISR                                            
0     00083835  _EPWM11_TZ_ISR                                         
0     00083867  _EPWM12_ISR                                            
0     0008383f  _EPWM12_TZ_ISR                                         
0     00083547  _EPWM1_ISR                                             
0     000834f7  _EPWM1_TZ_ISR                                          
0     00083551  _EPWM2_ISR                                             
0     00083501  _EPWM2_TZ_ISR                                          
0     0008355b  _EPWM3_ISR                                             
0     0008350b  _EPWM3_TZ_ISR                                          
0     00083565  _EPWM4_ISR                                             
0     00083515  _EPWM4_TZ_ISR                                          
0     0008356f  _EPWM5_ISR                                             
0     0008351f  _EPWM5_TZ_ISR                                          
0     00083579  _EPWM6_ISR                                             
0     00083529  _EPWM6_TZ_ISR                                          
0     00083583  _EPWM7_ISR                                             
0     00083533  _EPWM7_TZ_ISR                                          
0     0008358d  _EPWM8_ISR                                             
0     0008353d  _EPWM8_TZ_ISR                                          
0     00083849  _EPWM9_ISR                                             
0     00083821  _EPWM9_TZ_ISR                                          
1     00004900  _EPwm10Regs                                            
1     00004a00  _EPwm11Regs                                            
1     00004b00  _EPwm12Regs                                            
1     00004000  _EPwm1Regs                                             
1     00004100  _EPwm2Regs                                             
1     00004200  _EPwm3Regs                                             
1     00004300  _EPwm4Regs                                             
1     00004400  _EPwm5Regs                                             
1     00004500  _EPwm6Regs                                             
1     00004600  _EPwm7Regs                                             
1     00004700  _EPwm8Regs                                             
1     00004800  _EPwm9Regs                                             
1     00007a00  _EPwmXbarRegs                                          
1     0000a912  _EQEP                                                  
0     000835d3  _EQEP1_ISR                                             
0     000835dd  _EQEP2_ISR                                             
0     000835e7  _EQEP3_ISR                                             
1     00005100  _EQep1Regs                                             
1     00005140  _EQep2Regs                                             
1     00005180  _EQep3Regs                                             
1     0005f480  _Emif1ConfigRegs                                       
1     00047000  _Emif1Regs                                             
1     0005f4a0  _Emif2ConfigRegs                                       
1     00047800  _Emif2Regs                                             
0     00000d01  _EmuBMode                                              
0     00000d00  _EmuKey                                                
0     00008037  _F28x_usDelay                                          
0     00083911  _FLASH_CORRECTABLE_ERROR_ISR                           
0     000837e5  _FPU_OVERFLOW_ISR                                      
0     000837ef  _FPU_UNDERFLOW_ISR                                     
1     0005f800  _Flash0CtrlRegs                                        
1     0005fb00  _Flash0EccRegs                                         
0     00008029  _FlashOff                                              
1     00050024  _FlashPumpSemaphoreRegs                                
0     00083eae  _GPIO_EnableUnbondedIOPullups                          
0     00083e89  _GPIO_EnableUnbondedIOPullupsFor100Pin                 
0     00083e70  _GPIO_EnableUnbondedIOPullupsFor176Pin                 
0     00083ec4  _GPIO_ReadPin                                          
0     00083e15  _GPIO_SetupLock                                        
0     00083cf5  _GPIO_SetupPinMux                                      
0     00083d81  _GPIO_SetupPinOptions                                  
0     00083e3e  _GPIO_SetupXINT1Gpio                                   
0     00083e48  _GPIO_SetupXINT2Gpio                                   
0     00083e52  _GPIO_SetupXINT3Gpio                                   
0     00083e5c  _GPIO_SetupXINT4Gpio                                   
0     00083e66  _GPIO_SetupXINT5Gpio                                   
0     00083edb  _GPIO_WritePin                                         
1     00007c00  _GpioCtrlRegs                                          
1     00007f00  _GpioDataRegs                                          
0     00083c7f  _HALT                                                  
0     00083c98  _HIB                                                   
1     0000a908  _I2C                                                   
0     00083687  _I2CA_FIFO_ISR                                         
0     0008367d  _I2CA_ISR                                              
0     0008369b  _I2CB_FIFO_ISR                                         
0     00083691  _I2CB_ISR                                              
0     00083f44  _I2C_O2O_Master_Init                                   
0     00083f68  _I2C_O2O_SendBytes                                     
0     00084799  _I2Sdigaudinterface                                    
1     00007300  _I2caRegs                                              
1     00007340  _I2cbRegs                                              
0     00083c6b  _IDLE                                                  
0     00083425  _ILLEGAL_ISR                                           
0     000837f9  _IPC0_ISR                                              
0     00083803  _IPC1_ISR                                              
0     0008380d  _IPC2_ISR                                              
0     00083817  _IPC3_ISR                                              
0     0008431e  _IniMcbspb12bit                                        
0     00084000  _InitAIC23                                             
0     00083b42  _InitAuxPll                                            
0     00084175  _InitBigBangedCodecSPI                                 
0     00008000  _InitFlash                                             
0     00083cb5  _InitGpio                                              
0     000840e1  _InitMcBSPb                                            
0     00084211  _InitMcbspa                                            
0     00084267  _InitMcbspa12bit                                       
0     00084272  _InitMcbspa16bit                                       
0     0008427d  _InitMcbspa20bit                                       
0     00084288  _InitMcbspa24bit                                       
0     00084293  _InitMcbspa32bit                                       
0     00084260  _InitMcbspa8bit                                        
0     0008429e  _InitMcbspaGpio                                        
0     00084251  _InitMcbspaInt                                         
0     000842c8  _InitMcbspb                                            
0     00084329  _InitMcbspb16bit                                       
0     00084334  _InitMcbspb20bit                                       
0     0008433f  _InitMcbspb24bit                                       
0     0008434a  _InitMcbspb32bit                                       
0     00084317  _InitMcbspb8bit                                        
0     00084355  _InitMcbspbGpio                                        
0     00084308  _InitMcbspbInt                                         
0     000839ab  _InitPeripheralClocks                                  
0     000841ca  _InitSPIA                                              
0     0008396e  _InitSysCtrl                                           
0     00083a7c  _InitSysPll                                            
1     00007900  _InputXbarRegs                                         
0     00084505  _Interrupt_disable                                     
0     000844d1  _Interrupt_enable                                      
0     00084474  _Interrupt_initModule                                  
0     000844b1  _Interrupt_initVectorTable                             
1     00050000  _IpcRegs                                               
1     0000a904  _MCBSP                                                 
0     00083619  _MCBSPA_RX_ISR                                         
0     00083623  _MCBSPA_TX_ISR                                         
0     0008362d  _MCBSPB_RX_ISR                                         
0     00083637  _MCBSPB_TX_ISR                                         
1     00006000  _McbspaRegs                                            
1     00006040  _McbspbRegs                                            
1     0005f400  _MemCfgRegs                                            
1     0005f500  _MemoryErrorRegs                                       
0     0008341b  _NMI_ISR                                               
0     00083964  _NOTUSED_ISR                                           
1     00007060  _NmiIntruptRegs                                        
1     00007a80  _OutputXbarRegs                                        
0     0008394d  _PIE_RESERVED_ISR                                      
1     00000ce0  _PieCtrlRegs                                           
0     00000d00  _PieVectTable                                          
0     0008391b  _RAM_ACCESS_VIOLATION_ISR                              
0     00083907  _RAM_CORRECTABLE_ERROR_ISR                             
0     00083407  _RTOS_ISR                                              
0     0008603b  _RamfuncsLoadEnd                                       
abs   0000003b  _RamfuncsLoadSize                                      
0     00086000  _RamfuncsLoadStart                                     
0     0000803b  _RamfuncsRunEnd                                        
abs   0000003b  _RamfuncsRunSize                                       
0     00008000  _RamfuncsRunStart                                      
0     00083a56  _ReleaseFlashPump                                      
1     0005e608  _RomPrefetchRegs                                       
1     0005f540  _RomWaitStateRegs                                      
1     0000a900  _SCI                                                   
0     000836cd  _SCIA_RX_ISR                                           
0     000836d7  _SCIA_TX_ISR                                           
0     000836e1  _SCIB_RX_ISR                                           
0     000836eb  _SCIB_TX_ISR                                           
0     000836a5  _SCIC_RX_ISR                                           
0     000836af  _SCIC_TX_ISR                                           
0     000836b9  _SCID_RX_ISR                                           
0     000836c3  _SCID_TX_ISR                                           
0     00083871  _SD1_ISR                                               
0     0008387b  _SD2_ISR                                               
1     0000a90c  _SDFM                                                  
1     0000a91a  _SPI                                                   
0     000835f1  _SPIA_RX_ISR                                           
0     000835fb  _SPIA_TX_ISR                                           
0     00083605  _SPIB_RX_ISR                                           
0     0008360f  _SPIB_TX_ISR                                           
0     00083885  _SPIC_RX_ISR                                           
0     0008388f  _SPIC_TX_ISR                                           
0     00083c74  _STANDBY                                               
0     00083925  _SYS_PLL_SLIP_ISR                                      
1     00007200  _SciaRegs                                              
1     00007210  _ScibRegs                                              
1     00007220  _ScicRegs                                              
1     00007230  _ScidRegs                                              
1     00005e00  _Sdfm1Regs                                             
1     00005e80  _Sdfm2Regs                                             
0     00083a47  _SeizeFlashPump                                        
0     00083a60  _ServiceDog                                            
0     00083ffb  _SetDBGIER                                             
0     00084206  _SpiTransmit                                           
1     00006100  _SpiaRegs                                              
1     00006110  _SpibRegs                                              
1     00006120  _SpicRegs                                              
1     00007940  _SyncSocRegs                                           
0     00083c2b  _SysIntOsc1Sel                                         
0     00083c35  _SysIntOsc2Sel                                         
0     00083c3f  _SysXtalOscSel                                         
0     000834e3  _TIMER0_ISR                                            
0     000833e9  _TIMER1_ISR                                            
0     000833f3  _TIMER2_ISR                                            
1     0000a95a  _TRIP_SEL                                              
0     00083899  _UPPA_ISR                                              
0     000838a3  _USBA_ISR                                              
0     0008479c  _USBsampleratecontrol                                  
0     00083489  _USER10_ISR                                            
0     00083493  _USER11_ISR                                            
0     0008349d  _USER12_ISR                                            
0     0008342f  _USER1_ISR                                             
0     00083439  _USER2_ISR                                             
0     00083443  _USER3_ISR                                             
0     0008344d  _USER4_ISR                                             
0     00083457  _USER5_ISR                                             
0     00083461  _USER6_ISR                                             
0     0008346b  _USER7_ISR                                             
0     00083475  _USER8_ISR                                             
0     0008347f  _USER9_ISR                                             
1     00006200  _UppRegs                                               
0     000837db  _VCU_ISR                                               
0     000834ed  _WAKE_ISR                                              
1     00007000  _WdRegs                                                
0     000834c5  _XINT1_ISR                                             
0     000834cf  _XINT2_ISR                                             
0     000837bd  _XINT3_ISR                                             
0     000837c7  _XINT4_ISR                                             
0     000837d1  _XINT5_ISR                                             
1     00007920  _XbarRegs                                              
1     00007070  _XintRegs                                              
1     00000600  __STACK_END                                            
abs   00000200  __STACK_SIZE                                           
1     0000a8fa  ___TI_cleanup_ptr                                      
1     0000a8fc  ___TI_dtors_ptr                                        
1     0000a8f8  ___TI_enable_exit_profile_output                       
abs   ffffffff  ___TI_pprof_out_hndl                                   
abs   ffffffff  ___TI_prof_data_size                                   
abs   ffffffff  ___TI_prof_data_start                                  
abs   ffffffff  ___binit__                                             
abs   ffffffff  ___c_args__                                            
0     00082000  ___cinit__                                             
abs   ffffffff  ___etext__                                             
abs   ffffffff  ___pinit__                                             
abs   ffffffff  ___text__                                              
0     00084854  __args_main                                            
1     0000a8fe  __lock                                                 
0     00083ffa  __nop                                                  
0     00083ff6  __register_lock                                        
0     00083ff2  __register_unlock                                      
1     00000400  __stack                                                
0     00084885  __system_post_cinit                                    
0     00083ffe  __system_pre_init                                      
1     0000a978  __unlock                                               
0     00084790  _aaudpath                                              
0     000847ae  _abort                                                 
0     00082341  _actFile                                               
0     00082376  _actFileBack                                           
0     0008236e  _actLoop                                               
0     00082384  _actLoopBack                                           
0     0008238c  _actLoopPlay                                           
0     000823a2  _actLoopPlayBack                                       
0     000823ca  _actNoise                                              
0     00082427  _actNoiseBack                                          
0     0008242f  _actNoiseRecord                                        
0     0008243e  _actNoiseSettings                                      
0     000823b2  _actPulse1                                             
0     000823d2  _actPulse1Back                                         
0     000823da  _actPulse1Record                                       
0     000823e9  _actPulse1Settings                                     
0     000823ba  _actPulse2                                             
0     000823f1  _actPulse2Back                                         
0     000823f9  _actPulse2Record                                       
0     00082408  _actPulse2Settings                                     
0     000824e6  _actRecNoiDisc                                         
0     000824c4  _actRecNoiSave                                         
0     00082468  _actRecPu1Disc                                         
0     00082446  _actRecPu1Save                                         
0     00082492  _actRecPu2Disc                                         
0     00082470  _actRecPu2Save                                         
0     000824bc  _actRecTriDisc                                         
0     0008249a  _actRecTriSave                                         
0     00082394  _actRecord                                             
0     000823aa  _actRecordBack                                         
0     0008239c  _actReset                                              
0     0008252e  _actSetNoiBack                                         
0     0008253e  _actSetNoiEnv                                          
0     00082660  _actSetNoiEnvBack                                      
0     00082944  _actSetNoiEnvConstBack                                 
0     00082959  _actSetNoiEnvConstSaw                                  
0     0008294c  _actSetNoiEnvConstUse                                  
0     00082670  _actSetNoiEnvMode                                      
0     00082668  _actSetNoiEnvVol                                       
0     00082874  _actSetNoiEnvVol0                                      
0     00082881  _actSetNoiEnvVol1                                      
0     000828f6  _actSetNoiEnvVol10                                     
0     00082903  _actSetNoiEnvVol11                                     
0     00082910  _actSetNoiEnvVol12                                     
0     0008291d  _actSetNoiEnvVol13                                     
0     0008292a  _actSetNoiEnvVol14                                     
0     00082937  _actSetNoiEnvVol15                                     
0     0008288e  _actSetNoiEnvVol2                                      
0     0008289b  _actSetNoiEnvVol3                                      
0     000828a8  _actSetNoiEnvVol4                                      
0     000828b5  _actSetNoiEnvVol5                                      
0     000828c2  _actSetNoiEnvVol6                                      
0     000828cf  _actSetNoiEnvVol7                                      
0     000828dc  _actSetNoiEnvVol8                                      
0     000828e9  _actSetNoiEnvVol9                                      
0     0008286c  _actSetNoiEnvVolBack                                   
0     00082536  _actSetNoiMode                                         
0     00082646  _actSetNoiMode0                                        
0     00082653  _actSetNoiMode1                                        
0     0008263e  _actSetNoiModeBack                                     
0     000824ee  _actSetPu1Back                                         
0     000824f6  _actSetPu1Duty                                         
0     0008254e  _actSetPu1Duty0                                        
0     0008255b  _actSetPu1Duty1                                        
0     00082568  _actSetPu1Duty2                                        
0     00082575  _actSetPu1Duty3                                        
0     00082546  _actSetPu1DutyBack                                     
0     000824fe  _actSetPu1Env                                          
0     00082582  _actSetPu1EnvBack                                      
0     00082750  _actSetPu1EnvConstBack                                 
0     00082765  _actSetPu1EnvConstSaw                                  
0     00082758  _actSetPu1EnvConstUse                                  
0     00082592  _actSetPu1EnvMode                                      
0     0008258a  _actSetPu1EnvVol                                       
0     00082680  _actSetPu1EnvVol0                                      
0     0008268d  _actSetPu1EnvVol1                                      
0     00082702  _actSetPu1EnvVol10                                     
0     0008270f  _actSetPu1EnvVol11                                     
0     0008271c  _actSetPu1EnvVol12                                     
0     00082729  _actSetPu1EnvVol13                                     
0     00082736  _actSetPu1EnvVol14                                     
0     00082743  _actSetPu1EnvVol15                                     
0     0008269a  _actSetPu1EnvVol2                                      
0     000826a7  _actSetPu1EnvVol3                                      
0     000826b4  _actSetPu1EnvVol4                                      
0     000826c1  _actSetPu1EnvVol5                                      
0     000826ce  _actSetPu1EnvVol6                                      
0     000826db  _actSetPu1EnvVol7                                      
0     000826e8  _actSetPu1EnvVol8                                      
0     000826f5  _actSetPu1EnvVol9                                      
0     00082678  _actSetPu1EnvVolBack                                   
0     00082506  _actSetPu1Swe                                          
0     0008259a  _actSetPu1SweBack                                      
0     000825a2  _actSetPu1SweEnable                                    
0     00082966  _actSetPu1SweEnabledBack                               
0     0008297b  _actSetPu1SweEnabledDis                                
0     0008296e  _actSetPu1SweEnabledEn                                 
0     000825b2  _actSetPu1SweNegate                                    
0     000829f8  _actSetPu1SweNegateBack                                
0     00082a00  _actSetPu1SweNegateNo                                  
0     00082a0d  _actSetPu1SweNegateYes                                 
0     000825aa  _actSetPu1SwePeriod                                    
0     00082990  _actSetPu1SwePeriod0                                   
0     0008299d  _actSetPu1SwePeriod1                                   
0     000829aa  _actSetPu1SwePeriod2                                   
0     000829b7  _actSetPu1SwePeriod3                                   
0     000829c4  _actSetPu1SwePeriod4                                   
0     000829d1  _actSetPu1SwePeriod5                                   
0     000829de  _actSetPu1SwePeriod6                                   
0     000829eb  _actSetPu1SwePeriod7                                   
0     00082988  _actSetPu1SwePeriodBack                                
0     000825ba  _actSetPu1SweShift                                     
0     00082a22  _actSetPu1SweShift0                                    
0     00082a2f  _actSetPu1SweShift1                                    
0     00082a3c  _actSetPu1SweShift2                                    
0     00082a49  _actSetPu1SweShift3                                    
0     00082a56  _actSetPu1SweShift4                                    
0     00082a63  _actSetPu1SweShift5                                    
0     00082a70  _actSetPu1SweShift6                                    
0     00082a7d  _actSetPu1SweShift7                                    
0     00082a1a  _actSetPu1SweShiftBack                                 
0     0008250e  _actSetPu2Back                                         
0     00082516  _actSetPu2Duty                                         
0     000825ca  _actSetPu2Duty0                                        
0     000825d7  _actSetPu2Duty1                                        
0     000825e4  _actSetPu2Duty2                                        
0     000825f1  _actSetPu2Duty3                                        
0     000825c2  _actSetPu2DutyBack                                     
0     0008251e  _actSetPu2Env                                          
0     000825fe  _actSetPu2EnvBack                                      
0     0008284a  _actSetPu2EnvConstBack                                 
0     0008285f  _actSetPu2EnvConstSaw                                  
0     00082852  _actSetPu2EnvConstUse                                  
0     0008260e  _actSetPu2EnvMode                                      
0     00082606  _actSetPu2EnvVol                                       
0     0008277a  _actSetPu2EnvVol0                                      
0     00082787  _actSetPu2EnvVol1                                      
0     000827fc  _actSetPu2EnvVol10                                     
0     00082809  _actSetPu2EnvVol11                                     
0     00082816  _actSetPu2EnvVol12                                     
0     00082823  _actSetPu2EnvVol13                                     
0     00082830  _actSetPu2EnvVol14                                     
0     0008283d  _actSetPu2EnvVol15                                     
0     00082794  _actSetPu2EnvVol2                                      
0     000827a1  _actSetPu2EnvVol3                                      
0     000827ae  _actSetPu2EnvVol4                                      
0     000827bb  _actSetPu2EnvVol5                                      
0     000827c8  _actSetPu2EnvVol6                                      
0     000827d5  _actSetPu2EnvVol7                                      
[...]
0     000838c1  _ADCC3_ISR                                             
0     000838cb  _ADCC4_ISR                                             
0     000838d5  _ADCD_EVT_ISR                                          
0     000838df  _ADCD2_ISR                                             
0     000838e9  _ADCD3_ISR                                             
0     000838f3  _ADCD4_ISR                                             
0     000838fd  _EMIF_ERROR_ISR                                        
0     00083907  _RAM_CORRECTABLE_ERROR_ISR                             
0     00083911  _FLASH_CORRECTABLE_ERROR_ISR                           
0     0008391b  _RAM_ACCESS_VIOLATION_ISR                              
0     00083925  _SYS_PLL_SLIP_ISR                                      
0     0008392f  _AUX_PLL_SLIP_ISR                                      
0     00083939  _CLA_OVERFLOW_ISR                                      
0     00083943  _CLA_UNDERFLOW_ISR                                     
0     0008394d  _PIE_RESERVED_ISR                                      
0     00083957  _EMPTY_ISR                                             
0     00083964  _NOTUSED_ISR                                           
0     0008396e  _InitSysCtrl                                           
0     000839ab  _InitPeripheralClocks                                  
0     00083a2f  _DisablePeripheralClocks                               
0     00083a47  _SeizeFlashPump                                        
0     00083a56  _ReleaseFlashPump                                      
0     00083a60  _ServiceDog                                            
0     00083a6e  _DisableDog                                            
0     00083a7c  _InitSysPll                                            
0     00083b42  _InitAuxPll                                            
0     00083c0a  _CsmUnlock                                             
0     00083c2b  _SysIntOsc1Sel                                         
0     00083c35  _SysIntOsc2Sel                                         
0     00083c3f  _SysXtalOscSel                                         
0     00083c4b  _AuxIntOsc2Sel                                         
0     00083c55  _AuxXtalOscSel                                         
0     00083c61  _AuxAuxClkSel                                          
0     00083c6b  _IDLE                                                  
0     00083c74  _STANDBY                                               
0     00083c7f  _HALT                                                  
0     00083c98  _HIB                                                   
0     00083cb5  _InitGpio                                              
0     00083cf5  _GPIO_SetupPinMux                                      
0     00083d81  _GPIO_SetupPinOptions                                  
0     00083e15  _GPIO_SetupLock                                        
0     00083e3e  _GPIO_SetupXINT1Gpio                                   
0     00083e48  _GPIO_SetupXINT2Gpio                                   
0     00083e52  _GPIO_SetupXINT3Gpio                                   
0     00083e5c  _GPIO_SetupXINT4Gpio                                   
0     00083e66  _GPIO_SetupXINT5Gpio                                   
0     00083e70  _GPIO_EnableUnbondedIOPullupsFor176Pin                 
0     00083e89  _GPIO_EnableUnbondedIOPullupsFor100Pin                 
0     00083eae  _GPIO_EnableUnbondedIOPullups                          
0     00083ec4  _GPIO_ReadPin                                          
0     00083edb  _GPIO_WritePin                                         
0     00083f44  _I2C_O2O_Master_Init                                   
0     00083f68  _I2C_O2O_SendBytes                                     
0     00083f9c  _c_int00                                               
0     00083ff2  __register_unlock                                      
0     00083ff6  __register_lock                                        
0     00083ffa  __nop                                                  
0     00083ffb  _SetDBGIER                                             
0     00083ffe  __system_pre_init                                      
0     00084000  _InitAIC23                                             
0     000840e1  _InitMcBSPb                                            
0     00084175  _InitBigBangedCodecSPI                                 
0     000841a7  _BitBangedCodecSpiTransmit                             
0     000841ca  _InitSPIA                                              
0     00084206  _SpiTransmit                                           
0     00084211  _InitMcbspa                                            
0     00084251  _InitMcbspaInt                                         
0     00084260  _InitMcbspa8bit                                        
0     00084267  _InitMcbspa12bit                                       
0     00084272  _InitMcbspa16bit                                       
0     0008427d  _InitMcbspa20bit                                       
0     00084288  _InitMcbspa24bit                                       
0     00084293  _InitMcbspa32bit                                       
0     0008429e  _InitMcbspaGpio                                        
0     000842c8  _InitMcbspb                                            
0     00084308  _InitMcbspbInt                                         
0     00084317  _InitMcbspb8bit                                        
0     0008431e  _IniMcbspb12bit                                        
0     00084329  _InitMcbspb16bit                                       
0     00084334  _InitMcbspb20bit                                       
0     0008433f  _InitMcbspb24bit                                       
0     0008434a  _InitMcbspb32bit                                       
0     00084355  _InitMcbspbGpio                                        
0     0008439d  _delay_loop                                            
0     000843b3  _clkg_delay_loop                                       
0     00084474  _Interrupt_initModule                                  
0     000844b1  _Interrupt_initVectorTable                             
0     000844d1  _Interrupt_enable                                      
0     00084505  _Interrupt_disable                                     
0     00084573  _main                                                  
0     000846a2  _strlen                                                
0     000846ad  _write_commands                                        
0     000846d8  _write_string                                          
0     00084705  _setup_lcd                                             
0     00084717  _mcBspRx                                               
0     0008476c  _softpowerdown                                         
0     0008476f  _fullpowerup                                           
0     00084772  _nomicpowerup                                          
0     00084775  _linput_volctl                                         
0     0008477b  _rinput_volctl                                         
0     00084781  _lhp_volctl                                            
0     00084787  _rhp_volctl                                            
0     0008478d  _nomicaaudpath                                         
0     00084790  _aaudpath                                              
0     00084793  _digaudiopath                                          
0     00084796  _DSPdigaudinterface                                    
0     00084799  _I2Sdigaudinterface                                    
0     0008479c  _USBsampleratecontrol                                  
0     000847a2  _CLKsampleratecontrol                                  
0     000847a8  _digact                                                
0     000847ab  _reset                                                 
0     000847ae  C$$EXIT                                                
0     000847ae  _abort                                                 
0     000847b0  _exit                                                  
0     000847d7  _copy_in                                               
0     000847fb  I$$DIV                                                 
0     0008480c  I$$MOD                                                 
0     0008481d  _memcpy                                                
0     0008483a  _init_io_gpio                                          
0     00084854  __args_main                                            
0     0008486d  LL$$AND                                                
0     00084875  LL$$OR                                                 
0     0008487d  LL$$XOR                                                
0     00084885  __system_post_cinit                                    
0     00086000  _RamfuncsLoadStart                                     
0     0008603b  _RamfuncsLoadEnd                                       
0     00090000  _intro                                                 
0     000a051d  _clearCommand                                          
0     000a0529  _initCommands                                          
0     000a052e  _shiftCommand                                          
1     00000400  __stack                                                
1     00000600  __STACK_END                                            
1     00000b00  _AdcaResultRegs                                        
1     00000b20  _AdcbResultRegs                                        
1     00000b40  _AdccResultRegs                                        
1     00000b60  _AdcdResultRegs                                        
1     00000c00  _CpuTimer0Regs                                         
1     00000c08  _CpuTimer1Regs                                         
1     00000c10  _CpuTimer2Regs                                         
1     00000ce0  _PieCtrlRegs                                           
1     00001000  _DmaRegs                                               
1     00001400  _Cla1Regs                                              
1     00004000  _EPwm1Regs                                             
1     00004100  _EPwm2Regs                                             
1     00004200  _EPwm3Regs                                             
1     00004300  _EPwm4Regs                                             
1     00004400  _EPwm5Regs                                             
1     00004500  _EPwm6Regs                                             
1     00004600  _EPwm7Regs                                             
1     00004700  _EPwm8Regs                                             
1     00004800  _EPwm9Regs                                             
1     00004900  _EPwm10Regs                                            
1     00004a00  _EPwm11Regs                                            
1     00004b00  _EPwm12Regs                                            
1     00005000  _ECap1Regs                                             
1     00005020  _ECap2Regs                                             
1     00005040  _ECap3Regs                                             
1     00005060  _ECap4Regs                                             
1     00005080  _ECap5Regs                                             
1     000050a0  _ECap6Regs                                             
1     00005100  _EQep1Regs                                             
1     00005140  _EQep2Regs                                             
1     00005180  _EQep3Regs                                             
1     00005c00  _DacaRegs                                              
1     00005c10  _DacbRegs                                              
1     00005c20  _DaccRegs                                              
1     00005c80  _Cmpss1Regs                                            
1     00005ca0  _Cmpss2Regs                                            
1     00005cc0  _Cmpss3Regs                                            
1     00005ce0  _Cmpss4Regs                                            
1     00005d00  _Cmpss5Regs                                            
1     00005d20  _Cmpss6Regs                                            
1     00005d40  _Cmpss7Regs                                            
1     00005d60  _Cmpss8Regs                                            
1     00005e00  _Sdfm1Regs                                             
1     00005e80  _Sdfm2Regs                                             
1     00006000  _McbspaRegs                                            
1     00006040  _McbspbRegs                                            
1     00006100  _SpiaRegs                                              
1     00006110  _SpibRegs                                              
1     00006120  _SpicRegs                                              
1     00006200  _UppRegs                                               
1     00007000  _WdRegs                                                
1     00007060  _NmiIntruptRegs                                        
1     00007070  _XintRegs                                              
1     00007200  _SciaRegs                                              
1     00007210  _ScibRegs                                              
1     00007220  _ScicRegs                                              
1     00007230  _ScidRegs                                              
1     00007300  _I2caRegs                                              
1     00007340  _I2cbRegs                                              
1     00007400  _AdcaRegs                                              
1     00007480  _AdcbRegs                                              
1     00007500  _AdccRegs                                              
1     00007580  _AdcdRegs                                              
1     00007900  _InputXbarRegs                                         
1     00007920  _XbarRegs                                              
1     00007940  _SyncSocRegs                                           
1     00007980  _DmaClaSrcSelRegs                                      
1     00007a00  _EPwmXbarRegs                                          
1     00007a80  _OutputXbarRegs                                        
1     00007c00  _GpioCtrlRegs                                          
1     00007f00  _GpioDataRegs                                          
1     0000a800  _noisePeriodTableNtsc                                  
1     0000a810  _pulseSteps                                            
1     0000a840  _lengthTable                                           
1     0000a860  _triangleSteps                                         
1     0000a8d4  _CpuTimer1                                             
1     0000a8dc  _CpuTimer2                                             
1     0000a8e4  _CpuTimer0                                             
1     0000a8ec  _tempSensor_tempOffset                                 
1     0000a8ee  _tempSensor_scaleFactor                                
1     0000a8f0  _tempSensor_tempSlope                                  
1     0000a8f2  _even                                                  
1     0000a8f4  _cyclesToProcess                                       
1     0000a8f6  _sample                                                
1     0000a8f8  ___TI_enable_exit_profile_output                       
1     0000a8fa  ___TI_cleanup_ptr                                      
1     0000a8fc  ___TI_dtors_ptr                                        
1     0000a8fe  __lock                                                 
1     0000a900  _SCI                                                   
1     0000a904  _MCBSP                                                 
1     0000a908  _I2C                                                   
1     0000a90c  _SDFM                                                  
1     0000a912  _EQEP                                                  
1     0000a91a  _SPI                                                   
1     0000a922  _ADC                                                   
1     0000a92c  _ECAP                                                  
1     0000a940  _EPWM                                                  
1     0000a95a  _TRIP_SEL                                              
1     0000a978  __unlock                                               
1     0000a97a  _introLoopIndex                                        
1     0000a97c  _deviceOpen                                            
1     0000e000  _pingBuff                                              
1     00014000  _pongBuff                                              
1     0003fc00  _g_asIPCCPU1toCPU2Buffers                              
1     0003fc80  _g_usPutWriteIndexes                                   
1     0003fc84  _g_usGetReadIndexes                                    
1     00047000  _Emif1Regs                                             
1     00047800  _Emif2Regs                                             
1     00048000  _CanaRegs                                              
1     0004a000  _CanbRegs                                              
1     00050000  _IpcRegs                                               
1     00050024  _FlashPumpSemaphoreRegs                                
1     0005d000  _DevCfgRegs                                            
1     0005d180  _AnalogSubsysRegs                                      
1     0005d200  _ClkCfgRegs                                            
1     0005d300  _CpuSysRegs                                            
1     0005e608  _RomPrefetchRegs                                       
1     0005f000  _DcsmZ1Regs                                            
1     0005f040  _DcsmZ2Regs                                            
1     0005f070  _DcsmCommonRegs                                        
1     0005f400  _MemCfgRegs                                            
1     0005f480  _Emif1ConfigRegs                                       
1     0005f4a0  _Emif2ConfigRegs                                       
1     0005f4c0  _AccessProtectionRegs                                  
1     0005f500  _MemoryErrorRegs                                       
1     0005f540  _RomWaitStateRegs                                      
1     0005f800  _Flash0CtrlRegs                                        
1     0005fb00  _Flash0EccRegs                                         
1     00078000  _DcsmZ1Otp                                             
1     00078200  _DcsmZ2Otp                                             
abs   0000003b  _RamfuncsLoadSize                                      
abs   0000003b  _RamfuncsRunSize                                       
abs   00000200  __STACK_SIZE                                           
abs   ffffffff  .text                                                  
abs   ffffffff  ___TI_pprof_out_hndl                                   
abs   ffffffff  ___TI_prof_data_size                                   
abs   ffffffff  ___TI_prof_data_start                                  
abs   ffffffff  ___binit__                                             
abs   ffffffff  ___c_args__                                            
abs   ffffffff  ___etext__                                             
abs   ffffffff  ___pinit__                                             
abs   ffffffff  ___text__                                              
abs   ffffffff  binit                                                  
abs   ffffffff  etext                                                  
abs   ffffffff  pinit                                                  

[669 symbols]
