******************************************************************************
             TMS320C2000 Linker PC v18.1.4                     
******************************************************************************
>> Linked Fri Apr 19 18:48:10 2019

OUTPUT FILE NAME:   <Lab5.out>
ENTRY POINT SYMBOL: "_c_int00"  address: 00084dbc


MEMORY CONFIGURATION

         name            origin    length      used     unused   attr    fill
----------------------  --------  ---------  --------  --------  ----  --------
PAGE 0:
  RAMM0                 00000122   000002de  00000000  000002de  RWIX
  RAMLS0                00008000   00000800  0000003b  000007c5  RWIX
  RAMLS1                00008800   00000800  00000000  00000800  RWIX
  RAMLS2                00009000   00000800  00000000  00000800  RWIX
  RAMLS3                00009800   00000800  00000000  00000800  RWIX
  RAMLS4                0000a000   00000800  00000000  00000800  RWIX
  RAMD0                 0000b000   00000800  00000000  00000800  RWIX
  RAMGS14               0001a000   00001000  00000000  00001000  RWIX
  RAMGS15               0001b000   00001000  00000000  00001000  RWIX
  BEGIN                 00080000   00000002  00000002  00000000  RWIX
  FLASHA                00080002   00001ffe  00000000  00001ffe  RWIX
  FLASHB                00082000   00002000  00001ffb  00000005  RWIX
  FLASHC                00084000   00002000  00000f80  00001080  RWIX
  FLASHD                00086000   00002000  0000003b  00001fc5  RWIX
  FLASHE                00088000   00008000  00000000  00008000  RWIX
  FLASHFGH              00090000   00018000  0001052f  00007ad1  RWIX
  FLASHI                000a8000   00008000  00002f72  0000508e  RWIX
  FLASHJ                000b0000   00008000  00000000  00008000  RWIX
  FLASHK                000b8000   00002000  00000000  00002000  RWIX
  FLASHL                000ba000   00002000  00000000  00002000  RWIX
  FLASHM                000bc000   00002000  00000000  00002000  RWIX
  FLASHN                000be000   00002000  00000000  00002000  RWIX
  RESET                 003fffc0   00000002  00000000  00000002  RWIX

PAGE 1:
  BOOT_RSVD             00000002   00000120  00000000  00000120  RWIX
  RAMM1                 00000400   00000400  00000200  00000200  RWIX
  ADCA_RESULT           00000b00   00000020  00000018  00000008  RWIX
  ADCB_RESULT           00000b20   00000020  00000018  00000008  RWIX
  ADCC_RESULT           00000b40   00000020  00000018  00000008  RWIX
  ADCD_RESULT           00000b60   00000020  00000018  00000008  RWIX
  CPU_TIMER0            00000c00   00000008  00000008  00000000  RWIX
  CPU_TIMER1            00000c08   00000008  00000008  00000000  RWIX
  CPU_TIMER2            00000c10   00000008  00000008  00000000  RWIX
  PIE_CTRL              00000ce0   00000020  0000001a  00000006  RWIX
  PIE_VECT              00000d00   00000200  00000000  00000200  RWIX
  DMA                   00001000   00000200  000000e0  00000120  RWIX
  CLA1                  00001400   00000040  0000003e  00000002  RWIX
  EPWM1                 00004000   00000100  00000100  00000000  RWIX
  EPWM2                 00004100   00000100  00000100  00000000  RWIX
  EPWM3                 00004200   00000100  00000100  00000000  RWIX
  EPWM4                 00004300   00000100  00000100  00000000  RWIX
  EPWM5                 00004400   00000100  00000100  00000000  RWIX
  EPWM6                 00004500   00000100  00000100  00000000  RWIX
  EPWM7                 00004600   00000100  00000100  00000000  RWIX
  EPWM8                 00004700   00000100  00000100  00000000  RWIX
  EPWM9                 00004800   00000100  00000100  00000000  RWIX
  EPWM10                00004900   00000100  00000100  00000000  RWIX
  EPWM11                00004a00   00000100  00000100  00000000  RWIX
  EPWM12                00004b00   00000100  00000100  00000000  RWIX
  ECAP1                 00005000   00000020  00000020  00000000  RWIX
  ECAP2                 00005020   00000020  00000020  00000000  RWIX
  ECAP3                 00005040   00000020  00000020  00000000  RWIX
  ECAP4                 00005060   00000020  00000020  00000000  RWIX
  ECAP5                 00005080   00000020  00000020  00000000  RWIX
  ECAP6                 000050a0   00000020  00000020  00000000  RWIX
  EQEP1                 00005100   00000040  00000022  0000001e  RWIX
  EQEP2                 00005140   00000040  00000022  0000001e  RWIX
  EQEP3                 00005180   00000040  00000022  0000001e  RWIX
  DACA                  00005c00   00000010  00000008  00000008  RWIX
  DACB                  00005c10   00000010  00000008  00000008  RWIX
  DACC                  00005c20   00000010  00000008  00000008  RWIX
  CMPSS1                00005c80   00000020  00000020  00000000  RWIX
  CMPSS2                00005ca0   00000020  00000020  00000000  RWIX
  CMPSS3                00005cc0   00000020  00000020  00000000  RWIX
  CMPSS4                00005ce0   00000020  00000020  00000000  RWIX
  CMPSS5                00005d00   00000020  00000020  00000000  RWIX
  CMPSS6                00005d20   00000020  00000020  00000000  RWIX
  CMPSS7                00005d40   00000020  00000020  00000000  RWIX
  CMPSS8                00005d60   00000020  00000020  00000000  RWIX
  SDFM1                 00005e00   00000080  00000080  00000000  RWIX
  SDFM2                 00005e80   00000080  00000080  00000000  RWIX
  MCBSPA                00006000   00000040  00000024  0000001c  RWIX
  MCBSPB                00006040   00000040  00000024  0000001c  RWIX
  SPIA                  00006100   00000010  00000010  00000000  RWIX
  SPIB                  00006110   00000010  00000010  00000000  RWIX
  SPIC                  00006120   00000010  00000010  00000000  RWIX
  SPID                  00006130   00000010  00000000  00000010  RWIX
  UPP                   00006200   00000100  00000048  000000b8  RWIX
  WD                    00007000   00000040  0000002b  00000015  RWIX
  NMIINTRUPT            00007060   00000010  00000007  00000009  RWIX
  XINT                  00007070   00000010  0000000b  00000005  RWIX
  SCIA                  00007200   00000010  00000010  00000000  RWIX
  SCIB                  00007210   00000010  00000010  00000000  RWIX
  SCIC                  00007220   00000010  00000010  00000000  RWIX
  SCID                  00007230   00000010  00000010  00000000  RWIX
  I2CA                  00007300   00000040  00000022  0000001e  RWIX
  I2CB                  00007340   00000040  00000022  0000001e  RWIX
  ADCA                  00007400   00000080  00000080  00000000  RWIX
  ADCB                  00007480   00000080  00000080  00000000  RWIX
  ADCC                  00007500   00000080  00000080  00000000  RWIX
  ADCD                  00007580   00000080  00000080  00000000  RWIX
  INPUT_XBAR            00007900   00000020  00000020  00000000  RWIX
  XBAR                  00007920   00000020  00000020  00000000  RWIX
  SYNC_SOC              00007940   00000010  00000006  0000000a  RWIX
  DMACLASRCSEL          00007980   00000040  0000001a  00000026  RWIX
  EPWM_XBAR             00007a00   00000040  00000040  00000000  RWIX
  CLB_XBAR              00007a40   00000040  00000000  00000040  RWIX
  OUTPUT_XBAR           00007a80   00000040  00000040  00000000  RWIX
  GPIOCTRL              00007c00   00000180  00000180  00000000  RWIX
  GPIODAT               00007f00   00000030  00000030  00000000  RWIX
  RAMLS5                0000a800   00000800  0000017f  00000681  RWIX
  RAMD1                 0000b800   00000800  00000000  00000800  RWIX
  RAMGS0                0000c000   00001000  00000000  00001000  RWIX
  RAMGS1                0000d000   00001000  00000000  00001000  RWIX
  RAMGS2                0000e000   00001000  00000000  00001000  RWIX
  RAMGS3                0000f000   00001000  00000000  00001000  RWIX
  RAMGS4                00010000   00001000  00000000  00001000  RWIX
  RAMGS5                00011000   00001000  00000000  00001000  RWIX
  RAMGS6                00012000   00001000  00000000  00001000  RWIX
  RAMGS7                00013000   00001000  00000000  00001000  RWIX
  RAMGS8                00014000   00001000  00000000  00001000  RWIX
  RAMGS9                00015000   00001000  00000000  00001000  RWIX
  RAMGS10               00016000   00001000  00000000  00001000  RWIX
  RAMGS11               00017000   00001000  00000000  00001000  RWIX
  RAMGS12               00018000   00001000  00000000  00001000  RWIX
  RAMGS13               00019000   00001000  00000000  00001000  RWIX
  CPU2TOCPU1RAM         0003f800   00000400  00000000  00000400  RWIX
  CPU1TOCPU2RAM         0003fc00   00000400  00000088  00000378  RWIX
  EMIF1                 00047000   00000800  00000070  00000790  RWIX
  EMIF2                 00047800   00000800  00000070  00000790  RWIX
  CANA                  00048000   00000800  00000164  0000069c  RWIX
  CANB                  0004a000   00000800  00000164  0000069c  RWIX
  IPC                   00050000   00000024  00000024  00000000  RWIX
  FLASHPUMPSEMAPHORE    00050024   00000002  00000002  00000000  RWIX
  DEV_CFG               0005d000   00000180  0000012e  00000052  RWIX
  ANALOG_SUBSYS         0005d180   00000080  00000048  00000038  RWIX
  CLK_CFG               0005d200   00000100  00000032  000000ce  RWIX
  CPU_SYS               0005d300   00000100  00000082  0000007e  RWIX
  ROMPREFETCH           0005e608   00000002  00000002  00000000  RWIX
  DCSM_Z1               0005f000   00000030  00000024  0000000c  RWIX
  DCSM_Z2               0005f040   00000030  00000024  0000000c  RWIX
  DCSM_COMMON           0005f070   00000010  00000008  00000008  RWIX
  MEMCFG                0005f400   00000080  00000080  00000000  RWIX
  EMIF1CONFIG           0005f480   00000020  00000020  00000000  RWIX
  EMIF2CONFIG           0005f4a0   00000020  00000020  00000000  RWIX
  ACCESSPROTECTION      0005f4c0   00000040  00000040  00000000  RWIX
  MEMORYERROR           0005f500   00000040  00000040  00000000  RWIX
  ROMWAITSTATE          0005f540   00000002  00000002  00000000  RWIX
  FLASH0_CTRL           0005f800   00000300  00000182  0000017e  RWIX
  FLASH0_ECC            0005fb00   00000040  00000028  00000018  RWIX
  DCSM_Z1_OTP           00078000   00000020  00000020  00000000  RWIX
  DCSM_Z2_OTP           00078200   00000020  00000020  00000000  RWIX


SECTION ALLOCATION MAP

 output                                  attributes/
section   page    origin      length       input sections
--------  ----  ----------  ----------   ----------------
.cinit     0    00082000    00000e32     
                  00082000    00000cf4     Gui.obj (.cinit)
                  00082cf4    00000090     F2837xD_struct.obj (.cinit)
                  00082d84    0000007c     APU.obj (.cinit)
                  00082e00    00000014     Player.obj (.cinit)
                  00082e14    0000000e     rts2800_fpu32.lib : exit.c.obj (.cinit)
                  00082e22    00000005                       : _lock.c.obj (.cinit:__lock)
                  00082e27    00000005                       : _lock.c.obj (.cinit:__unlock)
                  00082e2c    00000004     F2837xD_sci_io.obj (.cinit)
                  00082e30    00000002     --HOLE-- [fill = 0]

.pinit     0    00082000    00000000     UNINITIALIZED

codestart 
*          0    00080000    00000002     
                  00080000    00000002     F2837xD_CodeStartBranch.obj (codestart)

.TI.ramfunc 
*          0    00086000    0000003b     RUN ADDR = 00008000
                  00086000    00000037     F2837xD_SysCtrl.obj (.TI.ramfunc)
                  00086037    00000004     F2837xD_usDelay.obj (.TI.ramfunc)

.stack     1    00000400    00000200     UNINITIALIZED
                  00000400    00000200     --HOLE--

.switch    0    00082e34    00000020     
                  00082e34    00000020     APU.obj (.switch:_writeRegister)

.reset     0    003fffc0    00000002     DSECT
                  003fffc0    00000002     rts2800_fpu32.lib : boot28.asm.obj (.reset)

PUTBUFFER 
*          1    0003fc00    00000080     UNINITIALIZED
                  0003fc00    00000080     F2837xD_Ipc_Driver.obj (PUTBUFFER)

PUTWRITEIDX 
*          1    0003fc80    00000004     UNINITIALIZED
                  0003fc80    00000004     F2837xD_Ipc_Driver.obj (PUTWRITEIDX)

GETREADIDX 
*          1    0003fc84    00000004     UNINITIALIZED
                  0003fc84    00000004     F2837xD_Ipc_Driver.obj (GETREADIDX)

GETBUFFER 
*          0    0003f800    00000080     DSECT
                  0003f800    00000080     F2837xD_Ipc_Driver.obj (GETBUFFER)

GETWRITEIDX 
*          0    0003f880    00000004     DSECT
                  0003f880    00000004     F2837xD_Ipc_Driver.obj (GETWRITEIDX)

PUTREADIDX 
*          0    0003f884    00000004     DSECT
                  0003f884    00000004     F2837xD_Ipc_Driver.obj (PUTREADIDX)

gui        0    000a8000    00002f72     UNINITIALIZED
                  000a8000    00002f72     Gui.obj (gui)

PieVectTableFile 
*          0    00000d00    000001c0     DSECT
                  00000d00    000001c0     F2837xD_GlobalVariableDefs.obj (PieVectTableFile)

EmuKeyVar 
*          0    00000d00    00000001     DSECT
                  00000d00    00000001     F2837xD_GlobalVariableDefs.obj (EmuKeyVar)

EmuBModeVar 
*          0    00000d01    00000001     DSECT
                  00000d01    00000001     F2837xD_GlobalVariableDefs.obj (EmuBModeVar)

FlashCallbackVar 
*          0    00000d02    00000000     DSECT

FlashScalingVar 
*          0    00000d02    00000000     DSECT

.econst    0    00090000    0001052f     
                  00090000    0001051d     Player.obj (.econst:.string:_intro)
                  000a051d    00000001     lcd.obj (.econst:_clearCommand)
                  000a051e    0000000b     Gui.obj (.econst:.string)
                  000a0529    00000005     lcd.obj (.econst:_initCommands)
                  000a052e    00000001     lcd.obj (.econst:_shiftCommand)

AdcaResultFile 
*          1    00000b00    00000018     UNINITIALIZED
                  00000b00    00000018     F2837xD_GlobalVariableDefs.obj (AdcaResultFile)

AdcbResultFile 
*          1    00000b20    00000018     UNINITIALIZED
                  00000b20    00000018     F2837xD_GlobalVariableDefs.obj (AdcbResultFile)

AdccResultFile 
*          1    00000b40    00000018     UNINITIALIZED
                  00000b40    00000018     F2837xD_GlobalVariableDefs.obj (AdccResultFile)

AdcdResultFile 
*          1    00000b60    00000018     UNINITIALIZED
                  00000b60    00000018     F2837xD_GlobalVariableDefs.obj (AdcdResultFile)

CpuTimer0RegsFile 
*          1    00000c00    00000008     UNINITIALIZED
                  00000c00    00000008     F2837xD_GlobalVariableDefs.obj (CpuTimer0RegsFile)

CpuTimer1RegsFile 
*          1    00000c08    00000008     UNINITIALIZED
                  00000c08    00000008     F2837xD_GlobalVariableDefs.obj (CpuTimer1RegsFile)

CpuTimer2RegsFile 
*          1    00000c10    00000008     UNINITIALIZED
                  00000c10    00000008     F2837xD_GlobalVariableDefs.obj (CpuTimer2RegsFile)

PieCtrlRegsFile 
*          1    00000ce0    0000001a     UNINITIALIZED
                  00000ce0    0000001a     F2837xD_GlobalVariableDefs.obj (PieCtrlRegsFile)

DmaRegsFile 
*          1    00001000    000000e0     UNINITIALIZED
                  00001000    000000e0     F2837xD_GlobalVariableDefs.obj (DmaRegsFile)

Cla1RegsFile 
*          1    00001400    0000003e     UNINITIALIZED
                  00001400    0000003e     F2837xD_GlobalVariableDefs.obj (Cla1RegsFile)

EPwm1RegsFile 
*          1    00004000    00000100     UNINITIALIZED
                  00004000    00000100     F2837xD_GlobalVariableDefs.obj (EPwm1RegsFile)

EPwm2RegsFile 
*          1    00004100    00000100     UNINITIALIZED
                  00004100    00000100     F2837xD_GlobalVariableDefs.obj (EPwm2RegsFile)

EPwm3RegsFile 
*          1    00004200    00000100     UNINITIALIZED
                  00004200    00000100     F2837xD_GlobalVariableDefs.obj (EPwm3RegsFile)

EPwm4RegsFile 
*          1    00004300    00000100     UNINITIALIZED
                  00004300    00000100     F2837xD_GlobalVariableDefs.obj (EPwm4RegsFile)

EPwm5RegsFile 
*          1    00004400    00000100     UNINITIALIZED
                  00004400    00000100     F2837xD_GlobalVariableDefs.obj (EPwm5RegsFile)

EPwm6RegsFile 
*          1    00004500    00000100     UNINITIALIZED
                  00004500    00000100     F2837xD_GlobalVariableDefs.obj (EPwm6RegsFile)

EPwm7RegsFile 
*          1    00004600    00000100     UNINITIALIZED
                  00004600    00000100     F2837xD_GlobalVariableDefs.obj (EPwm7RegsFile)

EPwm8RegsFile 
*          1    00004700    00000100     UNINITIALIZED
                  00004700    00000100     F2837xD_GlobalVariableDefs.obj (EPwm8RegsFile)

EPwm9RegsFile 
*          1    00004800    00000100     UNINITIALIZED
                  00004800    00000100     F2837xD_GlobalVariableDefs.obj (EPwm9RegsFile)

EPwm10RegsFile 
*          1    00004900    00000100     UNINITIALIZED
                  00004900    00000100     F2837xD_GlobalVariableDefs.obj (EPwm10RegsFile)

EPwm11RegsFile 
*          1    00004a00    00000100     UNINITIALIZED
                  00004a00    00000100     F2837xD_GlobalVariableDefs.obj (EPwm11RegsFile)

EPwm12RegsFile 
*          1    00004b00    00000100     UNINITIALIZED
                  00004b00    00000100     F2837xD_GlobalVariableDefs.obj (EPwm12RegsFile)

ECap1RegsFile 
*          1    00005000    00000020     UNINITIALIZED
                  00005000    00000020     F2837xD_GlobalVariableDefs.obj (ECap1RegsFile)

ECap2RegsFile 
*          1    00005020    00000020     UNINITIALIZED
                  00005020    00000020     F2837xD_GlobalVariableDefs.obj (ECap2RegsFile)

ECap3RegsFile 
*          1    00005040    00000020     UNINITIALIZED
                  00005040    00000020     F2837xD_GlobalVariableDefs.obj (ECap3RegsFile)

ECap4RegsFile 
*          1    00005060    00000020     UNINITIALIZED
                  00005060    00000020     F2837xD_GlobalVariableDefs.obj (ECap4RegsFile)

ECap5RegsFile 
*          1    00005080    00000020     UNINITIALIZED
                  00005080    00000020     F2837xD_GlobalVariableDefs.obj (ECap5RegsFile)

ECap6RegsFile 
*          1    000050a0    00000020     UNINITIALIZED
                  000050a0    00000020     F2837xD_GlobalVariableDefs.obj (ECap6RegsFile)

EQep1RegsFile 
*          1    00005100    00000022     UNINITIALIZED
                  00005100    00000022     F2837xD_GlobalVariableDefs.obj (EQep1RegsFile)

EQep2RegsFile 
*          1    00005140    00000022     UNINITIALIZED
                  00005140    00000022     F2837xD_GlobalVariableDefs.obj (EQep2RegsFile)

EQep3RegsFile 
*          1    00005180    00000022     UNINITIALIZED
                  00005180    00000022     F2837xD_GlobalVariableDefs.obj (EQep3RegsFile)

DacaRegsFile 
*          1    00005c00    00000008     UNINITIALIZED
                  00005c00    00000008     F2837xD_GlobalVariableDefs.obj (DacaRegsFile)

DacbRegsFile 
*          1    00005c10    00000008     UNINITIALIZED
                  00005c10    00000008     F2837xD_GlobalVariableDefs.obj (DacbRegsFile)

DaccRegsFile 
*          1    00005c20    00000008     UNINITIALIZED
                  00005c20    00000008     F2837xD_GlobalVariableDefs.obj (DaccRegsFile)

Sdfm1RegsFile 
*          1    00005e00    00000080     UNINITIALIZED
                  00005e00    00000080     F2837xD_GlobalVariableDefs.obj (Sdfm1RegsFile)

Sdfm2RegsFile 
*          1    00005e80    00000080     UNINITIALIZED
                  00005e80    00000080     F2837xD_GlobalVariableDefs.obj (Sdfm2RegsFile)

McbspaRegsFile 
*          1    00006000    00000024     UNINITIALIZED
                  00006000    00000024     F2837xD_GlobalVariableDefs.obj (McbspaRegsFile)

McbspbRegsFile 
*          1    00006040    00000024     UNINITIALIZED
                  00006040    00000024     F2837xD_GlobalVariableDefs.obj (McbspbRegsFile)

SpiaRegsFile 
*          1    00006100    00000010     UNINITIALIZED
                  00006100    00000010     F2837xD_GlobalVariableDefs.obj (SpiaRegsFile)

SpibRegsFile 
*          1    00006110    00000010     UNINITIALIZED
                  00006110    00000010     F2837xD_GlobalVariableDefs.obj (SpibRegsFile)

SpicRegsFile 
*          1    00006120    00000010     UNINITIALIZED
                  00006120    00000010     F2837xD_GlobalVariableDefs.obj (SpicRegsFile)

UppRegsFile 
*          1    00006200    00000048     UNINITIALIZED
                  00006200    00000048     F2837xD_GlobalVariableDefs.obj (UppRegsFile)

WdRegsFile 
*          1    00007000    0000002b     UNINITIALIZED
                  00007000    0000002b     F2837xD_GlobalVariableDefs.obj (WdRegsFile)

NmiIntruptRegsFile 
*          1    00007060    00000007     UNINITIALIZED
                  00007060    00000007     F2837xD_GlobalVariableDefs.obj (NmiIntruptRegsFile)

XintRegsFile 
*          1    00007070    0000000b     UNINITIALIZED
                  00007070    0000000b     F2837xD_GlobalVariableDefs.obj (XintRegsFile)

SciaRegsFile 
*          1    00007200    00000010     UNINITIALIZED
                  00007200    00000010     F2837xD_GlobalVariableDefs.obj (SciaRegsFile)

ScibRegsFile 
*          1    00007210    00000010     UNINITIALIZED
                  00007210    00000010     F2837xD_GlobalVariableDefs.obj (ScibRegsFile)

ScicRegsFile 
*          1    00007220    00000010     UNINITIALIZED
                  00007220    00000010     F2837xD_GlobalVariableDefs.obj (ScicRegsFile)

ScidRegsFile 
*          1    00007230    00000010     UNINITIALIZED
                  00007230    00000010     F2837xD_GlobalVariableDefs.obj (ScidRegsFile)

I2caRegsFile 
*          1    00007300    00000022     UNINITIALIZED
                  00007300    00000022     F2837xD_GlobalVariableDefs.obj (I2caRegsFile)

I2cbRegsFile 
*          1    00007340    00000022     UNINITIALIZED
                  00007340    00000022     F2837xD_GlobalVariableDefs.obj (I2cbRegsFile)

AdcaRegsFile 
*          1    00007400    00000080     UNINITIALIZED
                  00007400    00000080     F2837xD_GlobalVariableDefs.obj (AdcaRegsFile)

AdcbRegsFile 
*          1    00007480    00000080     UNINITIALIZED
                  00007480    00000080     F2837xD_GlobalVariableDefs.obj (AdcbRegsFile)

AdccRegsFile 
*          1    00007500    00000080     UNINITIALIZED
                  00007500    00000080     F2837xD_GlobalVariableDefs.obj (AdccRegsFile)

AdcdRegsFile 
*          1    00007580    00000080     UNINITIALIZED
                  00007580    00000080     F2837xD_GlobalVariableDefs.obj (AdcdRegsFile)

InputXbarRegsFile 
*          1    00007900    00000020     UNINITIALIZED
                  00007900    00000020     F2837xD_GlobalVariableDefs.obj (InputXbarRegsFile)

XbarRegsFile 
*          1    00007920    00000020     UNINITIALIZED
                  00007920    00000020     F2837xD_GlobalVariableDefs.obj (XbarRegsFile)

SyncSocRegsFile 
*          1    00007940    00000006     UNINITIALIZED
                  00007940    00000006     F2837xD_GlobalVariableDefs.obj (SyncSocRegsFile)

DmaClaSrcSelRegsFile 
*          1    00007980    0000001a     UNINITIALIZED
                  00007980    0000001a     F2837xD_GlobalVariableDefs.obj (DmaClaSrcSelRegsFile)

EPwmXbarRegsFile 
*          1    00007a00    00000040     UNINITIALIZED
                  00007a00    00000040     F2837xD_GlobalVariableDefs.obj (EPwmXbarRegsFile)

OutputXbarRegsFile 
*          1    00007a80    00000040     UNINITIALIZED
                  00007a80    00000040     F2837xD_GlobalVariableDefs.obj (OutputXbarRegsFile)

GpioCtrlRegsFile 
*          1    00007c00    00000180     UNINITIALIZED
                  00007c00    00000180     F2837xD_GlobalVariableDefs.obj (GpioCtrlRegsFile)

GpioDataRegsFile 
*          1    00007f00    00000030     UNINITIALIZED
                  00007f00    00000030     F2837xD_GlobalVariableDefs.obj (GpioDataRegsFile)

Emif1RegsFile 
*          1    00047000    00000070     UNINITIALIZED
                  00047000    00000070     F2837xD_GlobalVariableDefs.obj (Emif1RegsFile)

Emif2RegsFile 
*          1    00047800    00000070     UNINITIALIZED
                  00047800    00000070     F2837xD_GlobalVariableDefs.obj (Emif2RegsFile)

CanaRegsFile 
*          1    00048000    00000164     UNINITIALIZED
                  00048000    00000164     F2837xD_GlobalVariableDefs.obj (CanaRegsFile)

CanbRegsFile 
*          1    0004a000    00000164     UNINITIALIZED
                  0004a000    00000164     F2837xD_GlobalVariableDefs.obj (CanbRegsFile)

AnalogSubsysRegsFile 
*          1    0005d180    00000048     UNINITIALIZED
                  0005d180    00000048     F2837xD_GlobalVariableDefs.obj (AnalogSubsysRegsFile)

Cla1SoftIntRegsFile 
*          1    00000ce0    00000004     DSECT
                  00000ce0    00000004     F2837xD_GlobalVariableDefs.obj (Cla1SoftIntRegsFile)

Cmpss1RegsFile 
*          1    00005c80    00000020     UNINITIALIZED
                  00005c80    00000020     F2837xD_GlobalVariableDefs.obj (Cmpss1RegsFile)

Cmpss2RegsFile 
*          1    00005ca0    00000020     UNINITIALIZED
                  00005ca0    00000020     F2837xD_GlobalVariableDefs.obj (Cmpss2RegsFile)

Cmpss3RegsFile 
*          1    00005cc0    00000020     UNINITIALIZED
                  00005cc0    00000020     F2837xD_GlobalVariableDefs.obj (Cmpss3RegsFile)

Cmpss4RegsFile 
*          1    00005ce0    00000020     UNINITIALIZED
                  00005ce0    00000020     F2837xD_GlobalVariableDefs.obj (Cmpss4RegsFile)

Cmpss5RegsFile 
*          1    00005d00    00000020     UNINITIALIZED
                  00005d00    00000020     F2837xD_GlobalVariableDefs.obj (Cmpss5RegsFile)

Cmpss6RegsFile 
*          1    00005d20    00000020     UNINITIALIZED
                  00005d20    00000020     F2837xD_GlobalVariableDefs.obj (Cmpss6RegsFile)

Cmpss7RegsFile 
*          1    00005d40    00000020     UNINITIALIZED
                  00005d40    00000020     F2837xD_GlobalVariableDefs.obj (Cmpss7RegsFile)

Cmpss8RegsFile 
*          1    00005d60    00000020     UNINITIALIZED
                  00005d60    00000020     F2837xD_GlobalVariableDefs.obj (Cmpss8RegsFile)

IpcRegsFile 
*          1    00050000    00000024     UNINITIALIZED
                  00050000    00000024     F2837xD_GlobalVariableDefs.obj (IpcRegsFile)

FlashPumpSemaphoreRegsFile 
*          1    00050024    00000002     UNINITIALIZED
                  00050024    00000002     F2837xD_GlobalVariableDefs.obj (FlashPumpSemaphoreRegsFile)

RomPrefetchRegsFile 
*          1    0005e608    00000002     UNINITIALIZED
                  0005e608    00000002     F2837xD_GlobalVariableDefs.obj (RomPrefetchRegsFile)

DcsmZ1RegsFile 
*          1    0005f000    00000024     UNINITIALIZED
                  0005f000    00000024     F2837xD_GlobalVariableDefs.obj (DcsmZ1RegsFile)

DcsmZ2RegsFile 
*          1    0005f040    00000024     UNINITIALIZED
                  0005f040    00000024     F2837xD_GlobalVariableDefs.obj (DcsmZ2RegsFile)

DcsmCommonRegsFile 
*          1    0005f070    00000008     UNINITIALIZED
                  0005f070    00000008     F2837xD_GlobalVariableDefs.obj (DcsmCommonRegsFile)

MemCfgRegsFile 
*          1    0005f400    00000080     UNINITIALIZED
                  0005f400    00000080     F2837xD_GlobalVariableDefs.obj (MemCfgRegsFile)

Emif1ConfigRegsFile 
*          1    0005f480    00000020     UNINITIALIZED
                  0005f480    00000020     F2837xD_GlobalVariableDefs.obj (Emif1ConfigRegsFile)

Emif2ConfigRegsFile 
*          1    0005f4a0    00000020     UNINITIALIZED
                  0005f4a0    00000020     F2837xD_GlobalVariableDefs.obj (Emif2ConfigRegsFile)

AccessProtectionRegsFile 
*          1    0005f4c0    00000040     UNINITIALIZED
                  0005f4c0    00000040     F2837xD_GlobalVariableDefs.obj (AccessProtectionRegsFile)

MemoryErrorRegsFile 
*          1    0005f500    00000040     UNINITIALIZED
                  0005f500    00000040     F2837xD_GlobalVariableDefs.obj (MemoryErrorRegsFile)

RomWaitStateRegsFile 
*          1    0005f540    00000002     UNINITIALIZED
                  0005f540    00000002     F2837xD_GlobalVariableDefs.obj (RomWaitStateRegsFile)

Flash0CtrlRegsFile 
*          1    0005f800    00000182     UNINITIALIZED
                  0005f800    00000182     F2837xD_GlobalVariableDefs.obj (Flash0CtrlRegsFile)

Flash0EccRegsFile 
*          1    0005fb00    00000028     UNINITIALIZED
                  0005fb00    00000028     F2837xD_GlobalVariableDefs.obj (Flash0EccRegsFile)

DcsmZ1OtpFile 
*          1    00078000    00000020     NOLOAD SECTION
                  00078000    00000020     F2837xD_GlobalVariableDefs.obj (DcsmZ1OtpFile)

DcsmZ2OtpFile 
*          1    00078200    00000020     NOLOAD SECTION
                  00078200    00000020     F2837xD_GlobalVariableDefs.obj (DcsmZ2OtpFile)

DevCfgRegsFile 
*          1    0005d000    0000012e     UNINITIALIZED
                  0005d000    0000012e     F2837xD_GlobalVariableDefs.obj (DevCfgRegsFile)

ClkCfgRegsFile 
*          1    0005d200    00000032     UNINITIALIZED
                  0005d200    00000032     F2837xD_GlobalVariableDefs.obj (ClkCfgRegsFile)

CpuSysRegsFile 
*          1    0005d300    00000082     UNINITIALIZED
                  0005d300    00000082     F2837xD_GlobalVariableDefs.obj (CpuSysRegsFile)

.text.1    0    00082e54    000011a9     
                  00082e54    00000732     APU.obj (.text)
                  00083586    000005c6     Gui.obj (.text)
                  00083b4c    00000347     F2837xD_SysCtrl.obj (.text)
                  00083e93    000000e6     Player.obj (.text)
                  00083f79    00000075     lcd.obj (.text)
                  00083fee    00000009     rts2800_fpu32.lib : _lock.c.obj (.text)
                  00083ff7    00000003     F2837xD_DBGIER.obj (.text)
                  00083ffa    00000002     rts2800_fpu32.lib : pre_init.c.obj (.text)
                  00083ffc    00000001                       : startup.c.obj (.text)

.text.2    0    00084000    00000f80     
                  00084000    00000585     F2837xD_DefaultISR.obj (.text:retain)
                  00084585    00000244     F2837xD_Gpio.obj (.text)
                  000847c9    00000211     InitAIC23.obj (.text)
                  000849da    000001b8     F2837xD_Mcbsp.obj (.text)
                  00084b92    00000187     interrupt.obj (.text)
                  00084d19    000000a3     OneToOneI2CDriver.obj (.text)
                  00084dbc    00000056     rts2800_fpu32.lib : boot28.asm.obj (.text)
                  00084e12    00000055     Player.obj (.text:retain)
                  00084e67    00000042     AIC23.obj (.text)
                  00084ea9    00000029     rts2800_fpu32.lib : exit.c.obj (.text)
                  00084ed2    00000024                       : cpy_tbl.c.obj (.text)
                  00084ef6    00000022                       : i_div28.asm.obj (.text)
                  00084f18    0000001d                       : memcpy.c.obj (.text)
                  00084f35    0000001a     io.obj (.text)
                  00084f4f    00000019     rts2800_fpu32.lib : args_main.c.obj (.text)
                  00084f68    00000018                       : ll_aox28.asm.obj (.text)

.ebss      1    0000a800    0000017f     UNINITIALIZED
                  0000a800    000000d4     APU.obj (.ebss)
                  0000a8d4    00000018     F2837xD_CpuTimers.obj (.ebss)
                  0000a8ec    0000000a     Player.obj (.ebss)
                  0000a8f6    00000006     F2837xD_TempSensorConv.obj (.ebss)
                  0000a8fc    00000002     rts2800_fpu32.lib : _lock.c.obj (.ebss:__lock)
                  0000a8fe    00000002                       : _lock.c.obj (.ebss:__unlock)
                  0000a900    00000078     F2837xD_struct.obj (.ebss)
                  0000a978    00000006     rts2800_fpu32.lib : exit.c.obj (.ebss)
                  0000a97e    00000001     F2837xD_sci_io.obj (.ebss)

MODULE SUMMARY

       Module                           code   initialized data   uninitialized data
       ------                           ----   ----------------   ------------------
    .\
       Player.obj                       315    66865              10                
       Gui.obj                          1478   3327               12146             
       APU.obj                          1842   156                212               
       InitAIC23.obj                    529    0                  0                 
       OneToOneI2CDriver.obj            163    0                  0                 
       lcd.obj                          117    7                  0                 
       AIC23.obj                        66     0                  0                 
       io.obj                           26     0                  0                 
    +--+--------------------------------+------+------------------+--------------------+
       Total:                           4536   70355              12368             
                                                                                    
    .\ADC_TIMER_Driverlib\driverlib\
       interrupt.obj                    391    0                  0                 
    +--+--------------------------------+------+------------------+--------------------+
       Total:                           391    0                  0                 
                                                                                    
    .\Common\
       F2837xD_DefaultISR.obj           1413   0                  0                 
       F2837xD_SysCtrl.obj              949    0                  0                 
       F2837xD_Gpio.obj                 580    0                  0                 
       F2837xD_Mcbsp.obj                440    0                  0                 
       F2837xD_struct.obj               0      144                120               
       F2837xD_Ipc_Driver.obj           0      0                  136               
       F2837xD_CpuTimers.obj            0      0                  24                
       F2837xD_usDelay.obj              8      0                  0                 
       F2837xD_TempSensorConv.obj       0      0                  6                 
       F2837xD_sci_io.obj               0      4                  1                 
       F2837xD_DBGIER.obj               3      0                  0                 
       F2837xD_CodeStartBranch.obj      2      0                  0                 
    +--+--------------------------------+------+------------------+--------------------+
       Total:                           3395   148                287               
                                                                                    
    .\Header\
       F2837xD_GlobalVariableDefs.obj   0      0                  8309              
    +--+--------------------------------+------+------------------+--------------------+
       Total:                           0      0                  8309              
                                                                                    
    C:\ti\ccsv8\tools\compiler\ti-cgt-c2000_18.1.4.LTS\lib\rts2800_fpu32.lib
       boot28.asm.obj                   86     0                  0                 
       exit.c.obj                       41     14                 6                 
       cpy_tbl.c.obj                    36     0                  0                 
       i_div28.asm.obj                  34     0                  0                 
       memcpy.c.obj                     29     0                  0                 
       args_main.c.obj                  25     0                  0                 
       ll_aox28.asm.obj                 24     0                  0                 
       _lock.c.obj                      9      10                 4                 
       pre_init.c.obj                   2      0                  0                 
       startup.c.obj                    1      0                  0                 
    +--+--------------------------------+------+------------------+--------------------+
       Total:                           287    24                 10                
                                                                                    
       Stack:                           0      0                  512               
    +--+--------------------------------+------+------------------+--------------------+
       Grand Total:                     8609   70527              21486             


GLOBAL DATA SYMBOLS: SORTED BY DATA PAGE

address     data page           name
--------    ----------------    ----
00000400      10 (00000400)     __stack

00000b00      2c (00000b00)     _AdcaResultRegs
00000b20      2c (00000b00)     _AdcbResultRegs

00000b40      2d (00000b40)     _AdccResultRegs
00000b60      2d (00000b40)     _AdcdResultRegs

00000c00      30 (00000c00)     _CpuTimer0Regs
00000c08      30 (00000c00)     _CpuTimer1Regs
00000c10      30 (00000c00)     _CpuTimer2Regs

00000ce0      33 (00000cc0)     _Cla1SoftIntRegs
00000ce0      33 (00000cc0)     _PieCtrlRegs

00000d00      34 (00000d00)     _EmuKey
00000d00      34 (00000d00)     _PieVectTable
00000d01      34 (00000d00)     _EmuBMode

00001000      40 (00001000)     _DmaRegs

00001400      50 (00001400)     _Cla1Regs

00004000     100 (00004000)     _EPwm1Regs

00004100     104 (00004100)     _EPwm2Regs

00004200     108 (00004200)     _EPwm3Regs

00004300     10c (00004300)     _EPwm4Regs

00004400     110 (00004400)     _EPwm5Regs

00004500     114 (00004500)     _EPwm6Regs

00004600     118 (00004600)     _EPwm7Regs

00004700     11c (00004700)     _EPwm8Regs

00004800     120 (00004800)     _EPwm9Regs

00004900     124 (00004900)     _EPwm10Regs

00004a00     128 (00004a00)     _EPwm11Regs

00004b00     12c (00004b00)     _EPwm12Regs

00005000     140 (00005000)     _ECap1Regs
00005020     140 (00005000)     _ECap2Regs

00005040     141 (00005040)     _ECap3Regs
00005060     141 (00005040)     _ECap4Regs

00005080     142 (00005080)     _ECap5Regs
000050a0     142 (00005080)     _ECap6Regs

00005100     144 (00005100)     _EQep1Regs

00005140     145 (00005140)     _EQep2Regs

00005180     146 (00005180)     _EQep3Regs

00005c00     170 (00005c00)     _DacaRegs
00005c10     170 (00005c00)     _DacbRegs
00005c20     170 (00005c00)     _DaccRegs

00005c80     172 (00005c80)     _Cmpss1Regs
00005ca0     172 (00005c80)     _Cmpss2Regs

00005cc0     173 (00005cc0)     _Cmpss3Regs
00005ce0     173 (00005cc0)     _Cmpss4Regs

00005d00     174 (00005d00)     _Cmpss5Regs
00005d20     174 (00005d00)     _Cmpss6Regs

00005d40     175 (00005d40)     _Cmpss7Regs
00005d60     175 (00005d40)     _Cmpss8Regs

00005e00     178 (00005e00)     _Sdfm1Regs

00005e80     17a (00005e80)     _Sdfm2Regs

00006000     180 (00006000)     _McbspaRegs

00006040     181 (00006040)     _McbspbRegs

00006100     184 (00006100)     _SpiaRegs
00006110     184 (00006100)     _SpibRegs
00006120     184 (00006100)     _SpicRegs

00006200     188 (00006200)     _UppRegs

00007000     1c0 (00007000)     _WdRegs

00007060     1c1 (00007040)     _NmiIntruptRegs
00007070     1c1 (00007040)     _XintRegs

00007200     1c8 (00007200)     _SciaRegs
00007210     1c8 (00007200)     _ScibRegs
00007220     1c8 (00007200)     _ScicRegs
00007230     1c8 (00007200)     _ScidRegs

00007300     1cc (00007300)     _I2caRegs

00007340     1cd (00007340)     _I2cbRegs

00007400     1d0 (00007400)     _AdcaRegs

00007480     1d2 (00007480)     _AdcbRegs

00007500     1d4 (00007500)     _AdccRegs

00007580     1d6 (00007580)     _AdcdRegs

00007900     1e4 (00007900)     _InputXbarRegs
00007920     1e4 (00007900)     _XbarRegs

00007940     1e5 (00007940)     _SyncSocRegs

00007980     1e6 (00007980)     _DmaClaSrcSelRegs

00007a00     1e8 (00007a00)     _EPwmXbarRegs

00007a80     1ea (00007a80)     _OutputXbarRegs

00007c00     1f0 (00007c00)     _GpioCtrlRegs

00007f00     1fc (00007f00)     _GpioDataRegs

0000a800     2a0 (0000a800)     _noisePeriodTableNtsc
0000a810     2a0 (0000a800)     _pulseSteps

0000a840     2a1 (0000a840)     _lengthTable
0000a860     2a1 (0000a840)     _triangleSteps

0000a8d4     2a3 (0000a8c0)     _CpuTimer1
0000a8dc     2a3 (0000a8c0)     _CpuTimer2
0000a8e4     2a3 (0000a8c0)     _CpuTimer0
0000a8ec     2a3 (0000a8c0)     _even
0000a8ee     2a3 (0000a8c0)     _wait
0000a8f0     2a3 (0000a8c0)     _sample
0000a8f2     2a3 (0000a8c0)     _cyclesToProcess
0000a8f4     2a3 (0000a8c0)     _index
0000a8f6     2a3 (0000a8c0)     _tempSensor_tempOffset
0000a8f8     2a3 (0000a8c0)     _tempSensor_scaleFactor
0000a8fa     2a3 (0000a8c0)     _tempSensor_tempSlope
0000a8fc     2a3 (0000a8c0)     __lock
0000a8fe     2a3 (0000a8c0)     __unlock

0000a900     2a4 (0000a900)     _SCI
0000a904     2a4 (0000a900)     _MCBSP
0000a908     2a4 (0000a900)     _I2C
0000a90c     2a4 (0000a900)     _SDFM
0000a912     2a4 (0000a900)     _EQEP
0000a91a     2a4 (0000a900)     _SPI
0000a922     2a4 (0000a900)     _ADC
0000a92c     2a4 (0000a900)     _ECAP

0000a940     2a5 (0000a940)     _EPWM
0000a95a     2a5 (0000a940)     _TRIP_SEL
0000a978     2a5 (0000a940)     ___TI_enable_exit_profile_output
0000a97a     2a5 (0000a940)     ___TI_cleanup_ptr
0000a97c     2a5 (0000a940)     ___TI_dtors_ptr
0000a97e     2a5 (0000a940)     _deviceOpen

0003f800     fe0 (0003f800)     _g_asIPCCPU2toCPU1Buffers

0003f880     fe2 (0003f880)     _g_usGetWriteIndexes
0003f884     fe2 (0003f880)     _g_usPutReadIndexes

0003fc00     ff0 (0003fc00)     _g_asIPCCPU1toCPU2Buffers

0003fc80     ff2 (0003fc80)     _g_usPutWriteIndexes
0003fc84     ff2 (0003fc80)     _g_usGetReadIndexes

00047000    11c0 (00047000)     _Emif1Regs

00047800    11e0 (00047800)     _Emif2Regs

00048000    1200 (00048000)     _CanaRegs

0004a000    1280 (0004a000)     _CanbRegs

00050000    1400 (00050000)     _IpcRegs
00050024    1400 (00050000)     _FlashPumpSemaphoreRegs

0005d000    1740 (0005d000)     _DevCfgRegs

0005d180    1746 (0005d180)     _AnalogSubsysRegs

0005d200    1748 (0005d200)     _ClkCfgRegs

0005d300    174c (0005d300)     _CpuSysRegs

0005e608    1798 (0005e600)     _RomPrefetchRegs

0005f000    17c0 (0005f000)     _DcsmZ1Regs

0005f040    17c1 (0005f040)     _DcsmZ2Regs
0005f070    17c1 (0005f040)     _DcsmCommonRegs

0005f400    17d0 (0005f400)     _MemCfgRegs

0005f480    17d2 (0005f480)     _Emif1ConfigRegs
0005f4a0    17d2 (0005f480)     _Emif2ConfigRegs

0005f4c0    17d3 (0005f4c0)     _AccessProtectionRegs

0005f500    17d4 (0005f500)     _MemoryErrorRegs

0005f540    17d5 (0005f540)     _RomWaitStateRegs

0005f800    17e0 (0005f800)     _Flash0CtrlRegs

0005fb00    17ec (0005fb00)     _Flash0EccRegs

00078000    1e00 (00078000)     _DcsmZ1Otp

00078200    1e08 (00078200)     _DcsmZ2Otp

00090000    2400 (00090000)     _intro

000a051d    2814 (000a0500)     _clearCommand
000a0529    2814 (000a0500)     _initCommands
000a052e    2814 (000a0500)     _shiftCommand

000a8000    2a00 (000a8000)     _guiSetPu2EnvVol

000a8140    2a05 (000a8140)     _guiSetPu1EnvConst

000a8280    2a0a (000a8280)     _guiSetNoiEnvVol

000a83c0    2a0f (000a83c0)     _guiSetPu2EnvConst

000a8500    2a14 (000a8500)     _guiSetNoiMode

000a8640    2a19 (000a8640)     _guiSetPu2Swe

000a8780    2a1e (000a8780)     _guiSetPu1EnvVol

000a88c0    2a23 (000a88c0)     _guiSetNoiEnv

000a8a00    2a28 (000a8a00)     _guiSetPu2SweEnabled

000a8b40    2a2d (000a8b40)     _guiSetPu1SweShift

000a8c80    2a32 (000a8c80)     _guiSetPu2SweNegate

000a8dc0    2a37 (000a8dc0)     _guiSetPu2SwePeriod

000a8f00    2a3c (000a8f00)     _guiSetPu1SweEnabled

000a9040    2a41 (000a9040)     _guiSetNoiEnvConst

000a9180    2a46 (000a9180)     _guiSetPu1SweNegate

000a92c0    2a4b (000a92c0)     _guiSetPu1SwePeriod

000a9400    2a50 (000a9400)     _guiPulse2

000a9540    2a55 (000a9540)     _guiPulse1

000a9680    2a5a (000a9680)     _guiTriangle

000a97c0    2a5f (000a97c0)     _guiRecPu1

000a9900    2a64 (000a9900)     _guiNoise

000a9a40    2a69 (000a9a40)     _guiFile

000a9b80    2a6e (000a9b80)     _guiMain

000a9cc0    2a73 (000a9cc0)     _guiLoop

000a9e00    2a78 (000a9e00)     _guiRecord

000a9f40    2a7d (000a9f40)     _guiLoopPlay

000aa080    2a82 (000aa080)     _guiRecPu2

000aa1c0    2a87 (000aa1c0)     _guiSetPu1Env

000aa300    2a8c (000aa300)     _guiSetPu1Duty

000aa440    2a91 (000aa440)     _guiSetPu1Swe

000aa580    2a96 (000aa580)     _guiSetPu2Env

000aa6c0    2a9b (000aa6c0)     _guiSetPu2Duty

000aa800    2aa0 (000aa800)     _guiRecNoi

000aa940    2aa5 (000aa940)     _guiRecTri

000aaa80    2aaa (000aaa80)     _guiSetPu1

000aabc0    2aaf (000aabc0)     _guiSetNoi

000aad00    2ab4 (000aad00)     _guiSetPu2

000aae40    2ab9 (000aae40)     _guiSetPu2SweShift


GLOBAL SYMBOLS: SORTED ALPHABETICALLY BY Name 

page  address   name                                                   
----  -------   ----                                                   
abs   ffffffff  .text                                                  
0     00084ea9  C$$EXIT                                                
0     00084ef6  I$$DIV                                                 
0     00084f07  I$$MOD                                                 
0     00084f68  LL$$AND                                                
0     00084f70  LL$$OR                                                 
0     00084f78  LL$$XOR                                                
1     0000a922  _ADC                                                   
0     000840be  _ADCA1_ISR                                             
0     0008433e  _ADCA2_ISR                                             
0     00084348  _ADCA3_ISR                                             
0     00084352  _ADCA4_ISR                                             
0     00084334  _ADCA_EVT_ISR                                          
0     000840c8  _ADCB1_ISR                                             
0     00084366  _ADCB2_ISR                                             
0     00084370  _ADCB3_ISR                                             
0     0008437a  _ADCB4_ISR                                             
0     0008435c  _ADCB_EVT_ISR                                          
0     000840d2  _ADCC1_ISR                                             
0     000844ce  _ADCC2_ISR                                             
0     000844d8  _ADCC3_ISR                                             
0     000844e2  _ADCC4_ISR                                             
0     000844c4  _ADCC_EVT_ISR                                          
0     000840f0  _ADCD1_ISR                                             
0     000844f6  _ADCD2_ISR                                             
0     00084500  _ADCD3_ISR                                             
0     0008450a  _ADCD4_ISR                                             
0     000844ec  _ADCD_EVT_ISR                                          
0     00084546  _AUX_PLL_SLIP_ISR                                      
1     0005f4c0  _AccessProtectionRegs                                  
1     00007400  _AdcaRegs                                              
1     00000b00  _AdcaResultRegs                                        
1     00007480  _AdcbRegs                                              
1     00000b20  _AdcbResultRegs                                        
1     00007500  _AdccRegs                                              
1     00000b40  _AdccResultRegs                                        
1     00007580  _AdcdRegs                                              
1     00000b60  _AdcdResultRegs                                        
1     0005d180  _AnalogSubsysRegs                                      
0     00083e3f  _AuxAuxClkSel                                          
0     00083e29  _AuxIntOsc2Sel                                         
0     00083e33  _AuxXtalOscSel                                         
0     00084970  _BitBangedCodecSpiTransmit                             
0     0008430c  _CANA0_ISR                                             
0     00084316  _CANA1_ISR                                             
0     00084320  _CANB0_ISR                                             
0     0008432a  _CANB1_ISR                                             
0     00084384  _CLA1_1_ISR                                            
0     0008438e  _CLA1_2_ISR                                            
0     00084398  _CLA1_3_ISR                                            
0     000843a2  _CLA1_4_ISR                                            
0     000843ac  _CLA1_5_ISR                                            
0     000843b6  _CLA1_6_ISR                                            
0     000843c0  _CLA1_7_ISR                                            
0     000843ca  _CLA1_8_ISR                                            
0     00084550  _CLA_OVERFLOW_ISR                                      
0     0008455a  _CLA_UNDERFLOW_ISR                                     
0     00084e9d  _CLKsampleratecontrol                                  
1     00048000  _CanaRegs                                              
1     0004a000  _CanbRegs                                              
1     00001400  _Cla1Regs                                              
0     00000ce0  _Cla1SoftIntRegs                                       
1     0005d200  _ClkCfgRegs                                            
1     00005c80  _Cmpss1Regs                                            
1     00005ca0  _Cmpss2Regs                                            
1     00005cc0  _Cmpss3Regs                                            
1     00005ce0  _Cmpss4Regs                                            
1     00005d00  _Cmpss5Regs                                            
1     00005d20  _Cmpss6Regs                                            
1     00005d40  _Cmpss7Regs                                            
1     00005d60  _Cmpss8Regs                                            
1     0005d300  _CpuSysRegs                                            
1     0000a8e4  _CpuTimer0                                             
1     00000c00  _CpuTimer0Regs                                         
1     0000a8d4  _CpuTimer1                                             
1     00000c08  _CpuTimer1Regs                                         
1     0000a8dc  _CpuTimer2                                             
1     00000c10  _CpuTimer2Regs                                         
0     00083de8  _CsmUnlock                                             
0     00084014  _DATALOG_ISR                                           
0     00084258  _DMA_CH1_ISR                                           
0     00084262  _DMA_CH2_ISR                                           
0     0008426c  _DMA_CH3_ISR                                           
0     00084276  _DMA_CH4_ISR                                           
0     00084280  _DMA_CH5_ISR                                           
0     0008428a  _DMA_CH6_ISR                                           
0     00084e91  _DSPdigaudinterface                                    
1     00005c00  _DacaRegs                                              
1     00005c10  _DacbRegs                                              
1     00005c20  _DaccRegs                                              
1     0005f070  _DcsmCommonRegs                                        
1     00078000  _DcsmZ1Otp                                             
1     0005f000  _DcsmZ1Regs                                            
1     00078200  _DcsmZ2Otp                                             
1     0005f040  _DcsmZ2Regs                                            
1     0005d000  _DevCfgRegs                                            
0     00083c4c  _DisableDog                                            
0     00083c0d  _DisablePeripheralClocks                               
1     00007980  _DmaClaSrcSelRegs                                      
1     00001000  _DmaRegs                                               
1     0000a92c  _ECAP                                                  
0     000841ae  _ECAP1_ISR                                             
0     000841b8  _ECAP2_ISR                                             
0     000841c2  _ECAP3_ISR                                             
0     000841cc  _ECAP4_ISR                                             
0     000841d6  _ECAP5_ISR                                             
0     000841e0  _ECAP6_ISR                                             
1     00005000  _ECap1Regs                                             
1     00005020  _ECap2Regs                                             
1     00005040  _ECap3Regs                                             
1     00005060  _ECap4Regs                                             
1     00005080  _ECap5Regs                                             
1     000050a0  _ECap6Regs                                             
0     00084514  _EMIF_ERROR_ISR                                        
0     0008456e  _EMPTY_ISR                                             
0     00084028  _EMU_ISR                                               
1     0000a940  _EPWM                                                  
0     0008446a  _EPWM10_ISR                                            
0     00084442  _EPWM10_TZ_ISR                                         
0     00084474  _EPWM11_ISR                                            
0     0008444c  _EPWM11_TZ_ISR                                         
0     0008447e  _EPWM12_ISR                                            
0     00084456  _EPWM12_TZ_ISR                                         
0     0008415e  _EPWM1_ISR                                             
0     0008410e  _EPWM1_TZ_ISR                                          
0     00084168  _EPWM2_ISR                                             
0     00084118  _EPWM2_TZ_ISR                                          
0     00084172  _EPWM3_ISR                                             
0     00084122  _EPWM3_TZ_ISR                                          
0     0008417c  _EPWM4_ISR                                             
0     0008412c  _EPWM4_TZ_ISR                                          
0     00084186  _EPWM5_ISR                                             
0     00084136  _EPWM5_TZ_ISR                                          
0     00084190  _EPWM6_ISR                                             
0     00084140  _EPWM6_TZ_ISR                                          
0     0008419a  _EPWM7_ISR                                             
0     0008414a  _EPWM7_TZ_ISR                                          
0     000841a4  _EPWM8_ISR                                             
0     00084154  _EPWM8_TZ_ISR                                          
0     00084460  _EPWM9_ISR                                             
0     00084438  _EPWM9_TZ_ISR                                          
1     00004900  _EPwm10Regs                                            
1     00004a00  _EPwm11Regs                                            
1     00004b00  _EPwm12Regs                                            
1     00004000  _EPwm1Regs                                             
1     00004100  _EPwm2Regs                                             
1     00004200  _EPwm3Regs                                             
1     00004300  _EPwm4Regs                                             
1     00004400  _EPwm5Regs                                             
1     00004500  _EPwm6Regs                                             
1     00004600  _EPwm7Regs                                             
1     00004700  _EPwm8Regs                                             
1     00004800  _EPwm9Regs                                             
1     00007a00  _EPwmXbarRegs                                          
1     0000a912  _EQEP                                                  
0     000841ea  _EQEP1_ISR                                             
0     000841f4  _EQEP2_ISR                                             
0     000841fe  _EQEP3_ISR                                             
1     00005100  _EQep1Regs                                             
1     00005140  _EQep2Regs                                             
1     00005180  _EQep3Regs                                             
1     0005f480  _Emif1ConfigRegs                                       
1     00047000  _Emif1Regs                                             
1     0005f4a0  _Emif2ConfigRegs                                       
1     00047800  _Emif2Regs                                             
0     00000d01  _EmuBMode                                              
0     00000d00  _EmuKey                                                
0     00008037  _F28x_usDelay                                          
0     00084528  _FLASH_CORRECTABLE_ERROR_ISR                           
0     000843fc  _FPU_OVERFLOW_ISR                                      
0     00084406  _FPU_UNDERFLOW_ISR                                     
1     0005f800  _Flash0CtrlRegs                                        
1     0005fb00  _Flash0EccRegs                                         
0     00008029  _FlashOff                                              
1     00050024  _FlashPumpSemaphoreRegs                                
0     0008477e  _GPIO_EnableUnbondedIOPullups                          
0     00084759  _GPIO_EnableUnbondedIOPullupsFor100Pin                 
0     00084740  _GPIO_EnableUnbondedIOPullupsFor176Pin                 
0     00084794  _GPIO_ReadPin                                          
0     000846e5  _GPIO_SetupLock                                        
0     000845c5  _GPIO_SetupPinMux                                      
0     00084651  _GPIO_SetupPinOptions                                  
0     0008470e  _GPIO_SetupXINT1Gpio                                   
0     00084718  _GPIO_SetupXINT2Gpio                                   
0     00084722  _GPIO_SetupXINT3Gpio                                   
0     0008472c  _GPIO_SetupXINT4Gpio                                   
0     00084736  _GPIO_SetupXINT5Gpio                                   
0     000847ab  _GPIO_WritePin                                         
1     00007c00  _GpioCtrlRegs                                          
1     00007f00  _GpioDataRegs                                          
0     00083e5d  _HALT                                                  
0     00083e76  _HIB                                                   
1     0000a908  _I2C                                                   
0     0008429e  _I2CA_FIFO_ISR                                         
0     00084294  _I2CA_ISR                                              
0     000842b2  _I2CB_FIFO_ISR                                         
0     000842a8  _I2CB_ISR                                              
0     00084d64  _I2C_O2O_Master_Init                                   
0     00084d88  _I2C_O2O_SendBytes                                     
0     00084e94  _I2Sdigaudinterface                                    
1     00007300  _I2caRegs                                              
1     00007340  _I2cbRegs                                              
0     00083e49  _IDLE                                                  
0     0008403c  _ILLEGAL_ISR                                           
0     00084410  _IPC0_ISR                                              
0     0008441a  _IPC1_ISR                                              
0     00084424  _IPC2_ISR                                              
0     0008442e  _IPC3_ISR                                              
0     00084ae7  _IniMcbspb12bit                                        
0     000847c9  _InitAIC23                                             
0     00083d20  _InitAuxPll                                            
0     0008493e  _InitBigBangedCodecSPI                                 
0     00008000  _InitFlash                                             
0     00084585  _InitGpio                                              
0     000848aa  _InitMcBSPb                                            
0     000849da  _InitMcbspa                                            
0     00084a30  _InitMcbspa12bit                                       
0     00084a3b  _InitMcbspa16bit                                       
0     00084a46  _InitMcbspa20bit                                       
0     00084a51  _InitMcbspa24bit                                       
0     00084a5c  _InitMcbspa32bit                                       
0     00084a29  _InitMcbspa8bit                                        
0     00084a67  _InitMcbspaGpio                                        
0     00084a1a  _InitMcbspaInt                                         
0     00084a91  _InitMcbspb                                            
0     00084af2  _InitMcbspb16bit                                       
0     00084afd  _InitMcbspb20bit                                       
0     00084b08  _InitMcbspb24bit                                       
0     00084b13  _InitMcbspb32bit                                       
0     00084ae0  _InitMcbspb8bit                                        
0     00084b1e  _InitMcbspbGpio                                        
0     00084ad1  _InitMcbspbInt                                         
0     00083b89  _InitPeripheralClocks                                  
0     00084993  _InitSPIA                                              
0     00083b4c  _InitSysCtrl                                           
0     00083c5a  _InitSysPll                                            
1     00007900  _InputXbarRegs                                         
0     00084cce  _Interrupt_disable                                     
0     00084c9a  _Interrupt_enable                                      
0     00084c3d  _Interrupt_initModule                                  
0     00084c7a  _Interrupt_initVectorTable                             
1     00050000  _IpcRegs                                               
1     0000a904  _MCBSP                                                 
0     00084230  _MCBSPA_RX_ISR                                         
0     0008423a  _MCBSPA_TX_ISR                                         
0     00084244  _MCBSPB_RX_ISR                                         
0     0008424e  _MCBSPB_TX_ISR                                         
1     00006000  _McbspaRegs                                            
1     00006040  _McbspbRegs                                            
1     0005f400  _MemCfgRegs                                            
1     0005f500  _MemoryErrorRegs                                       
0     00084032  _NMI_ISR                                               
0     0008457b  _NOTUSED_ISR                                           
1     00007060  _NmiIntruptRegs                                        
1     00007a80  _OutputXbarRegs                                        
0     00084564  _PIE_RESERVED_ISR                                      
1     00000ce0  _PieCtrlRegs                                           
0     00000d00  _PieVectTable                                          
0     00084532  _RAM_ACCESS_VIOLATION_ISR                              
0     0008451e  _RAM_CORRECTABLE_ERROR_ISR                             
0     0008401e  _RTOS_ISR                                              
0     0008603b  _RamfuncsLoadEnd                                       
abs   0000003b  _RamfuncsLoadSize                                      
0     00086000  _RamfuncsLoadStart                                     
0     0000803b  _RamfuncsRunEnd                                        
abs   0000003b  _RamfuncsRunSize                                       
0     00008000  _RamfuncsRunStart                                      
0     00083c34  _ReleaseFlashPump                                      
1     0005e608  _RomPrefetchRegs                                       
1     0005f540  _RomWaitStateRegs                                      
1     0000a900  _SCI                                                   
0     000842e4  _SCIA_RX_ISR                                           
0     000842ee  _SCIA_TX_ISR                                           
0     000842f8  _SCIB_RX_ISR                                           
0     00084302  _SCIB_TX_ISR                                           
0     000842bc  _SCIC_RX_ISR                                           
0     000842c6  _SCIC_TX_ISR                                           
0     000842d0  _SCID_RX_ISR                                           
0     000842da  _SCID_TX_ISR                                           
0     00084488  _SD1_ISR                                               
0     00084492  _SD2_ISR                                               
1     0000a90c  _SDFM                                                  
1     0000a91a  _SPI                                                   
0     00084208  _SPIA_RX_ISR                                           
0     00084212  _SPIA_TX_ISR                                           
0     0008421c  _SPIB_RX_ISR                                           
0     00084226  _SPIB_TX_ISR                                           
0     0008449c  _SPIC_RX_ISR                                           
0     000844a6  _SPIC_TX_ISR                                           
0     00083e52  _STANDBY                                               
0     0008453c  _SYS_PLL_SLIP_ISR                                      
1     00007200  _SciaRegs                                              
1     00007210  _ScibRegs                                              
1     00007220  _ScicRegs                                              
1     00007230  _ScidRegs                                              
1     00005e00  _Sdfm1Regs                                             
1     00005e80  _Sdfm2Regs                                             
0     00083c25  _SeizeFlashPump                                        
0     00083c3e  _ServiceDog                                            
0     00083ff7  _SetDBGIER                                             
0     000849cf  _SpiTransmit                                           
1     00006100  _SpiaRegs                                              
1     00006110  _SpibRegs                                              
1     00006120  _SpicRegs                                              
1     00007940  _SyncSocRegs                                           
0     00083e09  _SysIntOsc1Sel                                         
0     00083e13  _SysIntOsc2Sel                                         
0     00083e1d  _SysXtalOscSel                                         
0     000840fa  _TIMER0_ISR                                            
0     00084000  _TIMER1_ISR                                            
0     0008400a  _TIMER2_ISR                                            
1     0000a95a  _TRIP_SEL                                              
0     000844b0  _UPPA_ISR                                              
0     000844ba  _USBA_ISR                                              
0     00084e97  _USBsampleratecontrol                                  
0     000840a0  _USER10_ISR                                            
0     000840aa  _USER11_ISR                                            
0     000840b4  _USER12_ISR                                            
0     00084046  _USER1_ISR                                             
0     00084050  _USER2_ISR                                             
0     0008405a  _USER3_ISR                                             
0     00084064  _USER4_ISR                                             
0     0008406e  _USER5_ISR                                             
0     00084078  _USER6_ISR                                             
0     00084082  _USER7_ISR                                             
0     0008408c  _USER8_ISR                                             
0     00084096  _USER9_ISR                                             
1     00006200  _UppRegs                                               
0     000843f2  _VCU_ISR                                               
0     00084104  _WAKE_ISR                                              
1     00007000  _WdRegs                                                
0     000840dc  _XINT1_ISR                                             
0     000840e6  _XINT2_ISR                                             
0     000843d4  _XINT3_ISR                                             
0     000843de  _XINT4_ISR                                             
0     000843e8  _XINT5_ISR                                             
1     00007920  _XbarRegs                                              
1     00007070  _XintRegs                                              
1     00000600  __STACK_END                                            
abs   00000200  __STACK_SIZE                                           
1     0000a97a  ___TI_cleanup_ptr                                      
1     0000a97c  ___TI_dtors_ptr                                        
1     0000a978  ___TI_enable_exit_profile_output                       
abs   ffffffff  ___TI_pprof_out_hndl                                   
abs   ffffffff  ___TI_prof_data_size                                   
abs   ffffffff  ___TI_prof_data_start                                  
abs   ffffffff  ___binit__                                             
abs   ffffffff  ___c_args__                                            
0     00082000  ___cinit__                                             
abs   ffffffff  ___etext__                                             
abs   ffffffff  ___pinit__                                             
abs   ffffffff  ___text__                                              
0     00084f4f  __args_main                                            
1     0000a8fc  __lock                                                 
0     00083ff6  __nop                                                  
0     00083ff2  __register_lock                                        
0     00083fee  __register_unlock                                      
1     00000400  __stack                                                
0     00083ffc  __system_post_cinit                                    
0     00083ffa  __system_pre_init                                      
1     0000a8fe  __unlock                                               
0     00084e8b  _aaudpath                                              
0     00084ea9  _abort                                                 
0     0008374c  _actFile                                               
0     0008375c  _actFileBack                                           
0     00083754  _actLoop                                               
0     00083764  _actLoopBack                                           
0     0008376c  _actLoopPlay                                           
0     0008377c  _actLoopPlayBack                                       
0     000837a4  _actNoise                                              
0     000837f8  _actNoiseBack                                          
0     00083800  _actNoiseRecord                                        
0     00083810  _actNoiseReset                                         
0     00083808  _actNoiseSettings                                      
0     0008378c  _actPulse1                                             
0     000837ac  _actPulse1Back                                         
0     000837b4  _actPulse1Record                                       
0     000837c4  _actPulse1Reset                                        
0     000837bc  _actPulse1Settings                                     
0     00083794  _actPulse2                                             
0     000837c8  _actPulse2Back                                         
0     000837d0  _actPulse2Record                                       
0     000837e0  _actPulse2Reset                                        
0     000837d8  _actPulse2Settings                                     
0     0008382c  _actRecNoiBack                                         
0     00083814  _actRecPu1Back                                         
0     0008381c  _actRecPu2Back                                         
0     00083824  _actRecTriBack                                         
0     00083774  _actRecord                                             
0     00083784  _actRecordBack                                         
0     00083874  _actSetNoiBack                                         
0     00083884  _actSetNoiEnv                                          
0     0008394c  _actSetNoiEnvBack                                      
0     00083a5c  _actSetNoiEnvConstBack                                 
0     00083a68  _actSetNoiEnvConstSaw                                  
0     00083a64  _actSetNoiEnvConstUse                                  
0     0008395c  _actSetNoiEnvMode                                      
0     00083954  _actSetNoiEnvVol                                       
0     00083a1c  _actSetNoiEnvVol0                                      
0     00083a20  _actSetNoiEnvVol1                                      
0     00083a44  _actSetNoiEnvVol10                                     
0     00083a48  _actSetNoiEnvVol11                                     
0     00083a4c  _actSetNoiEnvVol12                                     
0     00083a50  _actSetNoiEnvVol13                                     
0     00083a54  _actSetNoiEnvVol14                                     
0     00083a58  _actSetNoiEnvVol15                                     
0     00083a24  _actSetNoiEnvVol2                                      
0     00083a28  _actSetNoiEnvVol3                                      
0     00083a2c  _actSetNoiEnvVol4                                      
0     00083a30  _actSetNoiEnvVol5                                      
0     00083a34  _actSetNoiEnvVol6                                      
0     00083a38  _actSetNoiEnvVol7                                      
0     00083a3c  _actSetNoiEnvVol8                                      
0     00083a40  _actSetNoiEnvVol9                                      
0     00083a14  _actSetNoiEnvVolBack                                   
0     0008387c  _actSetNoiMode                                         
0     00083944  _actSetNoiMode0                                        
0     00083948  _actSetNoiMode1                                        
0     0008393c  _actSetNoiModeBack                                     
0     00083834  _actSetPu1Back                                         
0     0008383c  _actSetPu1Duty                                         
0     00083894  _actSetPu1Duty0                                        
0     00083898  _actSetPu1Duty1                                        
0     0008389c  _actSetPu1Duty2                                        
0     000838a0  _actSetPu1Duty3                                        
0     0008388c  _actSetPu1DutyBack                                     
0     00083844  _actSetPu1Env                                          
0     000838a4  _actSetPu1EnvBack                                      
0     000839ac  _actSetPu1EnvConstBack                                 
0     000839b8  _actSetPu1EnvConstSaw                                  
0     000839b4  _actSetPu1EnvConstUse                                  
0     000838b4  _actSetPu1EnvMode                                      
0     000838ac  _actSetPu1EnvVol                                       
0     0008396c  _actSetPu1EnvVol0                                      
0     00083970  _actSetPu1EnvVol1                                      
0     00083994  _actSetPu1EnvVol10                                     
0     00083998  _actSetPu1EnvVol11                                     
0     0008399c  _actSetPu1EnvVol12                                     
0     000839a0  _actSetPu1EnvVol13                                     
0     000839a4  _actSetPu1EnvVol14                                     
0     000839a8  _actSetPu1EnvVol15                                     
0     00083974  _actSetPu1EnvVol2                                      
0     00083978  _actSetPu1EnvVol3                                      
0     0008397c  _actSetPu1EnvVol4                                      
0     00083980  _actSetPu1EnvVol5                                      
0     00083984  _actSetPu1EnvVol6                                      
0     00083988  _actSetPu1EnvVol7                                      
0     0008398c  _actSetPu1EnvVol8                                      
0     00083990  _actSetPu1EnvVol9                                      
0     00083964  _actSetPu1EnvVolBack                                   
0     0008384c  _actSetPu1Swe                                          
0     000838bc  _actSetPu1SweBack                                      
0     000838c4  _actSetPu1SweEnable                                    
0     00083a6c  _actSetPu1SweEnabledBack                               
0     00083a78  _actSetPu1SweEnabledDis                                
0     00083a74  _actSetPu1SweEnabledEn                                 
0     000838d4  _actSetPu1SweNegate                                    
0     00083aa4  _actSetPu1SweNegateBack                                
0     00083aac  _actSetPu1SweNegateNo                                  
0     00083ab0  _actSetPu1SweNegateYes                                 
0     000838cc  _actSetPu1SwePeriod                                    
0     00083a84  _actSetPu1SwePeriod0                                   
0     00083a88  _actSetPu1SwePeriod1                                   
0     00083a8c  _actSetPu1SwePeriod2                                   
0     00083a90  _actSetPu1SwePeriod3                                   
0     00083a94  _actSetPu1SwePeriod4                                   
0     00083a98  _actSetPu1SwePeriod5                                   
0     00083a9c  _actSetPu1SwePeriod6                                   
0     00083aa0  _actSetPu1SwePeriod7                                   
0     00083a7c  _actSetPu1SwePeriodBack                                
0     000838dc  _actSetPu1SweShift                                     
0     00083abc  _actSetPu1SweShift0                                    
0     00083ac0  _actSetPu1SweShift1                                    
0     00083ac4  _actSetPu1SweShift2                                    
0     00083ac8  _actSetPu1SweShift3                                    
0     00083acc  _actSetPu1SweShift4                                    
0     00083ad0  _actSetPu1SweShift5                                    
0     00083ad4  _actSetPu1SweShift6                                    
[...]
0     00084514  _EMIF_ERROR_ISR                                        
0     0008451e  _RAM_CORRECTABLE_ERROR_ISR                             
0     00084528  _FLASH_CORRECTABLE_ERROR_ISR                           
0     00084532  _RAM_ACCESS_VIOLATION_ISR                              
0     0008453c  _SYS_PLL_SLIP_ISR                                      
0     00084546  _AUX_PLL_SLIP_ISR                                      
0     00084550  _CLA_OVERFLOW_ISR                                      
0     0008455a  _CLA_UNDERFLOW_ISR                                     
0     00084564  _PIE_RESERVED_ISR                                      
0     0008456e  _EMPTY_ISR                                             
0     0008457b  _NOTUSED_ISR                                           
0     00084585  _InitGpio                                              
0     000845c5  _GPIO_SetupPinMux                                      
0     00084651  _GPIO_SetupPinOptions                                  
0     000846e5  _GPIO_SetupLock                                        
0     0008470e  _GPIO_SetupXINT1Gpio                                   
0     00084718  _GPIO_SetupXINT2Gpio                                   
0     00084722  _GPIO_SetupXINT3Gpio                                   
0     0008472c  _GPIO_SetupXINT4Gpio                                   
0     00084736  _GPIO_SetupXINT5Gpio                                   
0     00084740  _GPIO_EnableUnbondedIOPullupsFor176Pin                 
0     00084759  _GPIO_EnableUnbondedIOPullupsFor100Pin                 
0     0008477e  _GPIO_EnableUnbondedIOPullups                          
0     00084794  _GPIO_ReadPin                                          
0     000847ab  _GPIO_WritePin                                         
0     000847c9  _InitAIC23                                             
0     000848aa  _InitMcBSPb                                            
0     0008493e  _InitBigBangedCodecSPI                                 
0     00084970  _BitBangedCodecSpiTransmit                             
0     00084993  _InitSPIA                                              
0     000849cf  _SpiTransmit                                           
0     000849da  _InitMcbspa                                            
0     00084a1a  _InitMcbspaInt                                         
0     00084a29  _InitMcbspa8bit                                        
0     00084a30  _InitMcbspa12bit                                       
0     00084a3b  _InitMcbspa16bit                                       
0     00084a46  _InitMcbspa20bit                                       
0     00084a51  _InitMcbspa24bit                                       
0     00084a5c  _InitMcbspa32bit                                       
0     00084a67  _InitMcbspaGpio                                        
0     00084a91  _InitMcbspb                                            
0     00084ad1  _InitMcbspbInt                                         
0     00084ae0  _InitMcbspb8bit                                        
0     00084ae7  _IniMcbspb12bit                                        
0     00084af2  _InitMcbspb16bit                                       
0     00084afd  _InitMcbspb20bit                                       
0     00084b08  _InitMcbspb24bit                                       
0     00084b13  _InitMcbspb32bit                                       
0     00084b1e  _InitMcbspbGpio                                        
0     00084b66  _delay_loop                                            
0     00084b7c  _clkg_delay_loop                                       
0     00084c3d  _Interrupt_initModule                                  
0     00084c7a  _Interrupt_initVectorTable                             
0     00084c9a  _Interrupt_enable                                      
0     00084cce  _Interrupt_disable                                     
0     00084d64  _I2C_O2O_Master_Init                                   
0     00084d88  _I2C_O2O_SendBytes                                     
0     00084dbc  _c_int00                                               
0     00084e12  _mcBspRx                                               
0     00084e67  _softpowerdown                                         
0     00084e6a  _fullpowerup                                           
0     00084e6d  _nomicpowerup                                          
0     00084e70  _linput_volctl                                         
0     00084e76  _rinput_volctl                                         
0     00084e7c  _lhp_volctl                                            
0     00084e82  _rhp_volctl                                            
0     00084e88  _nomicaaudpath                                         
0     00084e8b  _aaudpath                                              
0     00084e8e  _digaudiopath                                          
0     00084e91  _DSPdigaudinterface                                    
0     00084e94  _I2Sdigaudinterface                                    
0     00084e97  _USBsampleratecontrol                                  
0     00084e9d  _CLKsampleratecontrol                                  
0     00084ea3  _digact                                                
0     00084ea6  _reset                                                 
0     00084ea9  C$$EXIT                                                
0     00084ea9  _abort                                                 
0     00084eab  _exit                                                  
0     00084ed2  _copy_in                                               
0     00084ef6  I$$DIV                                                 
0     00084f07  I$$MOD                                                 
0     00084f18  _memcpy                                                
0     00084f35  _init_io_gpio                                          
0     00084f4f  __args_main                                            
0     00084f68  LL$$AND                                                
0     00084f70  LL$$OR                                                 
0     00084f78  LL$$XOR                                                
0     00086000  _RamfuncsLoadStart                                     
0     0008603b  _RamfuncsLoadEnd                                       
0     00090000  _intro                                                 
0     000a051d  _clearCommand                                          
0     000a0529  _initCommands                                          
0     000a052e  _shiftCommand                                          
0     000a8000  _guiSetPu2EnvVol                                       
0     000a8140  _guiSetPu1EnvConst                                     
0     000a8280  _guiSetNoiEnvVol                                       
0     000a83c0  _guiSetPu2EnvConst                                     
0     000a8500  _guiSetNoiMode                                         
0     000a8640  _guiSetPu2Swe                                          
0     000a8780  _guiSetPu1EnvVol                                       
0     000a88c0  _guiSetNoiEnv                                          
0     000a8a00  _guiSetPu2SweEnabled                                   
0     000a8b40  _guiSetPu1SweShift                                     
0     000a8c80  _guiSetPu2SweNegate                                    
0     000a8dc0  _guiSetPu2SwePeriod                                    
0     000a8f00  _guiSetPu1SweEnabled                                   
0     000a9040  _guiSetNoiEnvConst                                     
0     000a9180  _guiSetPu1SweNegate                                    
0     000a92c0  _guiSetPu1SwePeriod                                    
0     000a9400  _guiPulse2                                             
0     000a9540  _guiPulse1                                             
0     000a9680  _guiTriangle                                           
0     000a97c0  _guiRecPu1                                             
0     000a9900  _guiNoise                                              
0     000a9a40  _guiFile                                               
0     000a9b80  _guiMain                                               
0     000a9cc0  _guiLoop                                               
0     000a9e00  _guiRecord                                             
0     000a9f40  _guiLoopPlay                                           
0     000aa080  _guiRecPu2                                             
0     000aa1c0  _guiSetPu1Env                                          
0     000aa300  _guiSetPu1Duty                                         
0     000aa440  _guiSetPu1Swe                                          
0     000aa580  _guiSetPu2Env                                          
0     000aa6c0  _guiSetPu2Duty                                         
0     000aa800  _guiRecNoi                                             
0     000aa940  _guiRecTri                                             
0     000aaa80  _guiSetPu1                                             
0     000aabc0  _guiSetNoi                                             
0     000aad00  _guiSetPu2                                             
0     000aae40  _guiSetPu2SweShift                                     
1     00000400  __stack                                                
1     00000600  __STACK_END                                            
1     00000b00  _AdcaResultRegs                                        
1     00000b20  _AdcbResultRegs                                        
1     00000b40  _AdccResultRegs                                        
1     00000b60  _AdcdResultRegs                                        
1     00000c00  _CpuTimer0Regs                                         
1     00000c08  _CpuTimer1Regs                                         
1     00000c10  _CpuTimer2Regs                                         
1     00000ce0  _PieCtrlRegs                                           
1     00001000  _DmaRegs                                               
1     00001400  _Cla1Regs                                              
1     00004000  _EPwm1Regs                                             
1     00004100  _EPwm2Regs                                             
1     00004200  _EPwm3Regs                                             
1     00004300  _EPwm4Regs                                             
1     00004400  _EPwm5Regs                                             
1     00004500  _EPwm6Regs                                             
1     00004600  _EPwm7Regs                                             
1     00004700  _EPwm8Regs                                             
1     00004800  _EPwm9Regs                                             
1     00004900  _EPwm10Regs                                            
1     00004a00  _EPwm11Regs                                            
1     00004b00  _EPwm12Regs                                            
1     00005000  _ECap1Regs                                             
1     00005020  _ECap2Regs                                             
1     00005040  _ECap3Regs                                             
1     00005060  _ECap4Regs                                             
1     00005080  _ECap5Regs                                             
1     000050a0  _ECap6Regs                                             
1     00005100  _EQep1Regs                                             
1     00005140  _EQep2Regs                                             
1     00005180  _EQep3Regs                                             
1     00005c00  _DacaRegs                                              
1     00005c10  _DacbRegs                                              
1     00005c20  _DaccRegs                                              
1     00005c80  _Cmpss1Regs                                            
1     00005ca0  _Cmpss2Regs                                            
1     00005cc0  _Cmpss3Regs                                            
1     00005ce0  _Cmpss4Regs                                            
1     00005d00  _Cmpss5Regs                                            
1     00005d20  _Cmpss6Regs                                            
1     00005d40  _Cmpss7Regs                                            
1     00005d60  _Cmpss8Regs                                            
1     00005e00  _Sdfm1Regs                                             
1     00005e80  _Sdfm2Regs                                             
1     00006000  _McbspaRegs                                            
1     00006040  _McbspbRegs                                            
1     00006100  _SpiaRegs                                              
1     00006110  _SpibRegs                                              
1     00006120  _SpicRegs                                              
1     00006200  _UppRegs                                               
1     00007000  _WdRegs                                                
1     00007060  _NmiIntruptRegs                                        
1     00007070  _XintRegs                                              
1     00007200  _SciaRegs                                              
1     00007210  _ScibRegs                                              
1     00007220  _ScicRegs                                              
1     00007230  _ScidRegs                                              
1     00007300  _I2caRegs                                              
1     00007340  _I2cbRegs                                              
1     00007400  _AdcaRegs                                              
1     00007480  _AdcbRegs                                              
1     00007500  _AdccRegs                                              
1     00007580  _AdcdRegs                                              
1     00007900  _InputXbarRegs                                         
1     00007920  _XbarRegs                                              
1     00007940  _SyncSocRegs                                           
1     00007980  _DmaClaSrcSelRegs                                      
1     00007a00  _EPwmXbarRegs                                          
1     00007a80  _OutputXbarRegs                                        
1     00007c00  _GpioCtrlRegs                                          
1     00007f00  _GpioDataRegs                                          
1     0000a800  _noisePeriodTableNtsc                                  
1     0000a810  _pulseSteps                                            
1     0000a840  _lengthTable                                           
1     0000a860  _triangleSteps                                         
1     0000a8d4  _CpuTimer1                                             
1     0000a8dc  _CpuTimer2                                             
1     0000a8e4  _CpuTimer0                                             
1     0000a8ec  _even                                                  
1     0000a8ee  _wait                                                  
1     0000a8f0  _sample                                                
1     0000a8f2  _cyclesToProcess                                       
1     0000a8f4  _index                                                 
1     0000a8f6  _tempSensor_tempOffset                                 
1     0000a8f8  _tempSensor_scaleFactor                                
1     0000a8fa  _tempSensor_tempSlope                                  
1     0000a8fc  __lock                                                 
1     0000a8fe  __unlock                                               
1     0000a900  _SCI                                                   
1     0000a904  _MCBSP                                                 
1     0000a908  _I2C                                                   
1     0000a90c  _SDFM                                                  
1     0000a912  _EQEP                                                  
1     0000a91a  _SPI                                                   
1     0000a922  _ADC                                                   
1     0000a92c  _ECAP                                                  
1     0000a940  _EPWM                                                  
1     0000a95a  _TRIP_SEL                                              
1     0000a978  ___TI_enable_exit_profile_output                       
1     0000a97a  ___TI_cleanup_ptr                                      
1     0000a97c  ___TI_dtors_ptr                                        
1     0000a97e  _deviceOpen                                            
1     0003fc00  _g_asIPCCPU1toCPU2Buffers                              
1     0003fc80  _g_usPutWriteIndexes                                   
1     0003fc84  _g_usGetReadIndexes                                    
1     00047000  _Emif1Regs                                             
1     00047800  _Emif2Regs                                             
1     00048000  _CanaRegs                                              
1     0004a000  _CanbRegs                                              
1     00050000  _IpcRegs                                               
1     00050024  _FlashPumpSemaphoreRegs                                
1     0005d000  _DevCfgRegs                                            
1     0005d180  _AnalogSubsysRegs                                      
1     0005d200  _ClkCfgRegs                                            
1     0005d300  _CpuSysRegs                                            
1     0005e608  _RomPrefetchRegs                                       
1     0005f000  _DcsmZ1Regs                                            
1     0005f040  _DcsmZ2Regs                                            
1     0005f070  _DcsmCommonRegs                                        
1     0005f400  _MemCfgRegs                                            
1     0005f480  _Emif1ConfigRegs                                       
1     0005f4a0  _Emif2ConfigRegs                                       
1     0005f4c0  _AccessProtectionRegs                                  
1     0005f500  _MemoryErrorRegs                                       
1     0005f540  _RomWaitStateRegs                                      
1     0005f800  _Flash0CtrlRegs                                        
1     0005fb00  _Flash0EccRegs                                         
1     00078000  _DcsmZ1Otp                                             
1     00078200  _DcsmZ2Otp                                             
abs   0000003b  _RamfuncsLoadSize                                      
abs   0000003b  _RamfuncsRunSize                                       
abs   00000200  __STACK_SIZE                                           
abs   ffffffff  .text                                                  
abs   ffffffff  ___TI_pprof_out_hndl                                   
abs   ffffffff  ___TI_prof_data_size                                   
abs   ffffffff  ___TI_prof_data_start                                  
abs   ffffffff  ___binit__                                             
abs   ffffffff  ___c_args__                                            
abs   ffffffff  ___etext__                                             
abs   ffffffff  ___pinit__                                             
abs   ffffffff  ___text__                                              
abs   ffffffff  binit                                                  
abs   ffffffff  etext                                                  
abs   ffffffff  pinit                                                  

[687 symbols]
